Component: Arm Compiler for Embedded 6.24 Tool: armlink [5f371500]

==============================================================================

Section Cross References

    main.o(.text.main) refers to cpu.o(.text.cpu_config) for cpu_config
    main.o(.text.main) refers to driver.o(.text.driver_search_device) for driver_search_device
    main.o(.text.main) refers to app_foc.o(.text.app_foc_init) for app_foc_init
    main.o(.ARM.exidx.text.main) refers to main.o(.text.main) for [Anonymous Symbol]
    cpu.o(.text.cpu_config) refers to stm32h7xx_hal.o(.text.HAL_Init) for HAL_Init
    cpu.o(.text.cpu_config) refers to cpu.o(.text.SystemClock_Config) for SystemClock_Config
    cpu.o(.text.cpu_config) refers to cpu.o(.text.enable_irq) for enable_irq
    cpu.o(.text.cpu_config) refers to system_stm32h7xx.o(.data.SystemCoreClock) for SystemCoreClock
    cpu.o(.text.cpu_config) refers to cpu.o(.text.SysTick_Config) for SysTick_Config
    cpu.o(.text.cpu_config) refers to cpu.o(.bss.uuid) for uuid
    cpu.o(.ARM.exidx.text.cpu_config) refers to cpu.o(.text.cpu_config) for [Anonymous Symbol]
    cpu.o(.text.SystemClock_Config) refers to rt_memclr_w.o(.text) for __aeabi_memclr4
    cpu.o(.text.SystemClock_Config) refers to stm32h7xx_hal_pwr_ex.o(.text.HAL_PWREx_ConfigSupply) for HAL_PWREx_ConfigSupply
    cpu.o(.text.SystemClock_Config) refers to stm32h7xx_hal_rcc.o(.text.HAL_RCC_OscConfig) for HAL_RCC_OscConfig
    cpu.o(.text.SystemClock_Config) refers to cpu.o(.text._cpu_error_handler) for _cpu_error_handler
    cpu.o(.text.SystemClock_Config) refers to stm32h7xx_hal_rcc.o(.text.HAL_RCC_ClockConfig) for HAL_RCC_ClockConfig
    cpu.o(.ARM.exidx.text.SystemClock_Config) refers to cpu.o(.text.SystemClock_Config) for [Anonymous Symbol]
    cpu.o(.text.enable_irq) refers to cpu.o(.bss.s_critical_depth) for s_critical_depth
    cpu.o(.ARM.exidx.text.enable_irq) refers to cpu.o(.text.enable_irq) for [Anonymous Symbol]
    cpu.o(.text.SysTick_Config) refers to cpu.o(.text.__NVIC_SetPriority) for __NVIC_SetPriority
    cpu.o(.ARM.exidx.text.SysTick_Config) refers to cpu.o(.text.SysTick_Config) for [Anonymous Symbol]
    cpu.o(.text.cpu_reset) refers to cpu.o(.text.__NVIC_SystemReset) for __NVIC_SystemReset
    cpu.o(.ARM.exidx.text.cpu_reset) refers to cpu.o(.text.cpu_reset) for [Anonymous Symbol]
    cpu.o(.ARM.exidx.text.__NVIC_SystemReset) refers to cpu.o(.text.__NVIC_SystemReset) for [Anonymous Symbol]
    cpu.o(.text.cpu_get_uuid) refers to rt_memcpy_v6.o(.text) for __aeabi_memcpy
    cpu.o(.ARM.exidx.text.cpu_get_uuid) refers to cpu.o(.text.cpu_get_uuid) for [Anonymous Symbol]
    cpu.o(.ARM.exidx.text.udelay) refers to cpu.o(.text.udelay) for [Anonymous Symbol]
    cpu.o(.text.mdelay) refers to cpu.o(.text.udelay) for udelay
    cpu.o(.ARM.exidx.text.mdelay) refers to cpu.o(.text.mdelay) for [Anonymous Symbol]
    cpu.o(.text.tick_inc) refers to cpu.o(.bss.s_ticks) for s_ticks
    cpu.o(.ARM.exidx.text.tick_inc) refers to cpu.o(.text.tick_inc) for [Anonymous Symbol]
    cpu.o(.text.tick_get) refers to cpu.o(.bss.s_ticks) for s_ticks
    cpu.o(.ARM.exidx.text.tick_get) refers to cpu.o(.text.tick_get) for [Anonymous Symbol]
    cpu.o(.text.tick_get_from_isr) refers to cpu.o(.bss.s_ticks) for s_ticks
    cpu.o(.ARM.exidx.text.tick_get_from_isr) refers to cpu.o(.text.tick_get_from_isr) for [Anonymous Symbol]
    cpu.o(.text.disable_irq) refers to cpu.o(.bss.s_critical_depth) for s_critical_depth
    cpu.o(.ARM.exidx.text.disable_irq) refers to cpu.o(.text.disable_irq) for [Anonymous Symbol]
    cpu.o(.ARM.exidx.text.__NVIC_SetPriority) refers to cpu.o(.text.__NVIC_SetPriority) for [Anonymous Symbol]
    cpu.o(.ARM.exidx.text._cpu_error_handler) refers to cpu.o(.text._cpu_error_handler) for [Anonymous Symbol]
    stm32h7xx_it.o(.ARM.exidx.text.NMI_Handler) refers to stm32h7xx_it.o(.text.NMI_Handler) for [Anonymous Symbol]
    stm32h7xx_it.o(.ARM.exidx.text.HardFault_Handler) refers to stm32h7xx_it.o(.text.HardFault_Handler) for [Anonymous Symbol]
    stm32h7xx_it.o(.ARM.exidx.text.MemManage_Handler) refers to stm32h7xx_it.o(.text.MemManage_Handler) for [Anonymous Symbol]
    stm32h7xx_it.o(.ARM.exidx.text.BusFault_Handler) refers to stm32h7xx_it.o(.text.BusFault_Handler) for [Anonymous Symbol]
    stm32h7xx_it.o(.ARM.exidx.text.UsageFault_Handler) refers to stm32h7xx_it.o(.text.UsageFault_Handler) for [Anonymous Symbol]
    stm32h7xx_it.o(.ARM.exidx.text.SVC_Handler) refers to stm32h7xx_it.o(.text.SVC_Handler) for [Anonymous Symbol]
    stm32h7xx_it.o(.ARM.exidx.text.DebugMon_Handler) refers to stm32h7xx_it.o(.text.DebugMon_Handler) for [Anonymous Symbol]
    stm32h7xx_it.o(.ARM.exidx.text.PendSV_Handler) refers to stm32h7xx_it.o(.text.PendSV_Handler) for [Anonymous Symbol]
    stm32h7xx_it.o(.text.SysTick_Handler) refers to stm32h7xx_hal.o(.text.HAL_IncTick) for HAL_IncTick
    stm32h7xx_it.o(.text.SysTick_Handler) refers to cpu.o(.text.tick_inc) for tick_inc
[...]
    g_power_stage_profile                    0x24000050   Data          32  foc_port.o(.data.g_power_stage_profile)
    [Anonymous Symbol]                       0x24000050   Section        0  foc_port.o(.data.g_power_stage_profile)
    g_sensor_profile                         0x24000070   Data          20  foc_port.o(.data.g_sensor_profile)
    [Anonymous Symbol]                       0x24000070   Section        0  foc_port.o(.data.g_sensor_profile)
    .bss                                     0x24000090   Section       96  libspace.o(.bss)
    g_foc_port_hal_ops                       0x240000f0   Data          20  foc_port.o(.bss.g_foc_port_hal_ops)
    [Anonymous Symbol]                       0x240000f0   Section        0  foc_port.o(.bss.g_foc_port_hal_ops)
    ioctl_cbs                                0x2400022c   Data          32  analog.o(.bss.ioctl_cbs)
    [Anonymous Symbol]                       0x2400022c   Section        0  analog.o(.bss.ioctl_cbs)
    ioctl_cbs                                0x2400024c   Data          72  pwmc.o(.bss.ioctl_cbs)
    [Anonymous Symbol]                       0x2400024c   Section        0  pwmc.o(.bss.ioctl_cbs)
    s_critical_depth                         0x24000294   Data           4  cpu.o(.bss.s_critical_depth)
    [Anonymous Symbol]                       0x24000294   Section        0  cpu.o(.bss.s_critical_depth)
    s_motor_adc_desc                         0x24000298   Data          24  motor_adc.o(.bss.s_motor_adc_desc)
    [Anonymous Symbol]                       0x24000298   Section        0  motor_adc.o(.bss.s_motor_adc_desc)
    s_motor_pwm_desc                         0x240002b0   Data         120  motor_pwm.o(.bss.s_motor_pwm_desc)
    [Anonymous Symbol]                       0x240002b0   Section        0  motor_pwm.o(.bss.s_motor_pwm_desc)
    s_ticks                                  0x24000328   Data           8  cpu.o(.bss.s_ticks)
    [Anonymous Symbol]                       0x24000328   Section        0  cpu.o(.bss.s_ticks)
    uuid                                     0x24000330   Data          12  cpu.o(.bss.uuid)
    [Anonymous Symbol]                       0x24000330   Section        0  cpu.o(.bss.uuid)
    Heap_Mem                                 0x24000340   Data         512  startup_stm32h743xx.o(HEAP)
    HEAP                                     0x24000340   Section      512  startup_stm32h743xx.o(HEAP)
    Stack_Mem                                0x24000540   Data        1024  startup_stm32h743xx.o(STACK)
    STACK                                    0x24000540   Section     1024  startup_stm32h743xx.o(STACK)
    __initial_sp                             0x24000940   Data           0  startup_stm32h743xx.o(STACK)

    Global Symbols

    Symbol Name                              Value     Ov Type        Size  Object(Section)

    BuildAttributes$$THM_ISAv4$E$P$D$K$B$S$7EM$VFPv5_D16$PE$PLD8$A:L22UL41UL21$X:L11$S22US41US21$IEEE1$IW$~IW$USESV6$~STKCKD$USESV7$~SHL$OTIME$ROPI$IEEEX$EBA8$UX$STANDARDLIB$REQ8$PRES8$EABIv2 0x00000000   Number         0  anon$$obj.o ABSOLUTE
    __ARM_exceptions_init                     - Undefined Weak Reference
    __alloca_initialize                       - Undefined Weak Reference
    __arm_preinit_                            - Undefined Weak Reference
    __arm_relocate_pie_                       - Undefined Weak Reference
    __cxa_finalize                            - Undefined Weak Reference
    __rt_locale                               - Undefined Weak Reference
    __sigvec_lookup                           - Undefined Weak Reference
    _atexit_init                              - Undefined Weak Reference
    _call_atexit_fns                          - Undefined Weak Reference
    _clock_init                               - Undefined Weak Reference
    _fp_trap_init                             - Undefined Weak Reference
    _fp_trap_shutdown                         - Undefined Weak Reference
    _get_lc_collate                           - Undefined Weak Reference
    _get_lc_ctype                             - Undefined Weak Reference
    _get_lc_monetary                          - Undefined Weak Reference
    _get_lc_numeric                           - Undefined Weak Reference
    _get_lc_time                              - Undefined Weak Reference
    _getenv_init                              - Undefined Weak Reference
    _handle_redirection                       - Undefined Weak Reference
    _init_alloc                               - Undefined Weak Reference
    _init_user_alloc                          - Undefined Weak Reference
    _initio                                   - Undefined Weak Reference
    _rand_init                                - Undefined Weak Reference
    _signal_finish                            - Undefined Weak Reference
    _signal_init                              - Undefined Weak Reference
    _terminate_alloc                          - Undefined Weak Reference
    _terminate_user_alloc                     - Undefined Weak Reference
    _terminateio                              - Undefined Weak Reference
    __Vectors_Size                           0x00000298   Number         0  startup_stm32h743xx.o ABSOLUTE
    __Vectors                                0x08000000   Data           4  startup_stm32h743xx.o(RESET)
    __Vectors_End                            0x08000298   Data           0  startup_stm32h743xx.o(RESET)
    __main                                   0x08000299   Thumb Code     8  __main.o(!!!main)
    __scatterload                            0x080002a1   Thumb Code     0  __scatter.o(!!!scatter)
    __scatterload_rt2                        0x080002a1   Thumb Code    84  __scatter.o(!!!scatter)
    __scatterload_rt2_thumb_only             0x080002a1   Thumb Code     0  __scatter.o(!!!scatter)
    __scatterload_loop                       0x080002ab   Thumb Code     0  __scatter.o(!!!scatter)
    __decompress                             0x080002fd   Thumb Code    58  __dczerorl.o(!!dczerorl)
    __decompress0                            0x080002fd   Thumb Code     0  __dczerorl.o(!!dczerorl)
    __scatterload_copy                       0x08000339   Thumb Code    26  __scatter_copy.o(!!handler_copy)
    __scatterload_null                       0x08000355   Thumb Code     2  __scatter.o(!!handler_null)
    __scatterload_zeroinit                   0x08000359   Thumb Code    28  __scatter_zi.o(!!handler_zi)
    __rt_lib_init                            0x08000375   Thumb Code     0  libinit.o(.ARM.Collect$$libinit$$00000000)
    __rt_lib_init_fp_1                       0x08000377   Thumb Code     0  libinit2.o(.ARM.Collect$$libinit$$00000001)
    __rt_lib_init_alloca_1                   0x0800037b   Thumb Code     0  libinit2.o(.ARM.Collect$$libinit$$00000030)
    __rt_lib_init_argv_1                     0x0800037b   Thumb Code     0  libinit2.o(.ARM.Collect$$libinit$$0000002E)
    __rt_lib_init_atexit_1                   0x0800037b   Thumb Code     0  libinit2.o(.ARM.Collect$$libinit$$0000001D)
    __rt_lib_init_clock_1                    0x0800037b   Thumb Code     0  libinit2.o(.ARM.Collect$$libinit$$00000023)
    __rt_lib_init_cpp_2                      0x0800037b   Thumb Code     0  libinit2.o(.ARM.Collect$$libinit$$00000033)
    __rt_lib_init_exceptions_1               0x0800037b   Thumb Code     0  libinit2.o(.ARM.Collect$$libinit$$00000032)
    __rt_lib_init_fp_trap_1                  0x0800037b   Thumb Code     0  libinit2.o(.ARM.Collect$$libinit$$00000021)
    __rt_lib_init_getenv_1                   0x0800037b   Thumb Code     0  libinit2.o(.ARM.Collect$$libinit$$00000025)
    __rt_lib_init_heap_1                     0x0800037b   Thumb Code     0  libinit2.o(.ARM.Collect$$libinit$$0000000C)
    __rt_lib_init_lc_collate_1               0x0800037b   Thumb Code     0  libinit2.o(.ARM.Collect$$libinit$$00000013)
    __rt_lib_init_lc_ctype_1                 0x0800037b   Thumb Code     0  libinit2.o(.ARM.Collect$$libinit$$00000015)
    __rt_lib_init_lc_monetary_1              0x0800037b   Thumb Code     0  libinit2.o(.ARM.Collect$$libinit$$00000017)
    __rt_lib_init_lc_numeric_1               0x0800037b   Thumb Code     0  libinit2.o(.ARM.Collect$$libinit$$00000019)
    __rt_lib_init_lc_time_1                  0x0800037b   Thumb Code     0  libinit2.o(.ARM.Collect$$libinit$$0000001B)
    __rt_lib_init_preinit_1                  0x0800037b   Thumb Code     0  libinit2.o(.ARM.Collect$$libinit$$00000006)
    __rt_lib_init_rand_1                     0x0800037b   Thumb Code     0  libinit2.o(.ARM.Collect$$libinit$$00000010)
    __rt_lib_init_relocate_pie_1             0x0800037b   Thumb Code     0  libinit2.o(.ARM.Collect$$libinit$$00000004)
    __rt_lib_init_signal_1                   0x0800037b   Thumb Code     0  libinit2.o(.ARM.Collect$$libinit$$0000001F)
    __rt_lib_init_stdio_1                    0x0800037b   Thumb Code     0  libinit2.o(.ARM.Collect$$libinit$$00000027)
    __rt_lib_init_user_alloc_1               0x0800037b   Thumb Code     0  libinit2.o(.ARM.Collect$$libinit$$0000000E)
    __rt_lib_init_cpp_1                      0x0800037f   Thumb Code     0  libinit2.o(.ARM.Collect$$libinit$$00000034)
    __rt_lib_init_return                     0x0800037f   Thumb Code     0  libinit2.o(.ARM.Collect$$libinit$$00000035)
    __rt_lib_shutdown                        0x08000381   Thumb Code     0  libshutdown.o(.ARM.Collect$$libshutdown$$00000000)
    __rt_lib_shutdown_cpp_1                  0x08000383   Thumb Code     0  libshutdown2.o(.ARM.Collect$$libshutdown$$00000002)
    __rt_lib_shutdown_fp_trap_1              0x08000383   Thumb Code     0  libshutdown2.o(.ARM.Collect$$libshutdown$$00000007)
    __rt_lib_shutdown_heap_1                 0x08000383   Thumb Code     0  libshutdown2.o(.ARM.Collect$$libshutdown$$0000000F)
    __rt_lib_shutdown_return                 0x08000383   Thumb Code     0  libshutdown2.o(.ARM.Collect$$libshutdown$$00000010)
    __rt_lib_shutdown_signal_1               0x08000383   Thumb Code     0  libshutdown2.o(.ARM.Collect$$libshutdown$$0000000A)
    __rt_lib_shutdown_stdio_1                0x08000383   Thumb Code     0  libshutdown2.o(.ARM.Collect$$libshutdown$$00000004)
    __rt_lib_shutdown_user_alloc_1           0x08000383   Thumb Code     0  libshutdown2.o(.ARM.Collect$$libshutdown$$0000000C)
    __rt_entry                               0x08000385   Thumb Code     0  __rtentry.o(.ARM.Collect$$rtentry$$00000000)
    __rt_entry_presh_1                       0x08000385   Thumb Code     0  __rtentry2.o(.ARM.Collect$$rtentry$$00000002)
    __rt_entry_sh                            0x08000385   Thumb Code     0  __rtentry4.o(.ARM.Collect$$rtentry$$00000004)
    __rt_entry_li                            0x0800038b   Thumb Code     0  __rtentry2.o(.ARM.Collect$$rtentry$$0000000A)
    __rt_entry_postsh_1                      0x0800038b   Thumb Code     0  __rtentry2.o(.ARM.Collect$$rtentry$$00000009)
    __rt_entry_main                          0x0800038f   Thumb Code     0  __rtentry2.o(.ARM.Collect$$rtentry$$0000000D)
    __rt_entry_postli_1                      0x0800038f   Thumb Code     0  __rtentry2.o(.ARM.Collect$$rtentry$$0000000C)
    __rt_exit                                0x08000397   Thumb Code     0  rtexit.o(.ARM.Collect$$rtexit$$00000000)
    __rt_exit_ls                             0x08000399   Thumb Code     0  rtexit2.o(.ARM.Collect$$rtexit$$00000003)
    __rt_exit_prels_1                        0x08000399   Thumb Code     0  rtexit2.o(.ARM.Collect$$rtexit$$00000002)
    __rt_exit_exit                           0x0800039d   Thumb Code     0  rtexit2.o(.ARM.Collect$$rtexit$$00000004)
    Reset_Handler                            0x080003a5   Thumb Code    12  startup_stm32h743xx.o(.text)
    ADC3_IRQHandler                          0x080003c3   Thumb Code     0  startup_stm32h743xx.o(.text)
    ADC_IRQHandler                           0x080003c3   Thumb Code     0  startup_stm32h743xx.o(.text)
    BDMA_Channel0_IRQHandler                 0x080003c3   Thumb Code     0  startup_stm32h743xx.o(.text)
    BDMA_Channel1_IRQHandler                 0x080003c3   Thumb Code     0  startup_stm32h743xx.o(.text)
    BDMA_Channel2_IRQHandler                 0x080003c3   Thumb Code     0  startup_stm32h743xx.o(.text)
    BDMA_Channel3_IRQHandler                 0x080003c3   Thumb Code     0  startup_stm32h743xx.o(.text)
    BDMA_Channel4_IRQHandler                 0x080003c3   Thumb Code     0  startup_stm32h743xx.o(.text)
    BDMA_Channel5_IRQHandler                 0x080003c3   Thumb Code     0  startup_stm32h743xx.o(.text)
    BDMA_Channel6_IRQHandler                 0x080003c3   Thumb Code     0  startup_stm32h743xx.o(.text)
    BDMA_Channel7_IRQHandler                 0x080003c3   Thumb Code     0  startup_stm32h743xx.o(.text)
    CEC_IRQHandler                           0x080003c3   Thumb Code     0  startup_stm32h743xx.o(.text)
    COMP1_IRQHandler                         0x080003c3   Thumb Code     0  startup_stm32h743xx.o(.text)
    CRS_IRQHandler                           0x080003c3   Thumb Code     0  startup_stm32h743xx.o(.text)
    DCMI_IRQHandler                          0x080003c3   Thumb Code     0  startup_stm32h743xx.o(.text)
    DFSDM1_FLT0_IRQHandler                   0x080003c3   Thumb Code     0  startup_stm32h743xx.o(.text)
    DFSDM1_FLT1_IRQHandler                   0x080003c3   Thumb Code     0  startup_stm32h743xx.o(.text)
    DFSDM1_FLT2_IRQHandler                   0x080003c3   Thumb Code     0  startup_stm32h743xx.o(.text)
    DFSDM1_FLT3_IRQHandler                   0x080003c3   Thumb Code     0  startup_stm32h743xx.o(.text)
    DMA1_Stream1_IRQHandler                  0x080003c3   Thumb Code     0  startup_stm32h743xx.o(.text)
    DMA1_Stream2_IRQHandler                  0x080003c3   Thumb Code     0  startup_stm32h743xx.o(.text)
    DMA1_Stream3_IRQHandler                  0x080003c3   Thumb Code     0  startup_stm32h743xx.o(.text)
    DMA1_Stream4_IRQHandler                  0x080003c3   Thumb Code     0  startup_stm32h743xx.o(.text)
    DMA1_Stream5_IRQHandler                  0x080003c3   Thumb Code     0  startup_stm32h743xx.o(.text)
    DMA1_Stream6_IRQHandler                  0x080003c3   Thumb Code     0  startup_stm32h743xx.o(.text)
    DMA1_Stream7_IRQHandler                  0x080003c3   Thumb Code     0  startup_stm32h743xx.o(.text)
    DMA2D_IRQHandler                         0x080003c3   Thumb Code     0  startup_stm32h743xx.o(.text)
    DMA2_Stream0_IRQHandler                  0x080003c3   Thumb Code     0  startup_stm32h743xx.o(.text)
    DMA2_Stream1_IRQHandler                  0x080003c3   Thumb Code     0  startup_stm32h743xx.o(.text)
    DMA2_Stream2_IRQHandler                  0x080003c3   Thumb Code     0  startup_stm32h743xx.o(.text)
    DMA2_Stream3_IRQHandler                  0x080003c3   Thumb Code     0  startup_stm32h743xx.o(.text)
    DMA2_Stream4_IRQHandler                  0x080003c3   Thumb Code     0  startup_stm32h743xx.o(.text)
    DMA2_Stream5_IRQHandler                  0x080003c3   Thumb Code     0  startup_stm32h743xx.o(.text)
    DMA2_Stream6_IRQHandler                  0x080003c3   Thumb Code     0  startup_stm32h743xx.o(.text)
    DMA2_Stream7_IRQHandler                  0x080003c3   Thumb Code     0  startup_stm32h743xx.o(.text)
    DMAMUX1_OVR_IRQHandler                   0x080003c3   Thumb Code     0  startup_stm32h743xx.o(.text)
    DMAMUX2_OVR_IRQHandler                   0x080003c3   Thumb Code     0  startup_stm32h743xx.o(.text)
    ECC_IRQHandler                           0x080003c3   Thumb Code     0  startup_stm32h743xx.o(.text)
    ETH_IRQHandler                           0x080003c3   Thumb Code     0  startup_stm32h743xx.o(.text)
    ETH_WKUP_IRQHandler                      0x080003c3   Thumb Code     0  startup_stm32h743xx.o(.text)
    EXTI0_IRQHandler                         0x080003c3   Thumb Code     0  startup_stm32h743xx.o(.text)
    EXTI15_10_IRQHandler                     0x080003c3   Thumb Code     0  startup_stm32h743xx.o(.text)
    EXTI1_IRQHandler                         0x080003c3   Thumb Code     0  startup_stm32h743xx.o(.text)
    EXTI2_IRQHandler                         0x080003c3   Thumb Code     0  startup_stm32h743xx.o(.text)
    EXTI3_IRQHandler                         0x080003c3   Thumb Code     0  startup_stm32h743xx.o(.text)
    EXTI4_IRQHandler                         0x080003c3   Thumb Code     0  startup_stm32h743xx.o(.text)
    EXTI9_5_IRQHandler                       0x080003c3   Thumb Code     0  startup_stm32h743xx.o(.text)
    FDCAN1_IT0_IRQHandler                    0x080003c3   Thumb Code     0  startup_stm32h743xx.o(.text)
    FDCAN1_IT1_IRQHandler                    0x080003c3   Thumb Code     0  startup_stm32h743xx.o(.text)
    FDCAN2_IT0_IRQHandler                    0x080003c3   Thumb Code     0  startup_stm32h743xx.o(.text)
    FDCAN2_IT1_IRQHandler                    0x080003c3   Thumb Code     0  startup_stm32h743xx.o(.text)
    FDCAN_CAL_IRQHandler                     0x080003c3   Thumb Code     0  startup_stm32h743xx.o(.text)
    FLASH_IRQHandler                         0x080003c3   Thumb Code     0  startup_stm32h743xx.o(.text)
    FMC_IRQHandler                           0x080003c3   Thumb Code     0  startup_stm32h743xx.o(.text)
    FPU_IRQHandler                           0x080003c3   Thumb Code     0  startup_stm32h743xx.o(.text)
    HRTIM1_FLT_IRQHandler                    0x080003c3   Thumb Code     0  startup_stm32h743xx.o(.text)
    HRTIM1_Master_IRQHandler                 0x080003c3   Thumb Code     0  startup_stm32h743xx.o(.text)
    HRTIM1_TIMA_IRQHandler                   0x080003c3   Thumb Code     0  startup_stm32h743xx.o(.text)
    HRTIM1_TIMB_IRQHandler                   0x080003c3   Thumb Code     0  startup_stm32h743xx.o(.text)
    HRTIM1_TIMC_IRQHandler                   0x080003c3   Thumb Code     0  startup_stm32h743xx.o(.text)
    HRTIM1_TIMD_IRQHandler                   0x080003c3   Thumb Code     0  startup_stm32h743xx.o(.text)
    HRTIM1_TIME_IRQHandler                   0x080003c3   Thumb Code     0  startup_stm32h743xx.o(.text)
    HSEM1_IRQHandler                         0x080003c3   Thumb Code     0  startup_stm32h743xx.o(.text)
    I2C1_ER_IRQHandler                       0x080003c3   Thumb Code     0  startup_stm32h743xx.o(.text)
    I2C1_EV_IRQHandler                       0x080003c3   Thumb Code     0  startup_stm32h743xx.o(.text)
    I2C2_ER_IRQHandler                       0x080003c3   Thumb Code     0  startup_stm32h743xx.o(.text)
    I2C2_EV_IRQHandler                       0x080003c3   Thumb Code     0  startup_stm32h743xx.o(.text)
    I2C3_ER_IRQHandler                       0x080003c3   Thumb Code     0  startup_stm32h743xx.o(.text)
    I2C3_EV_IRQHandler                       0x080003c3   Thumb Code     0  startup_stm32h743xx.o(.text)
    I2C4_ER_IRQHandler                       0x080003c3   Thumb Code     0  startup_stm32h743xx.o(.text)
    I2C4_EV_IRQHandler                       0x080003c3   Thumb Code     0  startup_stm32h743xx.o(.text)
    JPEG_IRQHandler                          0x080003c3   Thumb Code     0  startup_stm32h743xx.o(.text)
    LPTIM1_IRQHandler                        0x080003c3   Thumb Code     0  startup_stm32h743xx.o(.text)
    LPTIM2_IRQHandler                        0x080003c3   Thumb Code     0  startup_stm32h743xx.o(.text)
    LPTIM3_IRQHandler                        0x080003c3   Thumb Code     0  startup_stm32h743xx.o(.text)
    LPTIM4_IRQHandler                        0x080003c3   Thumb Code     0  startup_stm32h743xx.o(.text)
    LPTIM5_IRQHandler                        0x080003c3   Thumb Code     0  startup_stm32h743xx.o(.text)
    LPUART1_IRQHandler                       0x080003c3   Thumb Code     0  startup_stm32h743xx.o(.text)
    LTDC_ER_IRQHandler                       0x080003c3   Thumb Code     0  startup_stm32h743xx.o(.text)
    LTDC_IRQHandler                          0x080003c3   Thumb Code     0  startup_stm32h743xx.o(.text)
    MDIOS_IRQHandler                         0x080003c3   Thumb Code     0  startup_stm32h743xx.o(.text)
    MDIOS_WKUP_IRQHandler                    0x080003c3   Thumb Code     0  startup_stm32h743xx.o(.text)
    MDMA_IRQHandler                          0x080003c3   Thumb Code     0  startup_stm32h743xx.o(.text)
    OTG_FS_EP1_IN_IRQHandler                 0x080003c3   Thumb Code     0  startup_stm32h743xx.o(.text)
    OTG_FS_EP1_OUT_IRQHandler                0x080003c3   Thumb Code     0  startup_stm32h743xx.o(.text)
    OTG_FS_IRQHandler                        0x080003c3   Thumb Code     0  startup_stm32h743xx.o(.text)
    OTG_FS_WKUP_IRQHandler                   0x080003c3   Thumb Code     0  startup_stm32h743xx.o(.text)
    OTG_HS_EP1_IN_IRQHandler                 0x080003c3   Thumb Code     0  startup_stm32h743xx.o(.text)
    OTG_HS_EP1_OUT_IRQHandler                0x080003c3   Thumb Code     0  startup_stm32h743xx.o(.text)
    OTG_HS_IRQHandler                        0x080003c3   Thumb Code     0  startup_stm32h743xx.o(.text)
    OTG_HS_WKUP_IRQHandler                   0x080003c3   Thumb Code     0  startup_stm32h743xx.o(.text)
    PVD_AVD_IRQHandler                       0x080003c3   Thumb Code     0  startup_stm32h743xx.o(.text)
    QUADSPI_IRQHandler                       0x080003c3   Thumb Code     0  startup_stm32h743xx.o(.text)
    RCC_IRQHandler                           0x080003c3   Thumb Code     0  startup_stm32h743xx.o(.text)
    RNG_IRQHandler                           0x080003c3   Thumb Code     0  startup_stm32h743xx.o(.text)
    RTC_Alarm_IRQHandler                     0x080003c3   Thumb Code     0  startup_stm32h743xx.o(.text)
    RTC_WKUP_IRQHandler                      0x080003c3   Thumb Code     0  startup_stm32h743xx.o(.text)
    SAI1_IRQHandler                          0x080003c3   Thumb Code     0  startup_stm32h743xx.o(.text)
    SAI2_IRQHandler                          0x080003c3   Thumb Code     0  startup_stm32h743xx.o(.text)
    SAI3_IRQHandler                          0x080003c3   Thumb Code     0  startup_stm32h743xx.o(.text)
    SAI4_IRQHandler                          0x080003c3   Thumb Code     0  startup_stm32h743xx.o(.text)
    SDMMC1_IRQHandler                        0x080003c3   Thumb Code     0  startup_stm32h743xx.o(.text)
    SDMMC2_IRQHandler                        0x080003c3   Thumb Code     0  startup_stm32h743xx.o(.text)
    SPDIF_RX_IRQHandler                      0x080003c3   Thumb Code     0  startup_stm32h743xx.o(.text)
    SPI1_IRQHandler                          0x080003c3   Thumb Code     0  startup_stm32h743xx.o(.text)
    SPI2_IRQHandler                          0x080003c3   Thumb Code     0  startup_stm32h743xx.o(.text)
    SPI3_IRQHandler                          0x080003c3   Thumb Code     0  startup_stm32h743xx.o(.text)
    SPI4_IRQHandler                          0x080003c3   Thumb Code     0  startup_stm32h743xx.o(.text)
    SPI5_IRQHandler                          0x080003c3   Thumb Code     0  startup_stm32h743xx.o(.text)
    SPI6_IRQHandler                          0x080003c3   Thumb Code     0  startup_stm32h743xx.o(.text)
    SWPMI1_IRQHandler                        0x080003c3   Thumb Code     0  startup_stm32h743xx.o(.text)
    TAMP_STAMP_IRQHandler                    0x080003c3   Thumb Code     0  startup_stm32h743xx.o(.text)
    TIM15_IRQHandler                         0x080003c3   Thumb Code     0  startup_stm32h743xx.o(.text)
    TIM16_IRQHandler                         0x080003c3   Thumb Code     0  startup_stm32h743xx.o(.text)
    TIM17_IRQHandler                         0x080003c3   Thumb Code     0  startup_stm32h743xx.o(.text)
    TIM1_BRK_IRQHandler                      0x080003c3   Thumb Code     0  startup_stm32h743xx.o(.text)
    TIM1_CC_IRQHandler                       0x080003c3   Thumb Code     0  startup_stm32h743xx.o(.text)
    TIM1_TRG_COM_IRQHandler                  0x080003c3   Thumb Code     0  startup_stm32h743xx.o(.text)
    TIM1_UP_IRQHandler                       0x080003c3   Thumb Code     0  startup_stm32h743xx.o(.text)
    TIM2_IRQHandler                          0x080003c3   Thumb Code     0  startup_stm32h743xx.o(.text)
    TIM3_IRQHandler                          0x080003c3   Thumb Code     0  startup_stm32h743xx.o(.text)
    TIM4_IRQHandler                          0x080003c3   Thumb Code     0  startup_stm32h743xx.o(.text)
    TIM5_IRQHandler                          0x080003c3   Thumb Code     0  startup_stm32h743xx.o(.text)
    TIM6_DAC_IRQHandler                      0x080003c3   Thumb Code     0  startup_stm32h743xx.o(.text)
    TIM7_IRQHandler                          0x080003c3   Thumb Code     0  startup_stm32h743xx.o(.text)
    TIM8_BRK_TIM12_IRQHandler                0x080003c3   Thumb Code     0  startup_stm32h743xx.o(.text)
    TIM8_CC_IRQHandler                       0x080003c3   Thumb Code     0  startup_stm32h743xx.o(.text)
    TIM8_TRG_COM_TIM14_IRQHandler            0x080003c3   Thumb Code     0  startup_stm32h743xx.o(.text)
    TIM8_UP_TIM13_IRQHandler                 0x080003c3   Thumb Code     0  startup_stm32h743xx.o(.text)
    UART4_IRQHandler                         0x080003c3   Thumb Code     0  startup_stm32h743xx.o(.text)
    UART5_IRQHandler                         0x080003c3   Thumb Code     0  startup_stm32h743xx.o(.text)
    UART7_IRQHandler                         0x080003c3   Thumb Code     0  startup_stm32h743xx.o(.text)
    UART8_IRQHandler                         0x080003c3   Thumb Code     0  startup_stm32h743xx.o(.text)
    USART1_IRQHandler                        0x080003c3   Thumb Code     0  startup_stm32h743xx.o(.text)
    USART2_IRQHandler                        0x080003c3   Thumb Code     0  startup_stm32h743xx.o(.text)
    USART3_IRQHandler                        0x080003c3   Thumb Code     0  startup_stm32h743xx.o(.text)
    USART6_IRQHandler                        0x080003c3   Thumb Code     0  startup_stm32h743xx.o(.text)
    WAKEUP_PIN_IRQHandler                    0x080003c3   Thumb Code     0  startup_stm32h743xx.o(.text)
    WWDG_IRQHandler                          0x080003c3   Thumb Code     0  startup_stm32h743xx.o(.text)
    __user_initial_stackheap                 0x080003c5   Thumb Code     0  startup_stm32h743xx.o(.text)
    strncmp                                  0x080003ed   Thumb Code   150  strncmp.o(.text)
    __aeabi_memclr4                          0x08000483   Thumb Code     0  rt_memclr_w.o(.text)
    __aeabi_memclr8                          0x08000483   Thumb Code     0  rt_memclr_w.o(.text)
    __rt_memclr_w                            0x08000483   Thumb Code     0  rt_memclr_w.o(.text)
    _memset_w                                0x08000487   Thumb Code    74  rt_memclr_w.o(.text)
    __use_two_region_memory                  0x080004d1   Thumb Code     2  heapauxi.o(.text)
    __rt_heap_escrow$2region                 0x080004d3   Thumb Code     2  heapauxi.o(.text)
    __rt_heap_expand$2region                 0x080004d5   Thumb Code     2  heapauxi.o(.text)
    __cpp_initialize__aeabi_                 0x080004d9   Thumb Code    36  init_aeabi.o(.text)
    __read_errno                             0x08000505   Thumb Code    10  _rserrno.o(.text)
    __set_errno                              0x0800050f   Thumb Code    12  _rserrno.o(.text)
    __aeabi_errno_addr                       0x0800051d   Thumb Code     8  rt_errno_addr_intlibspace.o(.text)
    __errno$intlibspace                      0x0800051d   Thumb Code     0  rt_errno_addr_intlibspace.o(.text)
    __rt_errno_addr$intlibspace              0x0800051d   Thumb Code     0  rt_errno_addr_intlibspace.o(.text)
    __user_libspace                          0x08000525   Thumb Code     8  libspace.o(.text)
    __user_perproc_libspace                  0x08000525   Thumb Code     0  libspace.o(.text)
    __user_perthread_libspace                0x08000525   Thumb Code     0  libspace.o(.text)
    __user_setup_stackheap                   0x0800052d   Thumb Code    74  sys_stackheap_outer.o(.text)
    exit                                     0x08000577   Thumb Code    18  exit.o(.text)
    _sys_exit                                0x08000589   Thumb Code     8  sys_exit.o(.text)
    __I$use$semihosting                      0x08000595   Thumb Code     0  use_no_semi.o(.text)
    __use_no_semihosting_swi                 0x08000595   Thumb Code     2  use_no_semi.o(.text)
    __semihosting_library_function           0x08000597   Thumb Code     0  indicate_semi.o(.text)
    ADC_ConfigureBoostMode                   0x08000599   Thumb Code   536  stm32h7xx_hal_adc.o(.text.ADC_ConfigureBoostMode)
    ADC_DMAConvCplt                          0x080007b1   Thumb Code   210  stm32h7xx_hal_adc.o(.text.ADC_DMAConvCplt)
    ADC_DMAError                             0x08000889   Thumb Code    42  stm32h7xx_hal_adc.o(.text.ADC_DMAError)
    ADC_DMAHalfConvCplt                      0x080008b9   Thumb Code    22  stm32h7xx_hal_adc.o(.text.ADC_DMAHalfConvCplt)
    ADC_Disable                              0x080008d1   Thumb Code   196  stm32h7xx_hal_adc.o(.text.ADC_Disable)
    ADC_Enable                               0x08000999   Thumb Code   328  stm32h7xx_hal_adc.o(.text.ADC_Enable)
    BusFault_Handler                         0x08000ae1   Thumb Code     4  stm32h7xx_it.o(.text.BusFault_Handler)
    DMA1_Stream0_IRQHandler                  0x08000ae9   Thumb Code    16  stm32h7xx_it.o(.text.DMA1_Stream0_IRQHandler)
    DebugMon_Handler                         0x08001579   Thumb Code     2  stm32h7xx_it.o(.text.DebugMon_Handler)
    ExitRun0Mode                             0x08001581   Thumb Code     2  system_stm32h7xx.o(.text.ExitRun0Mode)
    HAL_ADCEx_Calibration_Start              0x08001589   Thumb Code   228  stm32h7xx_hal_adc_ex.o(.text.HAL_ADCEx_Calibration_Start)
    HAL_ADCEx_MultiModeConfigChannel         0x08001671   Thumb Code   658  stm32h7xx_hal_adc_ex.o(.text.HAL_ADCEx_MultiModeConfigChannel)
    HAL_ADC_ConfigChannel                    0x08001909   Thumb Code  2162  stm32h7xx_hal_adc.o(.text.HAL_ADC_ConfigChannel)
    HAL_ADC_ConvCpltCallback                 0x08002181   Thumb Code    64  motor_adc.o(.text.HAL_ADC_ConvCpltCallback)
    HAL_ADC_ConvHalfCpltCallback             0x080021c1   Thumb Code     8  stm32h7xx_hal_adc.o(.text.HAL_ADC_ConvHalfCpltCallback)
    HAL_ADC_ErrorCallback                    0x080021c9   Thumb Code     8  stm32h7xx_hal_adc.o(.text.HAL_ADC_ErrorCallback)
    HAL_ADC_Init                             0x080021d1   Thumb Code   968  stm32h7xx_hal_adc.o(.text.HAL_ADC_Init)
    HAL_ADC_MspInit                          0x08002599   Thumb Code   326  motor_adc.o(.text.HAL_ADC_MspInit)
    HAL_ADC_Start_DMA                        0x080026e1   Thumb Code   482  stm32h7xx_hal_adc.o(.text.HAL_ADC_Start_DMA)
    HAL_DMA_IRQHandler                       0x080028c9   Thumb Code  4544  stm32h7xx_hal_dma.o(.text.HAL_DMA_IRQHandler)
    HAL_GPIO_Init                            0x08003a89   Thumb Code   964  stm32h7xx_hal_gpio.o(.text.HAL_GPIO_Init)
    HAL_GPIO_TogglePin                       0x08003e51   Thumb Code    38  stm32h7xx_hal_gpio.o(.text.HAL_GPIO_TogglePin)
    HAL_GPIO_WritePin                        0x08003e79   Thumb Code    46  stm32h7xx_hal_gpio.o(.text.HAL_GPIO_WritePin)
    HAL_GetREVID                             0x08003ea9   Thumb Code    14  stm32h7xx_hal.o(.text.HAL_GetREVID)
    HAL_GetTick                              0x08003eb9   Thumb Code    12  stm32h7xx_hal.o(.text.HAL_GetTick)
    HAL_IncTick                              0x08003ec9   Thumb Code    26  stm32h7xx_hal.o(.text.HAL_IncTick)
    HAL_Init                                 0x08003ee9   Thumb Code   124  stm32h7xx_hal.o(.text.HAL_Init)
    HAL_InitTick                             0x08003f69   Thumb Code   134  stm32h7xx_hal.o(.text.HAL_InitTick)
    HAL_MspInit                              0x08003ff1   Thumb Code     2  stm32h7xx_hal.o(.text.HAL_MspInit)
    HardFault_Handler                        0x08003ff9   Thumb Code     4  stm32h7xx_it.o(.text.HardFault_Handler)
    __I$use$fp                               0x08003ffc   Number         0  usenofp.o(x$fpl$usenofp)
    sys_Version                              0x08004000   Data          37  cpu.o(.ARM.__at_0x08004000)
    HAL_DMA_Init                             0x08004029   Thumb Code  2402  stm32h7xx_hal_dma.o(.text.HAL_DMA_Init)
    HAL_DMA_Start_IT                         0x08004991   Thumb Code  1794  stm32h7xx_hal_dma.o(.text.HAL_DMA_Start_IT)
    HAL_NVIC_EnableIRQ                       0x08005099   Thumb Code    20  stm32h7xx_hal_cortex.o(.text.HAL_NVIC_EnableIRQ)
    HAL_NVIC_SetPriority                     0x080050b1   Thumb Code    46  stm32h7xx_hal_cortex.o(.text.HAL_NVIC_SetPriority)
    HAL_NVIC_SetPriorityGrouping             0x080050e1   Thumb Code    16  stm32h7xx_hal_cortex.o(.text.HAL_NVIC_SetPriorityGrouping)
    HAL_PWREx_ConfigSupply                   0x080050f1   Thumb Code   162  stm32h7xx_hal_pwr_ex.o(.text.HAL_PWREx_ConfigSupply)
    HAL_RCCEx_GetD3PCLK1Freq                 0x08005199   Thumb Code    40  stm32h7xx_hal_rcc_ex.o(.text.HAL_RCCEx_GetD3PCLK1Freq)
    HAL_RCCEx_GetPLL1ClockFreq               0x080051c1   Thumb Code   648  stm32h7xx_hal_rcc_ex.o(.text.HAL_RCCEx_GetPLL1ClockFreq)
    HAL_RCCEx_GetPLL2ClockFreq               0x08005459   Thumb Code   648  stm32h7xx_hal_rcc_ex.o(.text.HAL_RCCEx_GetPLL2ClockFreq)
    HAL_RCCEx_GetPLL3ClockFreq               0x080056f1   Thumb Code   648  stm32h7xx_hal_rcc_ex.o(.text.HAL_RCCEx_GetPLL3ClockFreq)
    HAL_RCCEx_GetPeriphCLKFreq               0x08005989   Thumb Code  3146  stm32h7xx_hal_rcc_ex.o(.text.HAL_RCCEx_GetPeriphCLKFreq)
    HAL_RCCEx_PeriphCLKConfig                0x080065d9   Thumb Code  4256  stm32h7xx_hal_rcc_ex.o(.text.HAL_RCCEx_PeriphCLKConfig)
    HAL_RCC_ClockConfig                      0x08007679   Thumb Code  1178  stm32h7xx_hal_rcc.o(.text.HAL_RCC_ClockConfig)
    HAL_RCC_GetHCLKFreq                      0x08007b19   Thumb Code    88  stm32h7xx_hal_rcc.o(.text.HAL_RCC_GetHCLKFreq)
    HAL_RCC_GetPCLK1Freq                     0x08007b71   Thumb Code    40  stm32h7xx_hal_rcc.o(.text.HAL_RCC_GetPCLK1Freq)
    HAL_RCC_GetSysClockFreq                  0x08007b99   Thumb Code   748  stm32h7xx_hal_rcc.o(.text.HAL_RCC_GetSysClockFreq)
    HAL_RCC_OscConfig                        0x08007e99   Thumb Code  2904  stm32h7xx_hal_rcc.o(.text.HAL_RCC_OscConfig)
    HAL_SYSCFG_AnalogSwitchConfig            0x080089f1   Thumb Code    30  stm32h7xx_hal.o(.text.HAL_SYSCFG_AnalogSwitchConfig)
    HAL_SYSTICK_Config                       0x08008a11   Thumb Code    16  stm32h7xx_hal_cortex.o(.text.HAL_SYSTICK_Config)
    HAL_TIMEx_ConfigBreakDeadTime            0x08008a21   Thumb Code   274  stm32h7xx_hal_tim_ex.o(.text.HAL_TIMEx_ConfigBreakDeadTime)
    HAL_TIMEx_MasterConfigSynchronization    0x08008b39   Thumb Code   344  stm32h7xx_hal_tim_ex.o(.text.HAL_TIMEx_MasterConfigSynchronization)
    HAL_TIMEx_PWMN_Start                     0x08008c91   Thumb Code   416  stm32h7xx_hal_tim_ex.o(.text.HAL_TIMEx_PWMN_Start)
    HAL_TIM_PWM_ConfigChannel                0x08008f21   Thumb Code   432  stm32h7xx_hal_tim.o(.text.HAL_TIM_PWM_ConfigChannel)
    HAL_TIM_PWM_Init                         0x080090d1   Thumb Code   168  stm32h7xx_hal_tim.o(.text.HAL_TIM_PWM_Init)
    HAL_TIM_PWM_MspInit                      0x08009179   Thumb Code    56  motor_pwm.o(.text.HAL_TIM_PWM_MspInit)
    HAL_TIM_PWM_Start                        0x080091b1   Thumb Code   638  stm32h7xx_hal_tim.o(.text.HAL_TIM_PWM_Start)
    MemManage_Handler                        0x080097c1   Thumb Code     4  stm32h7xx_it.o(.text.MemManage_Handler)
    NMI_Handler                              0x080097c9   Thumb Code     2  stm32h7xx_it.o(.text.NMI_Handler)
    PendSV_Handler                           0x08009841   Thumb Code     2  stm32h7xx_it.o(.text.PendSV_Handler)
    SVC_Handler                              0x08009be9   Thumb Code     2  stm32h7xx_it.o(.text.SVC_Handler)
    SysTick_Handler                          0x08009ca1   Thumb Code    12  stm32h7xx_it.o(.text.SysTick_Handler)
    SystemInit                               0x08009d99   Thumb Code   396  system_stm32h7xx.o(.text.SystemInit)
    TIM_Base_SetConfig                       0x08009f29   Thumb Code   420  stm32h7xx_hal_tim.o(.text.TIM_Base_SetConfig)
    TIM_CCxChannelCmd                        0x0800a0d1   Thumb Code    54  stm32h7xx_hal_tim.o(.text.TIM_CCxChannelCmd)
    TIM_OC2_SetConfig                        0x0800a291   Thumb Code   364  stm32h7xx_hal_tim.o(.text.TIM_OC2_SetConfig)
    UsageFault_Handler                       0x0800a7f9   Thumb Code     4  stm32h7xx_it.o(.text.UsageFault_Handler)
    app_foc_init                             0x0800bb19   Thumb Code   288  app_foc.o(.text.app_foc_init)
    cpu_config                               0x0800bc39   Thumb Code   124  cpu.o(.text.cpu_config)
    device_close                             0x0800bcb9   Thumb Code   106  device.o(.text.device_close)
    device_ioctl                             0x0800bd29   Thumb Code    64  device.o(.text.device_ioctl)
    device_irq_process                       0x0800bd69   Thumb Code    70  device.o(.text.device_irq_process)
    device_open                              0x0800bdb1   Thumb Code   194  device.o(.text.device_open)
    driver_search_device                     0x0800be79   Thumb Code   132  driver.o(.text.driver_search_device)
    enable_irq                               0x0800bf01   Thumb Code    42  cpu.o(.text.enable_irq)
    foc_clarke                               0x0800bf61   Thumb Code    68  foc_transform.o(.text.foc_clarke)
    foc_ctrl_cfg_is_valid                    0x0800bfa9   Thumb Code    86  foc_profile.o(.text.foc_ctrl_cfg_is_valid)
    foc_inv_park                             0x0800c001   Thumb Code   120  foc_transform.o(.text.foc_inv_park)
    foc_park                                 0x0800c079   Thumb Code   120  foc_transform.o(.text.foc_park)
    foc_pi_init                              0x0800c0f1   Thumb Code    82  foc_pi.o(.text.foc_pi_init)
    foc_pi_run                               0x0800c149   Thumb Code   162  foc_pi.o(.text.foc_pi_run)
    foc_pi_set_output_limit                  0x0800c1f1   Thumb Code    58  foc_pi.o(.text.foc_pi_set_output_limit)
    foc_port_get_ctrl_cfg                    0x0800c231   Thumb Code    10  foc_port.o(.text.foc_port_get_ctrl_cfg)
    foc_port_get_hal_ops                     0x0800c241   Thumb Code    10  foc_port.o(.text.foc_port_get_hal_ops)
    foc_port_get_hal_user_data               0x0800c251   Thumb Code     4  foc_port.o(.text.foc_port_get_hal_user_data)
    foc_port_get_motor_profile               0x0800c259   Thumb Code    10  foc_port.o(.text.foc_port_get_motor_profile)
    foc_port_get_power_stage_profile         0x0800c269   Thumb Code    10  foc_port.o(.text.foc_port_get_power_stage_profile)
    foc_port_get_sensor_profile              0x0800c279   Thumb Code    10  foc_port.o(.text.foc_port_get_sensor_profile)
    foc_port_init                            0x0800c289   Thumb Code    92  foc_port.o(.text.foc_port_init)
    foc_svpwm_run                            0x0800c2e9   Thumb Code   340  foc_svpwm.o(.text.foc_svpwm_run)
    main                                     0x0800c479   Thumb Code    40  main.o(.text.main)
    motor_profile_is_valid                   0x0800c4a1   Thumb Code    74  foc_profile.o(.text.motor_profile_is_valid)
    pmsm_foc_current_loop                    0x0800c4f1   Thumb Code   306  pmsm_foc.o(.text.pmsm_foc_current_loop)
    pmsm_foc_init                            0x0800c629   Thumb Code   318  pmsm_foc.o(.text.pmsm_foc_init)
    power_stage_profile_is_valid             0x0800c769   Thumb Code    86  foc_profile.o(.text.power_stage_profile_is_valid)
    sensor_profile_is_valid                  0x0800ca29   Thumb Code    44  foc_profile.o(.text.sensor_profile_is_valid)
    tick_inc                                 0x0800ca59   Thumb Code    24  cpu.o(.text.tick_inc)
    __ARM_fpclassifyf                        0x0800ca71   Thumb Code    38  fpclassifyf.o(i.__ARM_fpclassifyf)
    __hardfp_cosf                            0x0800ca99   Thumb Code   280  cosf.o(i.__hardfp_cosf)
    __hardfp_sinf                            0x0800cbe9   Thumb Code   344  sinf.o(i.__hardfp_sinf)
    __mathlib_flt_infnan                     0x0800cd79   Thumb Code     6  funder.o(i.__mathlib_flt_infnan)
    __mathlib_flt_invalid                    0x0800cd81   Thumb Code    10  funder.o(i.__mathlib_flt_invalid)
    __mathlib_flt_underflow                  0x0800cd91   Thumb Code    10  funder.o(i.__mathlib_flt_underflow)
    __mathlib_rredf2                         0x0800cda1   Thumb Code   316  rredf.o(i.__mathlib_rredf2)
    _fp_init                                 0x0800cef5   Thumb Code    26  fpinit.o(x$fpl$fpinit)
    __fplib_config_fpu_vfp                   0x0800cf0d   Thumb Code     0  fpinit.o(x$fpl$fpinit)
    __fplib_config_pureend_doubles           0x0800cf0d   Thumb Code     0  fpinit.o(x$fpl$fpinit)
    D1CorePrescTable                         0x0800cf30   Data          16  system_stm32h7xx.o(.rodata.D1CorePrescTable)
    Region$$Table$$Base                      0x0800cf5c   Number         0  anon$$obj.o(Region$$Table)
    Region$$Table$$Limit                     0x0800cfbc   Number         0  anon$$obj.o(Region$$Table)
    SHT$$INIT_ARRAY$$Base                    0x0800cfbc   Number         0  foc_port.o(.init_array)
    SHT$$INIT_ARRAY$$Limit                   0x0800cfd0   Number         0  init_aeabi.o(.init_array)
    Image$$DEV_REGION$$Base                  0x20000000   Number         0  anon$$obj.o ABSOLUTE
    device_motor_adc                         0x20000000   Data          48  motor_adc.o(.dev_defined)
    device_motor_pwm                         0x20000030   Data          48  motor_pwm.o(.dev_defined)
    Image$$DEV_REGION$$Limit                 0x20000060   Number         0  anon$$obj.o ABSOLUTE
    Image$$DRV_REGION$$Base                  0x20000200   Number         0  anon$$obj.o ABSOLUTE
    driver_analog                            0x20000200   Data          36  analog.o(.drv_defined)
    driver_pwmc                              0x20000224   Data          36  pwmc.o(.drv_defined)
    Image$$DRV_REGION$$Limit                 0x20000248   Number         0  anon$$obj.o ABSOLUTE
    SystemCoreClock                          0x24000000   Data           4  system_stm32h7xx.o(.data.SystemCoreClock)
    SystemD2Clock                            0x24000004   Data           4  system_stm32h7xx.o(.data.SystemD2Clock)
    uwTickFreq                               0x24000084   Data           1  stm32h7xx_hal.o(.data.uwTickFreq)
    uwTickPrio                               0x24000088   Data           4  stm32h7xx_hal.o(.data.uwTickPrio)
    __libspace_start                         0x24000090   Data          96  libspace.o(.bss)
    __temporary_stack_top$libspace           0x240000f0   Data           0  libspace.o(.bss)
    hadc1                                    0x24000104   Data         100  motor_adc.o(.bss.hadc1)
    hdma_adc1                                0x24000168   Data         120  motor_adc.o(.bss.hdma_adc1)
    htim1                                    0x240001e0   Data          76  motor_pwm.o(.bss.htim1)
    uwTick                                   0x2400033c   Data           4  stm32h7xx_hal.o(.bss.uwTick)
    s_motor_adc_dma_buffer                   0x30000000   Data           6  motor_adc.o(.dma_buffer)



==============================================================================

Memory Map of the image

  Image Entry point : 0x08000299

  Load Region LR_IROM1 (Base: 0x08000000, Size: 0x0000d208, Max: 0x00200000, ABSOLUTE)

    Execution Region ER_IROM1 (Exec base: 0x08000000, Load base: 0x08000000, Size: 0x0000cfd0, Max: 0x00200000, ABSOLUTE)

    Exec Addr    Load Addr    Size         Type   Attr      Idx    E Section Name        Object

    0x08000000   0x08000000   0x00000298   Data   RO           80    RESET               startup_stm32h743xx.o
    0x08000298   0x08000298   0x00000008   Code   RO         1906  * !!!main             c_w.l(__main.o)
    0x080002a0   0x080002a0   0x0000005c   Code   RO         2134    !!!scatter          c_w.l(__scatter.o)
    0x080002fc   0x080002fc   0x0000003a   Code   RO         2132    !!dczerorl          c_w.l(__dczerorl.o)
    0x08000336   0x08000336   0x00000002   PAD
    0x08000338   0x08000338   0x0000001a   Code   RO         2138    !!handler_copy      c_w.l(__scatter_copy.o)
    0x08000352   0x08000352   0x00000002   PAD
    0x08000354   0x08000354   0x00000002   Code   RO         2135    !!handler_null      c_w.l(__scatter.o)
    0x08000356   0x08000356   0x00000002   PAD
    0x08000358   0x08000358   0x0000001c   Code   RO         2140    !!handler_zi        c_w.l(__scatter_zi.o)
    0x08000374   0x08000374   0x00000002   Code   RO         2052    .ARM.Collect$$libinit$$00000000  c_w.l(libinit.o)
    0x08000376   0x08000376   0x00000004   Code   RO         1935    .ARM.Collect$$libinit$$00000001  c_w.l(libinit2.o)
    0x0800037a   0x0800037a   0x00000000   Code   RO         1938    .ARM.Collect$$libinit$$00000004  c_w.l(libinit2.o)
    0x0800037a   0x0800037a   0x00000000   Code   RO         1940    .ARM.Collect$$libinit$$00000006  c_w.l(libinit2.o)
    0x0800037a   0x0800037a   0x00000000   Code   RO         1943    .ARM.Collect$$libinit$$0000000C  c_w.l(libinit2.o)
    0x0800037a   0x0800037a   0x00000000   Code   RO         1945    .ARM.Collect$$libinit$$0000000E  c_w.l(libinit2.o)
    0x0800037a   0x0800037a   0x00000000   Code   RO         1947    .ARM.Collect$$libinit$$00000010  c_w.l(libinit2.o)
    0x0800037a   0x0800037a   0x00000000   Code   RO         1950    .ARM.Collect$$libinit$$00000013  c_w.l(libinit2.o)
    0x0800037a   0x0800037a   0x00000000   Code   RO         1952    .ARM.Collect$$libinit$$00000015  c_w.l(libinit2.o)
    0x0800037a   0x0800037a   0x00000000   Code   RO         1954    .ARM.Collect$$libinit$$00000017  c_w.l(libinit2.o)
    0x0800037a   0x0800037a   0x00000000   Code   RO         1956    .ARM.Collect$$libinit$$00000019  c_w.l(libinit2.o)
    0x0800037a   0x0800037a   0x00000000   Code   RO         1958    .ARM.Collect$$libinit$$0000001B  c_w.l(libinit2.o)
    0x0800037a   0x0800037a   0x00000000   Code   RO         1960    .ARM.Collect$$libinit$$0000001D  c_w.l(libinit2.o)
    0x0800037a   0x0800037a   0x00000000   Code   RO         1962    .ARM.Collect$$libinit$$0000001F  c_w.l(libinit2.o)
    0x0800037a   0x0800037a   0x00000000   Code   RO         1964    .ARM.Collect$$libinit$$00000021  c_w.l(libinit2.o)
    0x0800037a   0x0800037a   0x00000000   Code   RO         1966    .ARM.Collect$$libinit$$00000023  c_w.l(libinit2.o)
    0x0800037a   0x0800037a   0x00000000   Code   RO         1968    .ARM.Collect$$libinit$$00000025  c_w.l(libinit2.o)
    0x0800037a   0x0800037a   0x00000000   Code   RO         1970    .ARM.Collect$$libinit$$00000027  c_w.l(libinit2.o)
    0x0800037a   0x0800037a   0x00000000   Code   RO         1974    .ARM.Collect$$libinit$$0000002E  c_w.l(libinit2.o)
    0x0800037a   0x0800037a   0x00000000   Code   RO         1976    .ARM.Collect$$libinit$$00000030  c_w.l(libinit2.o)
    0x0800037a   0x0800037a   0x00000000   Code   RO         1978    .ARM.Collect$$libinit$$00000032  c_w.l(libinit2.o)
    0x0800037a   0x0800037a   0x00000004   Code   RO         1979    .ARM.Collect$$libinit$$00000033  c_w.l(libinit2.o)
    0x0800037e   0x0800037e   0x00000000   Code   RO         1980    .ARM.Collect$$libinit$$00000034  c_w.l(libinit2.o)
    0x0800037e   0x0800037e   0x00000002   Code   RO         1981    .ARM.Collect$$libinit$$00000035  c_w.l(libinit2.o)
    0x08000380   0x08000380   0x00000002   Code   RO         2099    .ARM.Collect$$libshutdown$$00000000  c_w.l(libshutdown.o)
    0x08000382   0x08000382   0x00000000   Code   RO         2115    .ARM.Collect$$libshutdown$$00000002  c_w.l(libshutdown2.o)
    0x08000382   0x08000382   0x00000000   Code   RO         2117    .ARM.Collect$$libshutdown$$00000004  c_w.l(libshutdown2.o)
    0x08000382   0x08000382   0x00000000   Code   RO         2120    .ARM.Collect$$libshutdown$$00000007  c_w.l(libshutdown2.o)
    0x08000382   0x08000382   0x00000000   Code   RO         2123    .ARM.Collect$$libshutdown$$0000000A  c_w.l(libshutdown2.o)
    0x08000382   0x08000382   0x00000000   Code   RO         2125    .ARM.Collect$$libshutdown$$0000000C  c_w.l(libshutdown2.o)
    0x08000382   0x08000382   0x00000000   Code   RO         2128    .ARM.Collect$$libshutdown$$0000000F  c_w.l(libshutdown2.o)
    0x08000382   0x08000382   0x00000002   Code   RO         2129    .ARM.Collect$$libshutdown$$00000010  c_w.l(libshutdown2.o)
    0x08000384   0x08000384   0x00000000   Code   RO         1926    .ARM.Collect$$rtentry$$00000000  c_w.l(__rtentry.o)
    0x08000384   0x08000384   0x00000000   Code   RO         2007    .ARM.Collect$$rtentry$$00000002  c_w.l(__rtentry2.o)
    0x08000384   0x08000384   0x00000006   Code   RO         2019    .ARM.Collect$$rtentry$$00000004  c_w.l(__rtentry4.o)
    0x0800038a   0x0800038a   0x00000000   Code   RO         2009    .ARM.Collect$$rtentry$$00000009  c_w.l(__rtentry2.o)
    0x0800038a   0x0800038a   0x00000004   Code   RO         2010    .ARM.Collect$$rtentry$$0000000A  c_w.l(__rtentry2.o)
    0x0800038e   0x0800038e   0x00000000   Code   RO         2012    .ARM.Collect$$rtentry$$0000000C  c_w.l(__rtentry2.o)
    0x0800038e   0x0800038e   0x00000008   Code   RO         2013    .ARM.Collect$$rtentry$$0000000D  c_w.l(__rtentry2.o)
    0x08000396   0x08000396   0x00000002   Code   RO         2057    .ARM.Collect$$rtexit$$00000000  c_w.l(rtexit.o)
    0x08000398   0x08000398   0x00000000   Code   RO         2079    .ARM.Collect$$rtexit$$00000002  c_w.l(rtexit2.o)
    0x08000398   0x08000398   0x00000004   Code   RO         2080    .ARM.Collect$$rtexit$$00000003  c_w.l(rtexit2.o)
    0x0800039c   0x0800039c   0x00000006   Code   RO         2081    .ARM.Collect$$rtexit$$00000004  c_w.l(rtexit2.o)
    0x080003a2   0x080003a2   0x00000002   PAD
    0x080003a4   0x080003a4   0x00000048   Code   RO           81    .text               startup_stm32h743xx.o
    0x080003ec   0x080003ec   0x00000096   Code   RO         1898    .text               c_w.l(strncmp.o)
    0x08000482   0x08000482   0x0000004e   Code   RO         1902    .text               c_w.l(rt_memclr_w.o)
    0x080004d0   0x080004d0   0x00000006   Code   RO         1904    .text               c_w.l(heapauxi.o)
    0x080004d6   0x080004d6   0x00000002   PAD
    0x080004d8   0x080004d8   0x0000002c   Code   RO         1911    .text               c_w.l(init_aeabi.o)
    0x08000504   0x08000504   0x00000016   Code   RO         1931    .text               c_w.l(_rserrno.o)
    0x0800051a   0x0800051a   0x00000002   PAD
    0x0800051c   0x0800051c   0x00000008   Code   RO         2026    .text               c_w.l(rt_errno_addr_intlibspace.o)
    0x08000524   0x08000524   0x00000008   Code   RO         2032    .text               c_w.l(libspace.o)
    0x0800052c   0x0800052c   0x0000004a   Code   RO         2035    .text               c_w.l(sys_stackheap_outer.o)
    0x08000576   0x08000576   0x00000012   Code   RO         2037    .text               c_w.l(exit.o)
    0x08000588   0x08000588   0x0000000c   Code   RO         2071    .text               c_w.l(sys_exit.o)
    0x08000594   0x08000594   0x00000002   Code   RO         2075    .text               c_w.l(use_no_semi.o)
    0x08000596   0x08000596   0x00000000   Code   RO         2077    .text               c_w.l(indicate_semi.o)
    0x08000596   0x08000596   0x00000002   PAD
    0x08000598   0x08000598   0x00000218   Code   RO         1337    .text.ADC_ConfigureBoostMode  stm32h7xx_hal_adc.o
    0x080007b0   0x080007b0   0x000000d2   Code   RO         1371    .text.ADC_DMAConvCplt  stm32h7xx_hal_adc.o
    0x08000882   0x08000882   0x00000006   PAD
    0x08000888   0x08000888   0x0000002a   Code   RO         1375    .text.ADC_DMAError  stm32h7xx_hal_adc.o
    0x080008b2   0x080008b2   0x00000006   PAD
    0x080008b8   0x080008b8   0x00000016   Code   RO         1373    .text.ADC_DMAHalfConvCplt  stm32h7xx_hal_adc.o
    0x080008ce   0x080008ce   0x00000002   PAD
    0x080008d0   0x080008d0   0x000000c4   Code   RO         1343    .text.ADC_Disable   stm32h7xx_hal_adc.o
    0x08000994   0x08000994   0x00000004   PAD
    0x08000998   0x08000998   0x00000148   Code   RO         1351    .text.ADC_Enable    stm32h7xx_hal_adc.o
    0x08000ae0   0x08000ae0   0x00000004   Code   RO           58    .text.BusFault_Handler  stm32h7xx_it.o
    0x08000ae4   0x08000ae4   0x00000004   PAD
    0x08000ae8   0x08000ae8   0x00000010   Code   RO           70    .text.DMA1_Stream0_IRQHandler  stm32h7xx_it.o
    0x08000af8   0x08000af8   0x000001cc   Code   RO          291    .text.DMA_CalcBaseAndBitshift  stm32h7xx_hal_dma.o
    0x08000cc4   0x08000cc4   0x00000004   PAD
    0x08000cc8   0x08000cc8   0x00000178   Code   RO          293    .text.DMA_CalcDMAMUXChannelBaseAndMask  stm32h7xx_hal_dma.o
    0x08000e40   0x08000e40   0x0000012a   Code   RO          295    .text.DMA_CalcDMAMUXRequestGenBaseAndMask  stm32h7xx_hal_dma.o
    0x08000f6a   0x08000f6a   0x00000006   PAD
    0x08000f70   0x08000f70   0x000000f0   Code   RO          289    .text.DMA_CheckFifoParam  stm32h7xx_hal_dma.o
    0x08001060   0x08001060   0x00000514   Code   RO          301    .text.DMA_SetConfig  stm32h7xx_hal_dma.o
    0x08001574   0x08001574   0x00000004   PAD
    0x08001578   0x08001578   0x00000002   Code   RO           64    .text.DebugMon_Handler  stm32h7xx_it.o
    0x0800157a   0x0800157a   0x00000006   PAD
    0x08001580   0x08001580   0x00000002   Code   RO           92    .text.ExitRun0Mode  system_stm32h7xx.o
    0x08001582   0x08001582   0x00000006   PAD
    0x08001588   0x08001588   0x000000e4   Code   RO         1458    .text.HAL_ADCEx_Calibration_Start  stm32h7xx_hal_adc_ex.o
    0x0800166c   0x0800166c   0x00000004   PAD
    0x08001670   0x08001670   0x00000292   Code   RO         1556    .text.HAL_ADCEx_MultiModeConfigChannel  stm32h7xx_hal_adc_ex.o
    0x08001902   0x08001902   0x00000006   PAD
    0x08001908   0x08001908   0x00000872   Code   RO         1395    .text.HAL_ADC_ConfigChannel  stm32h7xx_hal_adc.o
    0x0800217a   0x0800217a   0x00000006   PAD
    0x08002180   0x08002180   0x00000040   Code   RO         1622    .text.HAL_ADC_ConvCpltCallback  motor_adc.o
    0x080021c0   0x080021c0   0x00000008   Code   RO         1393    .text.HAL_ADC_ConvHalfCpltCallback  stm32h7xx_hal_adc.o
    0x080021c8   0x080021c8   0x00000008   Code   RO         1391    .text.HAL_ADC_ErrorCallback  stm32h7xx_hal_adc.o
    0x080021d0   0x080021d0   0x000003c8   Code   RO         1317    .text.HAL_ADC_Init  stm32h7xx_hal_adc.o
    0x08002598   0x08002598   0x00000146   Code   RO         1620    .text.HAL_ADC_MspInit  motor_adc.o
    0x080026de   0x080026de   0x00000002   PAD
    0x080026e0   0x080026e0   0x000001e2   Code   RO         1369    .text.HAL_ADC_Start_DMA  stm32h7xx_hal_adc.o
    0x080028c2   0x080028c2   0x00000006   PAD
    0x080028c8   0x080028c8   0x000011c0   Code   RO          311    .text.HAL_DMA_IRQHandler  stm32h7xx_hal_dma.o
    0x08003a88   0x08003a88   0x000003c4   Code   RO          478    .text.HAL_GPIO_Init  stm32h7xx_hal_gpio.o
    0x08003e4c   0x08003e4c   0x00000004   PAD
    0x08003e50   0x08003e50   0x00000026   Code   RO          486    .text.HAL_GPIO_TogglePin  stm32h7xx_hal_gpio.o
    0x08003e76   0x08003e76   0x00000002   PAD
    0x08003e78   0x08003e78   0x0000002e   Code   RO          484    .text.HAL_GPIO_WritePin  stm32h7xx_hal_gpio.o
    0x08003ea6   0x08003ea6   0x00000002   PAD
    0x08003ea8   0x08003ea8   0x0000000e   Code   RO          132    .text.HAL_GetREVID  stm32h7xx_hal.o
    0x08003eb6   0x08003eb6   0x00000002   PAD
    0x08003eb8   0x08003eb8   0x0000000c   Code   RO          116    .text.HAL_GetTick   stm32h7xx_hal.o
    0x08003ec4   0x08003ec4   0x00000004   PAD
    0x08003ec8   0x08003ec8   0x0000001a   Code   RO          114    .text.HAL_IncTick   stm32h7xx_hal.o
    0x08003ee2   0x08003ee2   0x00000006   PAD
    0x08003ee8   0x08003ee8   0x0000007c   Code   RO          104    .text.HAL_Init      stm32h7xx_hal.o
    0x08003f64   0x08003f64   0x00000004   PAD
    0x08003f68   0x08003f68   0x00000086   Code   RO          106    .text.HAL_InitTick  stm32h7xx_hal.o
    0x08003fee   0x08003fee   0x00000002   PAD
    0x08003ff0   0x08003ff0   0x00000002   Code   RO          108    .text.HAL_MspInit   stm32h7xx_hal.o
    0x08003ff2   0x08003ff2   0x00000006   PAD
    0x08003ff8   0x08003ff8   0x00000004   Code   RO           54    .text.HardFault_Handler  stm32h7xx_it.o
    0x08003ffc   0x08003ffc   0x00000000   Code   RO         1986    x$fpl$usenofp       fz_wv.l(usenofp.o)
    0x08003ffc   0x08003ffc   0x00000004   PAD
    0x08004000   0x08004000   0x00000025   Data   RO           41    .ARM.__at_0x08004000  cpu.o
    0x08004025   0x08004025   0x00000003   PAD
    0x08004028   0x08004028   0x00000962   Code   RO          287    .text.HAL_DMA_Init  stm32h7xx_hal_dma.o
    0x0800498a   0x0800498a   0x00000006   PAD
    0x08004990   0x08004990   0x00000702   Code   RO          303    .text.HAL_DMA_Start_IT  stm32h7xx_hal_dma.o
    0x08005092   0x08005092   0x00000006   PAD
    0x08005098   0x08005098   0x00000014   Code   RO          222    .text.HAL_NVIC_EnableIRQ  stm32h7xx_hal_cortex.o
    0x080050ac   0x080050ac   0x00000004   PAD
    0x080050b0   0x080050b0   0x0000002e   Code   RO          214    .text.HAL_NVIC_SetPriority  stm32h7xx_hal_cortex.o
    0x080050de   0x080050de   0x00000002   PAD
    0x080050e0   0x080050e0   0x00000010   Code   RO          210    .text.HAL_NVIC_SetPriorityGrouping  stm32h7xx_hal_cortex.o
    0x080050f0   0x080050f0   0x000000a2   Code   RO          591    .text.HAL_PWREx_ConfigSupply  stm32h7xx_hal_pwr_ex.o
    0x08005192   0x08005192   0x00000006   PAD
    0x08005198   0x08005198   0x00000028   Code   RO          729    .text.HAL_RCCEx_GetD3PCLK1Freq  stm32h7xx_hal_rcc_ex.o
    0x080051c0   0x080051c0   0x00000298   Code   RO          723    .text.HAL_RCCEx_GetPLL1ClockFreq  stm32h7xx_hal_rcc_ex.o
    0x08005458   0x08005458   0x00000298   Code   RO          725    .text.HAL_RCCEx_GetPLL2ClockFreq  stm32h7xx_hal_rcc_ex.o
    0x080056f0   0x080056f0   0x00000298   Code   RO          727    .text.HAL_RCCEx_GetPLL3ClockFreq  stm32h7xx_hal_rcc_ex.o
    0x08005988   0x08005988   0x00000c4a   Code   RO          721    .text.HAL_RCCEx_GetPeriphCLKFreq  stm32h7xx_hal_rcc_ex.o
    0x080065d2   0x080065d2   0x00000006   PAD
    0x080065d8   0x080065d8   0x000010a0   Code   RO          713    .text.HAL_RCCEx_PeriphCLKConfig  stm32h7xx_hal_rcc_ex.o
    0x08007678   0x08007678   0x0000049a   Code   RO          682    .text.HAL_RCC_ClockConfig  stm32h7xx_hal_rcc.o
    0x08007b12   0x08007b12   0x00000006   PAD
    0x08007b18   0x08007b18   0x00000058   Code   RO          692    .text.HAL_RCC_GetHCLKFreq  stm32h7xx_hal_rcc.o
    0x08007b70   0x08007b70   0x00000028   Code   RO          694    .text.HAL_RCC_GetPCLK1Freq  stm32h7xx_hal_rcc.o
    0x08007b98   0x08007b98   0x000002fc   Code   RO          684    .text.HAL_RCC_GetSysClockFreq  stm32h7xx_hal_rcc.o
    0x08007e94   0x08007e94   0x00000004   PAD
    0x08007e98   0x08007e98   0x00000b58   Code   RO          680    .text.HAL_RCC_OscConfig  stm32h7xx_hal_rcc.o
    0x080089f0   0x080089f0   0x0000001e   Code   RO          154    .text.HAL_SYSCFG_AnalogSwitchConfig  stm32h7xx_hal.o
    0x08008a0e   0x08008a0e   0x00000002   PAD
    0x08008a10   0x08008a10   0x00000010   Code   RO          234    .text.HAL_SYSTICK_Config  stm32h7xx_hal_cortex.o
    0x08008a20   0x08008a20   0x00000112   Code   RO         1095    .text.HAL_TIMEx_ConfigBreakDeadTime  stm32h7xx_hal_tim_ex.o
    0x08008b32   0x08008b32   0x00000006   PAD
    0x08008b38   0x08008b38   0x00000158   Code   RO         1093    .text.HAL_TIMEx_MasterConfigSynchronization  stm32h7xx_hal_tim_ex.o
    0x08008c90   0x08008c90   0x000001a0   Code   RO         1063    .text.HAL_TIMEx_PWMN_Start  stm32h7xx_hal_tim_ex.o
    0x08008e30   0x08008e30   0x000000ec   Code   RO         1653    .text.HAL_TIM_MspPostInit  motor_pwm.o
    0x08008f1c   0x08008f1c   0x00000004   PAD
    0x08008f20   0x08008f20   0x000001b0   Code   RO          946    .text.HAL_TIM_PWM_ConfigChannel  stm32h7xx_hal_tim.o
    0x080090d0   0x080090d0   0x000000a8   Code   RO          830    .text.HAL_TIM_PWM_Init  stm32h7xx_hal_tim.o
    0x08009178   0x08009178   0x00000038   Code   RO         1645    .text.HAL_TIM_PWM_MspInit  motor_pwm.o
    0x080091b0   0x080091b0   0x0000027e   Code   RO          838    .text.HAL_TIM_PWM_Start  stm32h7xx_hal_tim.o
    0x0800942e   0x0800942e   0x00000002   PAD
    0x08009430   0x08009430   0x0000001c   Code   RO         1449    .text.LL_ADC_Disable  stm32h7xx_hal_adc.o
    0x0800944c   0x0800944c   0x00000004   PAD
    0x08009450   0x08009450   0x00000018   Code   RO         1323    .text.LL_ADC_DisableDeepPowerDown  stm32h7xx_hal_adc.o
    0x08009468   0x08009468   0x0000001c   Code   RO         1447    .text.LL_ADC_Enable  stm32h7xx_hal_adc.o
    0x08009484   0x08009484   0x00000004   PAD
    0x08009488   0x08009488   0x0000001e   Code   RO         1327    .text.LL_ADC_EnableInternalRegulator  stm32h7xx_hal_adc.o
    0x080094a6   0x080094a6   0x00000002   PAD
    0x080094a8   0x080094a8   0x00000010   Code   RO         1411    .text.LL_ADC_GetCommonPathInternalCh  stm32h7xx_hal_adc.o
    0x080094b8   0x080094b8   0x00000010   Code   RO         1349    .text.LL_ADC_GetMultimode  stm32h7xx_hal_adc.o
    0x080094c8   0x080094c8   0x00000010   Code   RO         1335    .text.LL_ADC_INJ_IsConversionOngoing  stm32h7xx_hal_adc.o
    0x080094d8   0x080094d8   0x0000000e   Code   RO         1462    .text.LL_ADC_IsCalibrationOnGoing  stm32h7xx_hal_adc_ex.o
    0x080094e6   0x080094e6   0x00000002   PAD
    0x080094e8   0x080094e8   0x00000010   Code   RO         1321    .text.LL_ADC_IsDeepPowerDownEnabled  stm32h7xx_hal_adc.o
    0x080094f8   0x080094f8   0x00000010   Code   RO         1441    .text.LL_ADC_IsDisableOngoing  stm32h7xx_hal_adc.o
    0x08009508   0x08009508   0x00000010   Code   RO         1331    .text.LL_ADC_IsEnabled  stm32h7xx_hal_adc.o
    0x08009518   0x08009518   0x00000010   Code   RO         1470    .text.LL_ADC_IsEnabled  stm32h7xx_hal_adc_ex.o
    0x08009528   0x08009528   0x00000010   Code   RO         1325    .text.LL_ADC_IsInternalRegulatorEnabled  stm32h7xx_hal_adc.o
    0x08009538   0x08009538   0x00000010   Code   RO         1329    .text.LL_ADC_REG_IsConversionOngoing  stm32h7xx_hal_adc.o
    0x08009548   0x08009548   0x00000010   Code   RO         1472    .text.LL_ADC_REG_IsConversionOngoing  stm32h7xx_hal_adc_ex.o
    0x08009558   0x08009558   0x00000016   Code   RO         1361    .text.LL_ADC_REG_IsTriggerSourceSWStart  stm32h7xx_hal_adc.o
    0x0800956e   0x0800956e   0x00000002   PAD
    0x08009570   0x08009570   0x0000001a   Code   RO         1377    .text.LL_ADC_REG_SetDataTransferMode  stm32h7xx_hal_adc.o
    0x0800958a   0x0800958a   0x00000006   PAD
    0x08009590   0x08009590   0x0000003a   Code   RO         1397    .text.LL_ADC_REG_SetSequencerRanks  stm32h7xx_hal_adc.o
    0x080095ca   0x080095ca   0x00000006   PAD
    0x080095d0   0x080095d0   0x0000001c   Code   RO         1353    .text.LL_ADC_REG_StartConversion  stm32h7xx_hal_adc.o
    0x080095ec   0x080095ec   0x00000004   PAD
    0x080095f0   0x080095f0   0x0000005a   Code   RO         1409    .text.LL_ADC_SetChannelPreselection  stm32h7xx_hal_adc.o
    0x0800964a   0x0800964a   0x00000006   PAD
    0x08009650   0x08009650   0x00000036   Code   RO         1399    .text.LL_ADC_SetChannelSamplingTime  stm32h7xx_hal_adc.o
    0x08009686   0x08009686   0x00000002   PAD
    0x08009688   0x08009688   0x00000034   Code   RO         1407    .text.LL_ADC_SetChannelSingleDiff  stm32h7xx_hal_adc.o
    0x080096bc   0x080096bc   0x00000004   PAD
    0x080096c0   0x080096c0   0x0000001a   Code   RO         1333    .text.LL_ADC_SetCommonClock  stm32h7xx_hal_adc.o
    0x080096da   0x080096da   0x00000006   PAD
    0x080096e0   0x080096e0   0x0000001a   Code   RO         1413    .text.LL_ADC_SetCommonPathInternalCh  stm32h7xx_hal_adc.o
    0x080096fa   0x080096fa   0x00000006   PAD
    0x08009700   0x08009700   0x00000024   Code   RO         1405    .text.LL_ADC_SetDataRightShift  stm32h7xx_hal_adc.o
    0x08009724   0x08009724   0x00000004   PAD
    0x08009728   0x08009728   0x00000032   Code   RO         1401    .text.LL_ADC_SetOffset  stm32h7xx_hal_adc.o
    0x0800975a   0x0800975a   0x00000006   PAD
    0x08009760   0x08009760   0x00000028   Code   RO         1403    .text.LL_ADC_SetOffsetSignedSaturation  stm32h7xx_hal_adc.o
    0x08009788   0x08009788   0x00000032   Code   RO         1460    .text.LL_ADC_StartCalibration  stm32h7xx_hal_adc_ex.o
    0x080097ba   0x080097ba   0x00000006   PAD
    0x080097c0   0x080097c0   0x00000004   Code   RO           56    .text.MemManage_Handler  stm32h7xx_it.o
    0x080097c4   0x080097c4   0x00000004   PAD
    0x080097c8   0x080097c8   0x00000002   Code   RO           52    .text.NMI_Handler   stm32h7xx_it.o
    0x080097ca   0x080097ca   0x00000006   PAD
    0x080097d0   0x080097d0   0x0000006c   Code   RO          220    .text.NVIC_EncodePriority  stm32h7xx_hal_cortex.o
    0x0800983c   0x0800983c   0x00000004   PAD
    0x08009840   0x08009840   0x00000002   Code   RO           66    .text.PendSV_Handler  stm32h7xx_it.o
    0x08009842   0x08009842   0x00000006   PAD
    0x08009848   0x08009848   0x000001ca   Code   RO          715    .text.RCCEx_PLL2_Config  stm32h7xx_hal_rcc_ex.o
    0x08009a12   0x08009a12   0x00000006   PAD
    0x08009a18   0x08009a18   0x000001ca   Code   RO          717    .text.RCCEx_PLL3_Config  stm32h7xx_hal_rcc_ex.o
    0x08009be2   0x08009be2   0x00000006   PAD
    0x08009be8   0x08009be8   0x00000002   Code   RO           62    .text.SVC_Handler   stm32h7xx_it.o
    0x08009bea   0x08009bea   0x00000006   PAD
    0x08009bf0   0x08009bf0   0x00000052   Code   RO           17    .text.SysTick_Config  cpu.o
    0x08009c42   0x08009c42   0x00000006   PAD
    0x08009c48   0x08009c48   0x00000052   Code   RO          236    .text.SysTick_Config  stm32h7xx_hal_cortex.o
    0x08009c9a   0x08009c9a   0x00000006   PAD
    0x08009ca0   0x08009ca0   0x0000000c   Code   RO           68    .text.SysTick_Handler  stm32h7xx_it.o
    0x08009cac   0x08009cac   0x00000004   PAD
    0x08009cb0   0x08009cb0   0x000000e6   Code   RO           13    .text.SystemClock_Config  cpu.o
    0x08009d96   0x08009d96   0x00000002   PAD
    0x08009d98   0x08009d98   0x0000018c   Code   RO           88    .text.SystemInit    system_stm32h7xx.o
    0x08009f24   0x08009f24   0x00000004   PAD
    0x08009f28   0x08009f28   0x000001a4   Code   RO          780    .text.TIM_Base_SetConfig  stm32h7xx_hal_tim.o
    0x0800a0cc   0x0800a0cc   0x00000004   PAD
    0x0800a0d0   0x0800a0d0   0x00000036   Code   RO          814    .text.TIM_CCxChannelCmd  stm32h7xx_hal_tim.o
    0x0800a106   0x0800a106   0x00000002   PAD
    0x0800a108   0x0800a108   0x00000036   Code   RO         1047    .text.TIM_CCxNChannelCmd  stm32h7xx_hal_tim_ex.o
    0x0800a13e   0x0800a13e   0x00000002   PAD
    0x0800a140   0x0800a140   0x00000150   Code   RO          924    .text.TIM_OC1_SetConfig  stm32h7xx_hal_tim.o
    0x0800a290   0x0800a290   0x0000016c   Code   RO          926    .text.TIM_OC2_SetConfig  stm32h7xx_hal_tim.o
    0x0800a3fc   0x0800a3fc   0x00000004   PAD
    0x0800a400   0x0800a400   0x0000016a   Code   RO          928    .text.TIM_OC3_SetConfig  stm32h7xx_hal_tim.o
    0x0800a56a   0x0800a56a   0x00000006   PAD
    0x0800a570   0x0800a570   0x000000da   Code   RO          930    .text.TIM_OC4_SetConfig  stm32h7xx_hal_tim.o
    0x0800a64a   0x0800a64a   0x00000006   PAD
    0x0800a650   0x0800a650   0x000000d0   Code   RO          932    .text.TIM_OC5_SetConfig  stm32h7xx_hal_tim.o
    0x0800a720   0x0800a720   0x000000d2   Code   RO          934    .text.TIM_OC6_SetConfig  stm32h7xx_hal_tim.o
    0x0800a7f2   0x0800a7f2   0x00000006   PAD
    0x0800a7f8   0x0800a7f8   0x00000004   Code   RO           60    .text.UsageFault_Handler  stm32h7xx_it.o
    0x0800a7fc   0x0800a7fc   0x00000004   PAD
    0x0800a800   0x0800a800   0x0000000c   Code   RO         1734    .text._GLOBAL__sub_I_analog.c  analog.o
    0x0800a80c   0x0800a80c   0x00000004   PAD
    0x0800a810   0x0800a810   0x00000008   Code   RO         1605    .text._GLOBAL__sub_I_foc_port.c  foc_port.o
    0x0800a818   0x0800a818   0x00000008   Code   RO         1630    .text._GLOBAL__sub_I_motor_adc.c  motor_adc.o
    0x0800a820   0x0800a820   0x00000008   Code   RO         1655    .text._GLOBAL__sub_I_motor_pwm.c  motor_pwm.o
    0x0800a828   0x0800a828   0x0000000c   Code   RO         1783    .text._GLOBAL__sub_I_pwmc.c  pwmc.o
    0x0800a834   0x0800a834   0x00000004   PAD
    0x0800a838   0x0800a838   0x00000030   Code   RO          224    .text.__NVIC_EnableIRQ  stm32h7xx_hal_cortex.o
    0x0800a868   0x0800a868   0x00000010   Code   RO          216    .text.__NVIC_GetPriorityGrouping  stm32h7xx_hal_cortex.o
    0x0800a878   0x0800a878   0x00000042   Code   RO           37    .text.__NVIC_SetPriority  cpu.o
    0x0800a8ba   0x0800a8ba   0x00000006   PAD
    0x0800a8c0   0x0800a8c0   0x00000042   Code   RO          218    .text.__NVIC_SetPriority  stm32h7xx_hal_cortex.o
    0x0800a902   0x0800a902   0x00000006   PAD
    0x0800a908   0x0800a908   0x0000003c   Code   RO          212    .text.__NVIC_SetPriorityGrouping  stm32h7xx_hal_cortex.o
    0x0800a944   0x0800a944   0x00000004   PAD
    0x0800a948   0x0800a948   0x00000046   Code   RO         1603    .text.__cxx_global_var_init  foc_port.o
    0x0800a98e   0x0800a98e   0x00000002   PAD
    0x0800a990   0x0800a990   0x0000002e   Code   RO         1628    .text.__cxx_global_var_init  motor_adc.o
    0x0800a9be   0x0800a9be   0x00000002   PAD
    0x0800a9c0   0x0800a9c0   0x00000036   Code   RO         1651    .text.__cxx_global_var_init  motor_pwm.o
    0x0800a9f6   0x0800a9f6   0x00000002   PAD
    0x0800a9f8   0x0800a9f8   0x00000052   Code   RO         1720    .text.__cxx_global_var_init  analog.o
    0x0800aa4a   0x0800aa4a   0x00000006   PAD
    0x0800aa50   0x0800aa50   0x0000004e   Code   RO         1755    .text.__cxx_global_var_init  pwmc.o
    0x0800aa9e   0x0800aa9e   0x00000002   PAD
    0x0800aaa0   0x0800aaa0   0x00000058   Code   RO         1732    .text.__cxx_global_var_init.1  analog.o
    0x0800aaf8   0x0800aaf8   0x000000bc   Code   RO         1781    .text.__cxx_global_var_init.1  pwmc.o
    0x0800abb4   0x0800abb4   0x00000004   PAD
    0x0800abb8   0x0800abb8   0x0000009e   Code   RO         1761    .text.__update_crr_by_duty  pwmc.o
    0x0800ac56   0x0800ac56   0x00000002   PAD
    0x0800ac58   0x0800ac58   0x00000094   Code   RO         1757    .text.__update_prescaler_arr_by_freq_auto  pwmc.o
    0x0800acec   0x0800acec   0x00000004   PAD
    0x0800acf0   0x0800acf0   0x00000060   Code   RO         1670    .text._app_foc_close_devices  app_foc.o
    0x0800ad50   0x0800ad50   0x0000001c   Code   RO         1672    .text._app_foc_current_loop_irq  app_foc.o
    0x0800ad6c   0x0800ad6c   0x00000004   PAD
    0x0800ad70   0x0800ad70   0x00000046   Code   RO         1842    .text._clamp01      foc_svpwm.o
    0x0800adb6   0x0800adb6   0x00000002   PAD
    0x0800adb8   0x0800adb8   0x0000000e   Code   RO           39    .text._cpu_error_handler  cpu.o
    0x0800adc6   0x0800adc6   0x00000002   PAD
    0x0800adc8   0x0800adc8   0x00000050   Code   RO         1863    .text._foc_pi_clamp  foc_pi.o
    0x0800ae18   0x0800ae18   0x00000044   Code   RO         1595    .text._foc_port_get_electrical_angle  foc_port.o
    0x0800ae5c   0x0800ae5c   0x00000004   PAD
    0x0800ae60   0x0800ae60   0x0000000a   Code   RO         1601    .text._foc_port_get_tick_us  foc_port.o
    0x0800ae6a   0x0800ae6a   0x00000006   PAD
    0x0800ae70   0x0800ae70   0x00000040   Code   RO         1593    .text._foc_port_read_current_loop_sample  foc_port.o
    0x0800aeb0   0x0800aeb0   0x0000000c   Code   RO         1599    .text._foc_port_set_output_enable  foc_port.o
    0x0800aebc   0x0800aebc   0x00000004   PAD
    0x0800aec0   0x0800aec0   0x0000000a   Code   RO         1597    .text._foc_port_write_pwm_duty  foc_port.o
    0x0800aeca   0x0800aeca   0x00000006   PAD
    0x0800aed0   0x0800aed0   0x0000002a   Code   RO         1726    .text._ioctl_disable  analog.o
    0x0800aefa   0x0800aefa   0x00000006   PAD
    0x0800af00   0x0800af00   0x00000034   Code   RO         1767    .text._ioctl_disable  pwmc.o
    0x0800af34   0x0800af34   0x00000004   PAD
    0x0800af38   0x0800af38   0x0000002a   Code   RO         1724    .text._ioctl_enable  analog.o
    0x0800af62   0x0800af62   0x00000006   PAD
    0x0800af68   0x0800af68   0x00000036   Code   RO         1765    .text._ioctl_enable  pwmc.o
    0x0800af9e   0x0800af9e   0x00000002   PAD
    0x0800afa0   0x0800afa0   0x00000056   Code   RO         1728    .text._ioctl_get    analog.o
    0x0800aff6   0x0800aff6   0x00000002   PAD
    0x0800aff8   0x0800aff8   0x0000005c   Code   RO         1773    .text._ioctl_get_duty  pwmc.o
    0x0800b054   0x0800b054   0x00000004   PAD
    0x0800b058   0x0800b058   0x0000005c   Code   RO         1777    .text._ioctl_get_duty_raw  pwmc.o
    0x0800b0b4   0x0800b0b4   0x00000004   PAD
    0x0800b0b8   0x0800b0b8   0x0000002e   Code   RO         1769    .text._ioctl_get_freq  pwmc.o
    0x0800b0e6   0x0800b0e6   0x00000002   PAD
    0x0800b0e8   0x0800b0e8   0x000000d6   Code   RO         1775    .text._ioctl_set_duty  pwmc.o
    0x0800b1be   0x0800b1be   0x00000002   PAD
    0x0800b1c0   0x0800b1c0   0x000000a0   Code   RO         1779    .text._ioctl_set_duty_raw  pwmc.o
    0x0800b260   0x0800b260   0x00000076   Code   RO         1771    .text._ioctl_set_freq  pwmc.o
    0x0800b2d6   0x0800b2d6   0x00000002   PAD
    0x0800b2d8   0x0800b2d8   0x000000c2   Code   RO         1759    .text._ioctl_set_freq_duty  pwmc.o
    0x0800b39a   0x0800b39a   0x00000006   PAD
    0x0800b3a0   0x0800b3a0   0x00000012   Code   RO         1730    .text._ioctl_set_irq_handler  analog.o
    0x0800b3b2   0x0800b3b2   0x00000006   PAD
    0x0800b3b8   0x0800b3b8   0x0000002a   Code   RO         1626    .text._motor_adc_get  motor_adc.o
    0x0800b3e2   0x0800b3e2   0x00000006   PAD
    0x0800b3e8   0x0800b3e8   0x00000164   Code   RO         1624    .text._motor_adc_init  motor_adc.o
    0x0800b54c   0x0800b54c   0x00000004   PAD
    0x0800b550   0x0800b550   0x00000322   Code   RO         1647    .text._motor_pwm_init  motor_pwm.o
    0x0800b872   0x0800b872   0x00000006   PAD
    0x0800b878   0x0800b878   0x00000026   Code   RO         1649    .text._motor_pwm_update_crr  motor_pwm.o
    0x0800b89e   0x0800b89e   0x00000002   PAD
    0x0800b8a0   0x0800b8a0   0x0000006a   Code   RO         1798    .text._pmsm_foc_profile_ready  pmsm_foc.o
    0x0800b90a   0x0800b90a   0x00000006   PAD
    0x0800b910   0x0800b910   0x000000d0   Code   RO         1844    .text._sector_from_phase  foc_svpwm.o
    0x0800b9e0   0x0800b9e0   0x00000038   Code   RO         1714    .text.analog_close  analog.o
    0x0800ba18   0x0800ba18   0x00000060   Code   RO         1716    .text.analog_ioctl  analog.o
    0x0800ba78   0x0800ba78   0x0000004a   Code   RO         1718    .text.analog_irq_handler  analog.o
    0x0800bac2   0x0800bac2   0x00000006   PAD
    0x0800bac8   0x0800bac8   0x0000004a   Code   RO         1712    .text.analog_open   analog.o
    0x0800bb12   0x0800bb12   0x00000006   PAD
    0x0800bb18   0x0800bb18   0x00000120   Code   RO         1668    .text.app_foc_init  app_foc.o
    0x0800bc38   0x0800bc38   0x0000007c   Code   RO           11    .text.cpu_config    cpu.o
    0x0800bcb4   0x0800bcb4   0x00000004   PAD
    0x0800bcb8   0x0800bcb8   0x0000006a   Code   RO         1687    .text.device_close  device.o
    0x0800bd22   0x0800bd22   0x00000006   PAD
    0x0800bd28   0x0800bd28   0x00000040   Code   RO         1693    .text.device_ioctl  device.o
    0x0800bd68   0x0800bd68   0x00000046   Code   RO         1695    .text.device_irq_process  device.o
    0x0800bdae   0x0800bdae   0x00000002   PAD
    0x0800bdb0   0x0800bdb0   0x000000c2   Code   RO         1685    .text.device_open   device.o
    0x0800be72   0x0800be72   0x00000006   PAD
    0x0800be78   0x0800be78   0x00000084   Code   RO         1704    .text.driver_search_device  driver.o
    0x0800befc   0x0800befc   0x00000004   PAD
    0x0800bf00   0x0800bf00   0x0000002a   Code   RO           15    .text.enable_irq    cpu.o
    0x0800bf2a   0x0800bf2a   0x00000006   PAD
    0x0800bf30   0x0800bf30   0x00000030   Code   RO         1831    .text.foc_angle_to_radian  foc_transform.o
    0x0800bf60   0x0800bf60   0x00000048   Code   RO         1821    .text.foc_clarke    foc_transform.o
    0x0800bfa8   0x0800bfa8   0x00000056   Code   RO         1886    .text.foc_ctrl_cfg_is_valid  foc_profile.o
    0x0800bffe   0x0800bffe   0x00000002   PAD
    0x0800c000   0x0800c000   0x00000078   Code   RO         1829    .text.foc_inv_park  foc_transform.o
    0x0800c078   0x0800c078   0x00000078   Code   RO         1825    .text.foc_park      foc_transform.o
    0x0800c0f0   0x0800c0f0   0x00000052   Code   RO         1853    .text.foc_pi_init   foc_pi.o
    0x0800c142   0x0800c142   0x00000006   PAD
    0x0800c148   0x0800c148   0x000000a2   Code   RO         1861    .text.foc_pi_run    foc_pi.o
    0x0800c1ea   0x0800c1ea   0x00000006   PAD
    0x0800c1f0   0x0800c1f0   0x0000003a   Code   RO         1857    .text.foc_pi_set_output_limit  foc_pi.o
    0x0800c22a   0x0800c22a   0x00000006   PAD
    0x0800c230   0x0800c230   0x0000000a   Code   RO         1587    .text.foc_port_get_ctrl_cfg  foc_port.o
    0x0800c23a   0x0800c23a   0x00000006   PAD
    0x0800c240   0x0800c240   0x0000000a   Code   RO         1589    .text.foc_port_get_hal_ops  foc_port.o
    0x0800c24a   0x0800c24a   0x00000006   PAD
    0x0800c250   0x0800c250   0x00000004   Code   RO         1591    .text.foc_port_get_hal_user_data  foc_port.o
    0x0800c254   0x0800c254   0x00000004   PAD
    0x0800c258   0x0800c258   0x0000000a   Code   RO         1581    .text.foc_port_get_motor_profile  foc_port.o
    0x0800c262   0x0800c262   0x00000006   PAD
    0x0800c268   0x0800c268   0x0000000a   Code   RO         1583    .text.foc_port_get_power_stage_profile  foc_port.o
    0x0800c272   0x0800c272   0x00000006   PAD
    0x0800c278   0x0800c278   0x0000000a   Code   RO         1585    .text.foc_port_get_sensor_profile  foc_port.o
    0x0800c282   0x0800c282   0x00000006   PAD
    0x0800c288   0x0800c288   0x0000005c   Code   RO         1579    .text.foc_port_init  foc_port.o
    0x0800c2e4   0x0800c2e4   0x00000004   PAD
    0x0800c2e8   0x0800c2e8   0x00000158   Code   RO         1840    .text.foc_svpwm_run  foc_svpwm.o
    0x0800c440   0x0800c440   0x00000038   Code   RO         1827    .text.foc_trig_from_angle  foc_transform.o
    0x0800c478   0x0800c478   0x00000028   Code   RO            2    .text.main          main.o
    0x0800c4a0   0x0800c4a0   0x0000004a   Code   RO         1880    .text.motor_profile_is_valid  foc_profile.o
    0x0800c4ea   0x0800c4ea   0x00000006   PAD
    0x0800c4f0   0x0800c4f0   0x00000132   Code   RO         1810    .text.pmsm_foc_current_loop  pmsm_foc.o
    0x0800c622   0x0800c622   0x00000006   PAD
    0x0800c628   0x0800c628   0x0000013e   Code   RO         1796    .text.pmsm_foc_init  pmsm_foc.o
    0x0800c766   0x0800c766   0x00000002   PAD
    0x0800c768   0x0800c768   0x00000056   Code   RO         1882    .text.power_stage_profile_is_valid  foc_profile.o
    0x0800c7be   0x0800c7be   0x00000002   PAD
    0x0800c7c0   0x0800c7c0   0x00000058   Code   RO         1722    .text.protocol_callback_find  analog.o
    0x0800c818   0x0800c818   0x00000058   Code   RO         1763    .text.protocol_callback_find  pwmc.o
    0x0800c870   0x0800c870   0x00000038   Code   RO         1749    .text.pwmc_close    pwmc.o
    0x0800c8a8   0x0800c8a8   0x00000060   Code   RO         1751    .text.pwmc_ioctl    pwmc.o
    0x0800c908   0x0800c908   0x0000004a   Code   RO         1753    .text.pwmc_irq_handler  pwmc.o
    0x0800c952   0x0800c952   0x00000006   PAD
    0x0800c958   0x0800c958   0x000000d0   Code   RO         1747    .text.pwmc_open     pwmc.o
    0x0800ca28   0x0800ca28   0x0000002c   Code   RO         1884    .text.sensor_profile_is_valid  foc_profile.o
    0x0800ca54   0x0800ca54   0x00000004   PAD
    0x0800ca58   0x0800ca58   0x00000018   Code   RO           29    .text.tick_inc      cpu.o
    0x0800ca70   0x0800ca70   0x00000026   Code   RO         1987    i.__ARM_fpclassifyf  m_wv.l(fpclassifyf.o)
    0x0800ca96   0x0800ca96   0x00000002   PAD
    0x0800ca98   0x0800ca98   0x00000150   Code   RO         1914    i.__hardfp_cosf     m_wv.l(cosf.o)
    0x0800cbe8   0x0800cbe8   0x00000190   Code   RO         1920    i.__hardfp_sinf     m_wv.l(sinf.o)
    0x0800cd78   0x0800cd78   0x00000006   Code   RO         1990    i.__mathlib_flt_infnan  m_wv.l(funder.o)
    0x0800cd7e   0x0800cd7e   0x00000002   PAD
    0x0800cd80   0x0800cd80   0x00000010   Code   RO         1992    i.__mathlib_flt_invalid  m_wv.l(funder.o)
    0x0800cd90   0x0800cd90   0x00000010   Code   RO         1995    i.__mathlib_flt_underflow  m_wv.l(funder.o)
    0x0800cda0   0x0800cda0   0x00000154   Code   RO         2003    i.__mathlib_rredf2  m_wv.l(rredf.o)
    0x0800cef4   0x0800cef4   0x0000001a   Code   RO         2030    x$fpl$fpinit        fz_wv.l(fpinit.o)
    0x0800cf0e   0x0800cf0e   0x00000002   PAD
    0x0800cf10   0x0800cf10   0x00000020   Data   RO         2004    .constdata          m_wv.l(rredf.o)
    0x0800cf30   0x0800cf30   0x00000010   Data   RO           96    .rodata.D1CorePrescTable  system_stm32h7xx.o
    0x0800cf40   0x0800cf40   0x00000008   Data   RO          321    .rodata.DMA_CalcBaseAndBitshift.flagBitshiftOffset  stm32h7xx_hal_dma.o
    0x0800cf48   0x0800cf48   0x00000014   Data   RO         1677    .rodata.str1.1      app_foc.o
    0x0800cf5c   0x0800cf5c   0x00000060   Data   RO         2131    Region$$Table       anon$$obj.o
    0x0800cfbc   0x0800cfbc   0x00000004   Data   RO         1612    .init_array         foc_port.o
    0x0800cfc0   0x0800cfbc   0x00000004   Data   RO         1637    .init_array         motor_adc.o
    0x0800cfc4   0x0800cfbc   0x00000004   Data   RO         1660    .init_array         motor_pwm.o
    0x0800cfc8   0x0800cfbc   0x00000004   Data   RO         1739    .init_array         analog.o
    0x0800cfcc   0x0800cfbc   0x00000004   Data   RO         1788    .init_array         pwmc.o
    0x0800cfd0   0x0800cfbc   0x00000000   Data   RO         1909    .init_array         c_w.l(init_aeabi.o)


    Execution Region DEV_REGION (Exec base: 0x20000000, Load base: 0x0800cfd0, Size: 0x00000060, Max: 0x00000200, ABSOLUTE)

    Exec Addr    Load Addr    Size         Type   Attr      Idx    E Section Name        Object

    0x20000000   0x0800cfd0   0x00000030   Data   RW         1634    .dev_defined        motor_adc.o
    0x20000030   0x0800d000   0x00000030   Data   RW         1658    .dev_defined        motor_pwm.o


    Execution Region DRV_REGION (Exec base: 0x20000200, Load base: 0x0800d030, Size: 0x00000048, Max: 0x00000200, ABSOLUTE)

    Exec Addr    Load Addr    Size         Type   Attr      Idx    E Section Name        Object

    0x20000200   0x0800d030   0x00000024   Data   RW         1736    .drv_defined        analog.o
    0x20000224   0x0800d054   0x00000024   Data   RW         1785    .drv_defined        pwmc.o


    Execution Region RW_DTCM (Exec base: 0x20000400, Load base: 0x0800d078, Size: 0x000000f4, Max: 0x0001fc00, ABSOLUTE)

    Exec Addr    Load Addr    Size         Type   Attr      Idx    E Section Name        Object

    0x20000400   0x0800d078   0x000000f4   Data   RW         1676    .dtcm_data          app_foc.o


    Execution Region RW_AXI_SRAM (Exec base: 0x24000000, Load base: 0x0800d178, Size: 0x00000940, Max: 0x00080000, ABSOLUTE)

    Exec Addr    Load Addr    Size         Type   Attr      Idx    E Section Name        Object

    0x24000000   0x0800d178   0x00000004   Data   RW           94    .data.SystemCoreClock  system_stm32h7xx.o
    0x24000004   0x0800d17c   0x00000004   Data   RW           95    .data.SystemD2Clock  system_stm32h7xx.o
    0x24000008   0x0800d180   0x0000002c   Data   RW         1610    .data.g_ctrl_cfg    foc_port.o
    0x24000034   0x0800d1ac   0x0000001c   Data   RW         1607    .data.g_motor_profile  foc_port.o
    0x24000050   0x0800d1c8   0x00000020   Data   RW         1608    .data.g_power_stage_profile  foc_port.o
    0x24000070   0x0800d1e8   0x00000014   Data   RW         1609    .data.g_sensor_profile  foc_port.o
    0x24000084   0x0800d1fc   0x00000001   Data   RW          201    .data.uwTickFreq    stm32h7xx_hal.o
    0x24000085   0x0800d1fd   0x00000003   PAD
    0x24000088   0x0800d200   0x00000004   Data   RW          200    .data.uwTickPrio    stm32h7xx_hal.o
    0x2400008c   0x0800d204   0x00000004   PAD
    0x24000090        -       0x00000060   Zero   RW         2033    .bss                c_w.l(libspace.o)
    0x240000f0        -       0x00000014   Zero   RW         1611    .bss.g_foc_port_hal_ops  foc_port.o
    0x24000104        -       0x00000064   Zero   RW         1636    .bss.hadc1          motor_adc.o
    0x24000168        -       0x00000078   Zero   RW         1635    .bss.hdma_adc1      motor_adc.o
    0x240001e0        -       0x0000004c   Zero   RW         1659    .bss.htim1          motor_pwm.o
    0x2400022c        -       0x00000020   Zero   RW         1738    .bss.ioctl_cbs      analog.o
    0x2400024c        -       0x00000048   Zero   RW         1787    .bss.ioctl_cbs      pwmc.o
    0x24000294        -       0x00000004   Zero   RW           44    .bss.s_critical_depth  cpu.o
    0x24000298        -       0x00000018   Zero   RW         1633    .bss.s_motor_adc_desc  motor_adc.o
    0x240002b0        -       0x00000078   Zero   RW         1657    .bss.s_motor_pwm_desc  motor_pwm.o
    0x24000328        -       0x00000008   Zero   RW           43    .bss.s_ticks        cpu.o
    0x24000330        -       0x0000000c   Zero   RW           42    .bss.uuid           cpu.o
    0x2400033c        -       0x00000004   Zero   RW          202    .bss.uwTick         stm32h7xx_hal.o
    0x24000340        -       0x00000200   Zero   RW           79    HEAP                startup_stm32h743xx.o
    0x24000540        -       0x00000400   Zero   RW           78    STACK               startup_stm32h743xx.o


    Execution Region RW_D2_DMA (Exec base: 0x30000000, Load base: 0x0800d16c, Size: 0x00000008, Max: 0x00048000, ABSOLUTE)

    Exec Addr    Load Addr    Size         Type   Attr      Idx    E Section Name        Object

    0x30000000   0x0800d16c   0x00000006   Data   RW         1632    .dma_buffer         motor_adc.o


==============================================================================

Image component sizes


      Code (inc. data)   RO Data    RW Data    ZI Data      Debug   Object Name

       758          0          4         36         32       4309   analog.o
       412          0         20        244          0       5272   app_foc.o
       582          0         37          0         24       9698   cpu.o
       434          0          0          0          0       2889   device.o
       132          0          0          0          0       1653   driver.o
       382          0          0          0          0       2068   foc_pi.o
       388          0          4        124         20       4853   foc_port.o
       290          0          0          0          0       3357   foc_profile.o
       622         10          0          0          0       1817   foc_svpwm.o
       416         12          0          0          0       2161   foc_transform.o
        40          0          0          0          0        429   main.o
       842          0          4         54        244      10313   motor_adc.o
      1194          0          4         48        196      12685   motor_pwm.o
       730          0          0          0          0       6552   pmsm_foc.o
      2128          0          4         36         72       7212   pwmc.o
        72         30        664          0       1536        900   startup_stm32h743xx.o
       342          0          0          5          4      13857   stm32h7xx_hal.o
      5708          0          0          0          0      22038   stm32h7xx_hal_adc.o
       982          0          0          0          0      21591   stm32h7xx_hal_adc_ex.o
       478          0          0          0          0      11663   stm32h7xx_hal_cortex.o
     11414          8          8          0          0      12918   stm32h7xx_hal_dma.o
      1048          0          0          0          0       7131   stm32h7xx_hal_gpio.o
       162          0          0          0          0      10470   stm32h7xx_hal_pwr_ex.o
      4974         66          0          0          0      12058   stm32h7xx_hal_rcc.o
     10350        118          0          0          0      19416   stm32h7xx_hal_rcc_ex.o
      3410         22          0          0          0      37671   stm32h7xx_hal_tim.o
      1088          0          0          0          0      17606   stm32h7xx_hal_tim_ex.o
        52          0          0          0          0       1121   stm32h7xx_it.o
       398          0         16          8          0       6071   system_stm32h7xx.o

    ----------------------------------------------------------------------
     50420        270        864        560       2132     269779   Object Totals
         0          0         96          0          0          0   (incl. Generated)
       592          4          3          5          4          0   (incl. Padding)

    ----------------------------------------------------------------------

      Code (inc. data)   RO Data    RW Data    ZI Data      Debug   Library Member Name

        58          0          0          0          0          0   __dczerorl.o
         8          0          0          0          0         68   __main.o
         0          0          0          0          0          0   __rtentry.o
        12          0          0          0          0          0   __rtentry2.o
         6          0          0          0          0          0   __rtentry4.o
        94          8          0          0          0          0   __scatter.o
        26          0          0          0          0          0   __scatter_copy.o
        28          0          0          0          0          0   __scatter_zi.o
        22          0          0          0          0        100   _rserrno.o
        18          0          0          0          0         80   exit.o
         6          0          0          0          0        152   heapauxi.o
         0          0          0          0          0          0   indicate_semi.o
        44          8          0          0          0         80   init_aeabi.o
         2          0          0          0          0          0   libinit.o
        10          0          0          0          0          0   libinit2.o
         2          0          0          0          0          0   libshutdown.o
         2          0          0          0          0          0   libshutdown2.o
         8          4          0          0         96         68   libspace.o
         8          4          0          0          0         68   rt_errno_addr_intlibspace.o
        78          0          0          0          0         80   rt_memclr_w.o
         2          0          0          0          0          0   rtexit.o
        10          0          0          0          0          0   rtexit2.o
       150          0          0          0          0         80   strncmp.o
        12          4          0          0          0         68   sys_exit.o
        74          0          0          0          0         80   sys_stackheap_outer.o
         2          0          0          0          0         68   use_no_semi.o
        26          0          0          0          0        116   fpinit.o
         0          0          0          0          0          0   usenofp.o
       336         56          0          0          0        136   cosf.o
        38          0          0          0          0        116   fpclassifyf.o
        38         12          0          0          0        348   funder.o
       340         24         32          0          0        160   rredf.o
       400         56          0          0          0        212   sinf.o

    ----------------------------------------------------------------------
      1884        176         32          0         96       2080   Library Totals
        24          0          0          0          0          0   (incl. Padding)

    ----------------------------------------------------------------------

      Code (inc. data)   RO Data    RW Data    ZI Data      Debug   Library Name

       682         28          0          0         96        992   c_w.l
        26          0          0          0          0        116   fz_wv.l
      1152        148         32          0          0        972   m_wv.l

    ----------------------------------------------------------------------
      1884        176         32          0         96       2080   Library Totals

    ----------------------------------------------------------------------

==============================================================================


      Code (inc. data)   RO Data    RW Data    ZI Data      Debug   

     52304        446        896        560       2228     270439   Grand Totals
     52304        446        896        560       2228     270439   ELF Image Totals
     52304        446        896        560          0          0   ROM Totals

==============================================================================

    Total RO  Size (Code + RO Data)                53200 (  51.95kB)
    Total RW  Size (RW Data + ZI Data)              2788 (   2.72kB)
    Total ROM Size (Code + RO Data + RW Data)      53760 (  52.50kB)

==============================================================================

