Component: Arm Compiler for Embedded 6.24 Tool: armlink [5f371500]

==============================================================================

Section Cross References

    app_comm.o(.text.app_comm_init) refers to app_comm.o(.bss.g_app_comm) for g_app_comm
    app_comm.o(.text.app_comm_init) refers to device.o(.text.device_open) for device_open
    app_comm.o(.text.app_comm_init) refers to vofa.o(.text.vofa_init) for vofa_init
    app_comm.o(.ARM.exidx.text.app_comm_init) refers to app_comm.o(.text.app_comm_init) for [Anonymous Symbol]
    app_comm.o(.text.app_comm_send_foc_realtime) refers to app_comm.o(.bss.g_app_comm) for g_app_comm
    app_comm.o(.text.app_comm_send_foc_realtime) refers to vofa.o(.text.vofa_send) for vofa_send
    app_comm.o(.ARM.exidx.text.app_comm_send_foc_realtime) refers to app_comm.o(.text.app_comm_send_foc_realtime) for [Anonymous Symbol]
    app_comm.o(.ARM.exidx.text.app_comm_process) refers to app_comm.o(.text.app_comm_process) for [Anonymous Symbol]
    app_foc.o(.text.app_foc_init) refers to app_msgbus.o(.text.app_msgbus_get_bus) for app_msgbus_get_bus
    app_foc.o(.text.app_foc_init) refers to app_foc.o(.dtcm_data) for g_app_foc
    app_foc.o(.text.app_foc_init) refers to rt_memclr_w.o(.text) for __aeabi_memclr4
    app_foc.o(.text.app_foc_init) refers to bsp_foc.o(.text.foc_port_init) for foc_port_init
    app_foc.o(.text.app_foc_init) refers to message_bus.o(.text.msgbus_node_init) for msgbus_node_init
    app_foc.o(.text.app_foc_init) refers to bsp_foc.o(.text.foc_port_get_motor_profile) for foc_port_get_motor_profile
    app_foc.o(.text.app_foc_init) refers to bsp_foc.o(.text.foc_port_get_power_stage_profile) for foc_port_get_power_stage_profile
    app_foc.o(.text.app_foc_init) refers to bsp_foc.o(.text.foc_port_get_sensor_profile) for foc_port_get_sensor_profile
    app_foc.o(.text.app_foc_init) refers to bsp_foc.o(.text.foc_port_get_ctrl_cfg) for foc_port_get_ctrl_cfg
    app_foc.o(.text.app_foc_init) refers to bsp_foc.o(.text.foc_port_get_hal_ops) for foc_port_get_hal_ops
    app_foc.o(.text.app_foc_init) refers to bsp_foc.o(.text.foc_port_get_hal_user_data) for foc_port_get_hal_user_data
    app_foc.o(.text.app_foc_init) refers to pmsm_foc.o(.text.pmsm_foc_init) for pmsm_foc_init
    app_foc.o(.text.app_foc_init) refers to app_foc.o(.text._app_foc_service_handler) for _app_foc_service_handler
    app_foc.o(.text.app_foc_init) refers to message_bus.o(.text.msgbus_service_advertise) for msgbus_service_advertise
    app_foc.o(.text.app_foc_init) refers to app_foc.o(.text._app_foc_current_loop_irq) for _app_foc_current_loop_irq
    app_foc.o(.text.app_foc_init) refers to bsp_foc.o(.text.foc_port_register_current_loop_irq) for foc_port_register_current_loop_irq
    app_foc.o(.text.app_foc_init) refers to pmsm_foc.o(.text.pmsm_foc_clear_electrical_zero_offset) for pmsm_foc_clear_electrical_zero_offset
    app_foc.o(.text.app_foc_init) refers to message_bus.o(.text.msgbus_node_deinit) for msgbus_node_deinit
    app_foc.o(.ARM.exidx.text.app_foc_init) refers to app_foc.o(.text.app_foc_init) for [Anonymous Symbol]
    app_foc.o(.text._app_foc_service_handler) refers to logic_foc_calibration.o(.text.logic_foc_calibration_is_active) for logic_foc_calibration_is_active
    app_foc.o(.text._app_foc_service_handler) refers to app_foc.o(.dtcm_data) for g_app_foc
    app_foc.o(.text._app_foc_service_handler) refers to pmsm_foc.o(.text.pmsm_foc_stop) for pmsm_foc_stop
    app_foc.o(.text._app_foc_service_handler) refers to logic_foc_calibration.o(.text.logic_foc_calibration_request_start) for logic_foc_calibration_request_start
    app_foc.o(.text._app_foc_service_handler) refers to pmsm_foc.o(.text.pmsm_foc_set_speed_ref) for pmsm_foc_set_speed_ref
    app_foc.o(.text._app_foc_service_handler) refers to pmsm_foc.o(.text.pmsm_foc_speed_loop) for pmsm_foc_speed_loop
    app_foc.o(.text._app_foc_service_handler) refers to pmsm_foc.o(.text.pmsm_foc_start) for pmsm_foc_start
    app_foc.o(.text._app_foc_service_handler) refers to pmsm_foc.o(.text.pmsm_foc_set_current_ref) for pmsm_foc_set_current_ref
    app_foc.o(.ARM.exidx.text._app_foc_service_handler) refers to app_foc.o(.text._app_foc_service_handler) for [Anonymous Symbol]
    app_foc.o(.text._app_foc_current_loop_irq) refers to logic_foc_calibration.o(.text.logic_foc_calibration_is_active) for logic_foc_calibration_is_active
    app_foc.o(.text._app_foc_current_loop_irq) refers to app_foc.o(.dtcm_data) for g_app_foc
    app_foc.o(.text._app_foc_current_loop_irq) refers to pmsm_foc.o(.text.pmsm_foc_current_loop) for pmsm_foc_current_loop
    app_foc.o(.text._app_foc_current_loop_irq) refers to bsp_foc.o(.text.foc_port_update_current_zero_drift_sample) for foc_port_update_current_zero_drift_sample
    app_foc.o(.text._app_foc_current_loop_irq) refers to pmsm_foc.o(.text.pmsm_foc_update_current_feedback) for pmsm_foc_update_current_feedback
[...]
    HAL_SPI_DeInit                           0x080058f9   Thumb Code    48  stm32h7xx_hal_spi.o(.text.HAL_SPI_DeInit)
    HAL_SPI_Init                             0x08005929   Thumb Code   624  stm32h7xx_hal_spi.o(.text.HAL_SPI_Init)
    HAL_SPI_MspDeInit                        0x08005b99   Thumb Code    78  bsp_spi.o(.text.HAL_SPI_MspDeInit)
    HAL_SPI_MspInit                          0x08005be9   Thumb Code   268  bsp_spi.o(.text.HAL_SPI_MspInit)
    HAL_SPI_Receive                          0x08005cf9   Thumb Code   724  stm32h7xx_hal_spi.o(.text.HAL_SPI_Receive)
    HAL_SPI_Transmit                         0x08005fd1   Thumb Code   664  stm32h7xx_hal_spi.o(.text.HAL_SPI_Transmit)
    HAL_SYSCFG_AnalogSwitchConfig            0x08006269   Thumb Code    20  stm32h7xx_hal.o(.text.HAL_SYSCFG_AnalogSwitchConfig)
    HAL_SYSTICK_Config                       0x08006281   Thumb Code    46  stm32h7xx_hal_cortex.o(.text.HAL_SYSTICK_Config)
    HAL_TIMEx_ConfigBreakDeadTime            0x080062b1   Thumb Code   152  stm32h7xx_hal_tim_ex.o(.text.HAL_TIMEx_ConfigBreakDeadTime)
    HAL_TIMEx_MasterConfigSynchronization    0x08006349   Thumb Code   206  stm32h7xx_hal_tim_ex.o(.text.HAL_TIMEx_MasterConfigSynchronization)
    HAL_TIMEx_PWMN_Start                     0x08006419   Thumb Code   272  stm32h7xx_hal_tim_ex.o(.text.HAL_TIMEx_PWMN_Start)
    HAL_TIM_PWM_ConfigChannel                0x080065e9   Thumb Code  1202  stm32h7xx_hal_tim.o(.text.HAL_TIM_PWM_ConfigChannel)
    HAL_TIM_PWM_Init                         0x08006aa1   Thumb Code    96  stm32h7xx_hal_tim.o(.text.HAL_TIM_PWM_Init)
    HAL_TIM_PWM_MspInit                      0x08006b01   Thumb Code    46  bsp_pwm.o(.text.HAL_TIM_PWM_MspInit)
    HAL_TIM_PWM_Start                        0x08006b31   Thumb Code   352  stm32h7xx_hal_tim.o(.text.HAL_TIM_PWM_Start)
    HAL_UARTEx_DisableFifoMode               0x08006c91   Thumb Code    54  stm32h7xx_hal_uart_ex.o(.text.HAL_UARTEx_DisableFifoMode)
    HAL_UARTEx_ReceiveToIdle_IT              0x08006cc9   Thumb Code   140  stm32h7xx_hal_uart_ex.o(.text.HAL_UARTEx_ReceiveToIdle_IT)
    HAL_UARTEx_RxEventCallback               0x08006d59   Thumb Code    34  bsp_uart.o(.text.HAL_UARTEx_RxEventCallback)
    HAL_UARTEx_RxFifoFullCallback            0x08006d81   Thumb Code     2  stm32h7xx_hal_uart_ex.o(.text.HAL_UARTEx_RxFifoFullCallback)
    HAL_UARTEx_TxFifoEmptyCallback           0x08006d89   Thumb Code     2  stm32h7xx_hal_uart_ex.o(.text.HAL_UARTEx_TxFifoEmptyCallback)
    HAL_UARTEx_WakeupCallback                0x08006d91   Thumb Code     2  stm32h7xx_hal_uart_ex.o(.text.HAL_UARTEx_WakeupCallback)
    HAL_UART_DeInit                          0x08006d99   Thumb Code    64  stm32h7xx_hal_uart.o(.text.HAL_UART_DeInit)
    HAL_UART_ErrorCallback                   0x08006dd9   Thumb Code    48  bsp_uart.o(.text.HAL_UART_ErrorCallback)
    HAL_UART_IRQHandler                      0x08006e09   Thumb Code  1674  stm32h7xx_hal_uart.o(.text.HAL_UART_IRQHandler)
    HAL_UART_Init                            0x08007499   Thumb Code   100  stm32h7xx_hal_uart.o(.text.HAL_UART_Init)
    HAL_UART_MspDeInit                       0x08007501   Thumb Code    60  bsp_uart.o(.text.HAL_UART_MspDeInit)
    HAL_UART_MspInit                         0x08007541   Thumb Code   160  bsp_uart.o(.text.HAL_UART_MspInit)
    HAL_UART_RxCpltCallback                  0x080075e1   Thumb Code     2  stm32h7xx_hal_uart.o(.text.HAL_UART_RxCpltCallback)
    HAL_UART_Transmit_IT                     0x080075e9   Thumb Code   308  stm32h7xx_hal_uart.o(.text.HAL_UART_Transmit_IT)
    HAL_UART_TxCpltCallback                  0x08007721   Thumb Code    34  bsp_uart.o(.text.HAL_UART_TxCpltCallback)
    HardFault_Handler                        0x08007749   Thumb Code     2  stm32h7xx_it.o(.text.HardFault_Handler)
    MemManage_Handler                        0x08007751   Thumb Code     2  stm32h7xx_it.o(.text.MemManage_Handler)
    NMI_Handler                              0x08007759   Thumb Code     2  stm32h7xx_it.o(.text.NMI_Handler)
    PendSV_Handler                           0x08007761   Thumb Code     2  stm32h7xx_it.o(.text.PendSV_Handler)
    SVC_Handler                              0x08007ab1   Thumb Code     2  stm32h7xx_it.o(.text.SVC_Handler)
    SysTick_Handler                          0x08007ab9   Thumb Code    20  stm32h7xx_it.o(.text.SysTick_Handler)
    SystemInit                               0x08007ad1   Thumb Code   238  system_stm32h7xx.o(.text.SystemInit)
    TIM_Base_SetConfig                       0x08007bc1   Thumb Code   334  stm32h7xx_hal_tim.o(.text.TIM_Base_SetConfig)
    UART_AdvFeatureConfig                    0x08007d11   Thumb Code   224  stm32h7xx_hal_uart.o(.text.UART_AdvFeatureConfig)
    UART_CheckIdleState                      0x08007df1   Thumb Code   366  stm32h7xx_hal_uart.o(.text.UART_CheckIdleState)
    UART_SetConfig                           0x08008989   Thumb Code  1160  stm32h7xx_hal_uart.o(.text.UART_SetConfig)
    UART_Start_Receive_IT                    0x08008e19   Thumb Code   636  stm32h7xx_hal_uart.o(.text.UART_Start_Receive_IT)
    UART_WaitOnFlagUntilTimeout              0x08009411   Thumb Code   856  stm32h7xx_hal_uart.o(.text.UART_WaitOnFlagUntilTimeout)
    USART1_IRQHandler                        0x08009769   Thumb Code    12  bsp_uart.o(.text.USART1_IRQHandler)
    UsageFault_Handler                       0x08009779   Thumb Code     2  stm32h7xx_it.o(.text.UsageFault_Handler)
    __heap_free                              0x08009e19   Thumb Code   184  heap.o(.text.__heap_free)
    __heap_malloc                            0x08009ed1   Thumb Code   422  heap.o(.text.__heap_malloc)
    _fp_timer_core_init                      0x0800b2a9   Thumb Code    14  soft_timer.o(.text._fp_timer_core_init)
    app_comm_init                            0x0800c361   Thumb Code    56  app_comm.o(.text.app_comm_init)
    app_comm_process                         0x0800c3a1   Thumb Code     2  app_comm.o(.text.app_comm_process)
    app_comm_send_foc_realtime               0x0800c3a9   Thumb Code    92  app_comm.o(.text.app_comm_send_foc_realtime)
    app_foc_get_foc                          0x0800c409   Thumb Code    10  app_foc.o(.text.app_foc_get_foc)
    app_foc_init                             0x0800c419   Thumb Code   280  app_foc.o(.text.app_foc_init)
    app_key_init                             0x0800c541   Thumb Code   132  app_key.o(.text.app_key_init)
    app_key_process                          0x0800c5e1   Thumb Code   174  app_key.o(.text.app_key_process)
    app_msgbus_get_bus                       0x0800c691   Thumb Code    18  app_msgbus.o(.text.app_msgbus_get_bus)
    app_msgbus_init                          0x0800c6a9   Thumb Code    48  app_msgbus.o(.text.app_msgbus_init)
    bsp_encoder_get_mechanical_angle_sample  0x0800c6e1   Thumb Code   228  bsp_encoder.o(.text.bsp_encoder_get_mechanical_angle_sample)
    bsp_encoder_init                         0x0800c7d1   Thumb Code    64  bsp_encoder.o(.text.bsp_encoder_init)
    cpu_config                               0x0800c821   Thumb Code   318  cpu.o(.text.cpu_config)
    device_close                             0x0800c961   Thumb Code    64  device.o(.text.device_close)
    device_ioctl                             0x0800c9a1   Thumb Code    22  device.o(.text.device_ioctl)
    device_irq_process                       0x0800c9b9   Thumb Code    30  device.o(.text.device_irq_process)
    device_open                              0x0800c9d9   Thumb Code   146  device.o(.text.device_open)
    device_write                             0x0800ca71   Thumb Code    30  device.o(.text.device_write)
    driver_search_device                     0x0800ca91   Thumb Code   108  driver.o(.text.driver_search_device)
    foc_clarke                               0x0800cb01   Thumb Code    52  foc_transform.o(.text.foc_clarke)
    foc_ctrl_cfg_is_valid                    0x0800cb39   Thumb Code    20  foc_profile.o(.text.foc_ctrl_cfg_is_valid)
    foc_inv_park                             0x0800cb51   Thumb Code    96  foc_transform.o(.text.foc_inv_park)
    foc_park                                 0x0800cbb9   Thumb Code    96  foc_transform.o(.text.foc_park)
    foc_pi_init                              0x0800cc21   Thumb Code    42  foc_pi.o(.text.foc_pi_init)
    foc_pi_reset                             0x0800cc51   Thumb Code    14  foc_pi.o(.text.foc_pi_reset)
    foc_pi_run                               0x0800cc61   Thumb Code   104  foc_pi.o(.text.foc_pi_run)
    foc_pi_set_output_limit                  0x0800ccd1   Thumb Code    22  foc_pi.o(.text.foc_pi_set_output_limit)
    foc_port_get_ctrl_cfg                    0x0800cce9   Thumb Code    10  bsp_foc.o(.text.foc_port_get_ctrl_cfg)
    foc_port_get_hal_ops                     0x0800ccf9   Thumb Code    10  bsp_foc.o(.text.foc_port_get_hal_ops)
    foc_port_get_hal_user_data               0x0800cd09   Thumb Code    10  bsp_foc.o(.text.foc_port_get_hal_user_data)
    foc_port_get_motor_profile               0x0800cd19   Thumb Code    10  bsp_foc.o(.text.foc_port_get_motor_profile)
    foc_port_get_power_stage_profile         0x0800cd29   Thumb Code    12  bsp_foc.o(.text.foc_port_get_power_stage_profile)
    foc_port_get_sensor_profile              0x0800cd39   Thumb Code    12  bsp_foc.o(.text.foc_port_get_sensor_profile)
    foc_port_init                            0x0800cd49   Thumb Code   152  bsp_foc.o(.text.foc_port_init)
    foc_port_register_current_loop_irq       0x0800cdf9   Thumb Code    52  bsp_foc.o(.text.foc_port_register_current_loop_irq)
    foc_port_update_current_zero_drift_sample 0x0800ce31   Thumb Code   132  bsp_foc.o(.text.foc_port_update_current_zero_drift_sample)
    foc_svpwm_run                            0x0800ceb9   Thumb Code   464  foc_svpwm.o(.text.foc_svpwm_run)
    foc_zero_calibration_apply_alignment_vector 0x0800d099   Thumb Code    36  foc_zero_calibration.o(.text.foc_zero_calibration_apply_alignment_vector)
    foc_zero_calibration_calc_electrical_zero_offset 0x0800d0c1   Thumb Code   200  foc_zero_calibration.o(.text.foc_zero_calibration_calc_electrical_zero_offset)
    foc_zero_calibration_update_average      0x0800d199   Thumb Code    34  foc_zero_calibration.o(.text.foc_zero_calibration_update_average)
    fp_sftm_tick_inc                         0x0800d1c1   Thumb Code    20  soft_timer.o(.text.fp_sftm_tick_inc)
    fp_timer_create                          0x0800d1d9   Thumb Code   112  soft_timer.o(.text.fp_timer_create)
    fp_timer_handler                         0x0800d249   Thumb Code   536  soft_timer.o(.text.fp_timer_handler)
    logic_debug_init                         0x0800d671   Thumb Code    72  logic_debug.o(.text.logic_debug_init)
    logic_foc_calibration_init               0x0800d6c9   Thumb Code    34  logic_foc_calibration.o(.text.logic_foc_calibration_init)
    logic_foc_calibration_is_active          0x0800d6f1   Thumb Code    18  logic_foc_calibration.o(.text.logic_foc_calibration_is_active)
    logic_foc_calibration_process            0x0800d709   Thumb Code   288  logic_foc_calibration.o(.text.logic_foc_calibration_process)
    logic_foc_calibration_request_start      0x0800d831   Thumb Code    52  logic_foc_calibration.o(.text.logic_foc_calibration_request_start)
    logic_key_init                           0x0800d869   Thumb Code   152  logic_key.o(.text.logic_key_init)
    low_pass_filter_f                        0x0800d929   Thumb Code    46  butter.o(.text.low_pass_filter_f)
    main                                     0x0800d959   Thumb Code   114  main.o(.text.main)
    motor_profile_is_valid                   0x0800d9d1   Thumb Code    16  foc_profile.o(.text.motor_profile_is_valid)
    msgbus_init                              0x0800d9e1   Thumb Code    38  message_bus.o(.text.msgbus_init)
    msgbus_node_deinit                       0x0800da09   Thumb Code   160  message_bus.o(.text.msgbus_node_deinit)
    msgbus_node_init                         0x0800daa9   Thumb Code   122  message_bus.o(.text.msgbus_node_init)
    msgbus_service_advertise                 0x0800db29   Thumb Code   168  message_bus.o(.text.msgbus_service_advertise)
    msgbus_service_call                      0x0800dbd1   Thumb Code    66  message_bus.o(.text.msgbus_service_call)
    msgbus_service_find                      0x0800dc19   Thumb Code    58  message_bus.o(.text.msgbus_service_find)
    msgbus_topic_find                        0x0800dc59   Thumb Code    58  message_bus.o(.text.msgbus_topic_find)
    msgbus_topic_publish                     0x0800dc99   Thumb Code    74  message_bus.o(.text.msgbus_topic_publish)
    msgbus_topic_register                    0x0800dce9   Thumb Code   140  message_bus.o(.text.msgbus_topic_register)
    msgbus_topic_subscribe                   0x0800dd79   Thumb Code   212  message_bus.o(.text.msgbus_topic_subscribe)
    pingpong_buffer_get_read_buf             0x0800de51   Thumb Code    40  pingpong.o(.text.pingpong_buffer_get_read_buf)
    pingpong_buffer_get_write_buf            0x0800de79   Thumb Code   100  pingpong.o(.text.pingpong_buffer_get_write_buf)
    pingpong_buffer_init                     0x0800dee1   Thumb Code    12  pingpong.o(.text.pingpong_buffer_init)
    pingpong_buffer_set_read_done            0x0800def1   Thumb Code    16  pingpong.o(.text.pingpong_buffer_set_read_done)
    pingpong_buffer_set_write_done           0x0800df01   Thumb Code    20  pingpong.o(.text.pingpong_buffer_set_write_done)
    pmsm_foc_apply_voltage_vector            0x0800df19   Thumb Code   102  pmsm_foc.o(.text.pmsm_foc_apply_voltage_vector)
    pmsm_foc_clear_electrical_zero_offset    0x0800df81   Thumb Code    18  pmsm_foc.o(.text.pmsm_foc_clear_electrical_zero_offset)
    pmsm_foc_current_loop                    0x0800df99   Thumb Code   120  pmsm_foc.o(.text.pmsm_foc_current_loop)
    pmsm_foc_init                            0x0800e011   Thumb Code   228  pmsm_foc.o(.text.pmsm_foc_init)
    pmsm_foc_set_current_ref                 0x0800e0f9   Thumb Code    14  pmsm_foc.o(.text.pmsm_foc_set_current_ref)
    pmsm_foc_set_electrical_zero_offset      0x0800e109   Thumb Code   152  pmsm_foc.o(.text.pmsm_foc_set_electrical_zero_offset)
    pmsm_foc_set_speed_ref                   0x0800e1a9   Thumb Code    10  pmsm_foc.o(.text.pmsm_foc_set_speed_ref)
    pmsm_foc_speed_loop                      0x0800e1b9   Thumb Code    44  pmsm_foc.o(.text.pmsm_foc_speed_loop)
    pmsm_foc_start                           0x0800e1e9   Thumb Code   196  pmsm_foc.o(.text.pmsm_foc_start)
    pmsm_foc_stop                            0x0800e2b1   Thumb Code    82  pmsm_foc.o(.text.pmsm_foc_stop)
    pmsm_foc_update_current_feedback         0x0800e309   Thumb Code     4  pmsm_foc.o(.text.pmsm_foc_update_current_feedback)
    power_stage_profile_is_valid             0x0800e311   Thumb Code    16  foc_profile.o(.text.power_stage_profile_is_valid)
    sensor_profile_is_valid                  0x0800eb51   Thumb Code    32  foc_profile.o(.text.sensor_profile_is_valid)
    tick_get                                 0x0800eb71   Thumb Code    14  cpu.o(.text.tick_get)
    tick_get_from_isr                        0x0800eb81   Thumb Code    14  cpu.o(.text.tick_get_from_isr)
    tick_inc                                 0x0800eb91   Thumb Code    42  cpu.o(.text.tick_inc)
    tle5012b_sensor_init                     0x0800ebc1   Thumb Code    46  tle5012b_sensor.o(.text.tle5012b_sensor_init)
    tle5012b_sensor_read_angle               0x0800ebf1   Thumb Code    96  tle5012b_sensor.o(.text.tle5012b_sensor_read_angle)
    udelay                                   0x0800ec59   Thumb Code   106  cpu.o(.text.udelay)
    vofa_init                                0x0800ecc9   Thumb Code    22  vofa.o(.text.vofa_init)
    vofa_send                                0x0800ece1   Thumb Code    70  vofa.o(.text.vofa_send)
    __ARM_fpclassifyf                        0x0800ed27   Thumb Code    38  fpclassifyf.o(i.__ARM_fpclassifyf)
    __hardfp_cosf                            0x0800ed4d   Thumb Code   280  cosf.o(i.__hardfp_cosf)
    __hardfp_sinf                            0x0800ee9d   Thumb Code   344  sinf.o(i.__hardfp_sinf)
    __mathlib_flt_invalid                    0x0800f02d   Thumb Code    10  funder.o(i.__mathlib_flt_invalid)
    __mathlib_flt_underflow                  0x0800f03d   Thumb Code    10  funder.o(i.__mathlib_flt_underflow)
    __mathlib_rredf2                         0x0800f04d   Thumb Code   316  rredf.o(i.__mathlib_rredf2)
    _fp_init                                 0x0800f1a1   Thumb Code    26  fpinit.o(x$fpl$fpinit)
    __fplib_config_fpu_vfp                   0x0800f1b9   Thumb Code     0  fpinit.o(x$fpl$fpinit)
    __fplib_config_pureend_doubles           0x0800f1b9   Thumb Code     0  fpinit.o(x$fpl$fpinit)
    __I$use$fp                               0x0800f1ba   Number         0  usenofp.o(x$fpl$usenofp)
    D1CorePrescTable                         0x0800f210   Data          16  system_stm32h7xx.o(.rodata.D1CorePrescTable)
    UARTPrescTable                           0x0800f220   Data          24  stm32h7xx_hal_uart.o(.rodata.UARTPrescTable)
    Region$$Table$$Base                      0x0800f338   Number         0  anon$$obj.o(Region$$Table)
    Region$$Table$$Limit                     0x0800f398   Number         0  anon$$obj.o(Region$$Table)
    SHT$$INIT_ARRAY$$Base                    0x0800f398   Number         0  bsp_foc.o(.init_array)
    SHT$$INIT_ARRAY$$Limit                   0x0800f3c8   Number         0  init_aeabi.o(.init_array)
    Image$$DEV_REGION$$Base                  0x20000000   Number         0  anon$$obj.o ABSOLUTE
    device_motor_adc                         0x20000000   Data          48  bsp_adc.o(.dev_defined)
    device_motor_pwm                         0x20000030   Data          48  bsp_pwm.o(.dev_defined)
    device_app_key                           0x20000060   Data          48  bsp_key.o(.dev_defined)
    device_usart1                            0x20000090   Data          48  bsp_uart.o(.dev_defined)
    device_spi1_tle5012b                     0x200000c0   Data          48  bsp_spi.o(.dev_defined)
    Image$$DEV_REGION$$Limit                 0x200000f0   Number         0  anon$$obj.o ABSOLUTE
    Image$$DRV_REGION$$Base                  0x20000200   Number         0  anon$$obj.o ABSOLUTE
    driver_analog                            0x20000200   Data          36  analog.o(.drv_defined)
    driver_pwmc                              0x20000224   Data          36  pwmc.o(.drv_defined)
    driver_button                            0x20000248   Data          36  button.o(.drv_defined)
    driver_dev_uart                          0x2000026c   Data          36  dev_uart.o(.drv_defined)
    driver_spi_bus                           0x20000290   Data          36  spi_bus.o(.drv_defined)
    Image$$DRV_REGION$$Limit                 0x200002b4   Number         0  anon$$obj.o ABSOLUTE
    g_app_foc                                0x20000400   Data         308  app_foc.o(.dtcm_data)
    SystemCoreClock                          0x2400005c   Data           4  system_stm32h7xx.o(.data..L_MergedGlobals)
    SystemD2Clock                            0x24000060   Data           4  system_stm32h7xx.o(.data..L_MergedGlobals)
    uwTickFreq                               0x24000064   Data           1  stm32h7xx_hal.o(.data..L_MergedGlobals)
    uwTickPrio                               0x24000068   Data           4  stm32h7xx_hal.o(.data..L_MergedGlobals)
    _fp_timer_ll                             0x2400006c   Data           8  soft_timer.o(.data._fp_timer_ll)
    __libspace_start                         0x24000100   Data          96  libspace.o(.bss)
    __temporary_stack_top$libspace           0x24000160   Data           0  libspace.o(.bss)
    hadc1                                    0x2400037c   Data         100  bsp_adc.o(.bss.hadc1)
    hdma_adc1                                0x240003e0   Data         120  bsp_adc.o(.bss.hdma_adc1)
    htim1                                    0x24001458   Data          76  bsp_pwm.o(.bss.htim1)
    huart1                                   0x240014a4   Data         148  bsp_uart.o(.bss.huart1)
    uwTick                                   0x240018e4   Data           4  stm32h7xx_hal.o(.bss.uwTick)
    s_motor_adc_dma_buffer                   0x30000000   Data           6  bsp_adc.o(.dma_buffer)



==============================================================================

Memory Map of the image

  Image Entry point : 0x08000299

  Load Region LR_IROM1 (Base: 0x08000000, Size: 0x0000f7a8, Max: 0x00200000, ABSOLUTE, COMPRESSED[0x0000f678])

    Execution Region ER_IROM1 (Exec base: 0x08000000, Load base: 0x08000000, Size: 0x0000f3c8, Max: 0x00200000, ABSOLUTE)

    Exec Addr    Load Addr    Size         Type   Attr      Idx    E Section Name        Object

    0x08000000   0x08000000   0x00000298   Data   RO          372    RESET               startup_stm32h743xx.o
    0x08000298   0x08000298   0x00000008   Code   RO         2320  * !!!main             c_w.l(__main.o)
    0x080002a0   0x080002a0   0x0000005c   Code   RO         2660    !!!scatter          c_w.l(__scatter.o)
    0x080002fc   0x080002fc   0x0000005a   Code   RO         2658    !!dczerorl2         c_w.l(__dczerorl2.o)
    0x08000356   0x08000356   0x00000002   PAD
    0x08000358   0x08000358   0x0000001a   Code   RO         2664    !!handler_copy      c_w.l(__scatter_copy.o)
    0x08000372   0x08000372   0x00000002   PAD
    0x08000374   0x08000374   0x00000002   Code   RO         2661    !!handler_null      c_w.l(__scatter.o)
    0x08000376   0x08000376   0x00000002   PAD
    0x08000378   0x08000378   0x0000001c   Code   RO         2666    !!handler_zi        c_w.l(__scatter_zi.o)
    0x08000394   0x08000394   0x00000000   Code   RO         2307    .ARM.Collect$$_printf_percent$$00000000  c_w.l(_printf_percent.o)
    0x08000394   0x08000394   0x00000006   Code   RO         2306    .ARM.Collect$$_printf_percent$$00000009  c_w.l(_printf_d.o)
    0x0800039a   0x0800039a   0x00000006   Code   RO         2305    .ARM.Collect$$_printf_percent$$0000000C  c_w.l(_printf_x.o)
    0x080003a0   0x080003a0   0x00000006   Code   RO         2304    .ARM.Collect$$_printf_percent$$00000014  c_w.l(_printf_s.o)
    0x080003a6   0x080003a6   0x00000004   Code   RO         2380    .ARM.Collect$$_printf_percent$$00000017  c_w.l(_printf_percent_end.o)
    0x080003aa   0x080003aa   0x00000002   Code   RO         2569    .ARM.Collect$$libinit$$00000000  c_w.l(libinit.o)
    0x080003ac   0x080003ac   0x00000004   Code   RO         2390    .ARM.Collect$$libinit$$00000001  c_w.l(libinit2.o)
    0x080003b0   0x080003b0   0x00000000   Code   RO         2393    .ARM.Collect$$libinit$$00000004  c_w.l(libinit2.o)
    0x080003b0   0x080003b0   0x00000000   Code   RO         2395    .ARM.Collect$$libinit$$00000006  c_w.l(libinit2.o)
    0x080003b0   0x080003b0   0x00000000   Code   RO         2398    .ARM.Collect$$libinit$$0000000C  c_w.l(libinit2.o)
    0x080003b0   0x080003b0   0x00000000   Code   RO         2400    .ARM.Collect$$libinit$$0000000E  c_w.l(libinit2.o)
    0x080003b0   0x080003b0   0x00000000   Code   RO         2402    .ARM.Collect$$libinit$$00000010  c_w.l(libinit2.o)
    0x080003b0   0x080003b0   0x00000000   Code   RO         2405    .ARM.Collect$$libinit$$00000013  c_w.l(libinit2.o)
    0x080003b0   0x080003b0   0x00000000   Code   RO         2407    .ARM.Collect$$libinit$$00000015  c_w.l(libinit2.o)
    0x080003b0   0x080003b0   0x00000000   Code   RO         2409    .ARM.Collect$$libinit$$00000017  c_w.l(libinit2.o)
    0x080003b0   0x080003b0   0x00000000   Code   RO         2411    .ARM.Collect$$libinit$$00000019  c_w.l(libinit2.o)
    0x080003b0   0x080003b0   0x00000000   Code   RO         2413    .ARM.Collect$$libinit$$0000001B  c_w.l(libinit2.o)
    0x080003b0   0x080003b0   0x00000000   Code   RO         2415    .ARM.Collect$$libinit$$0000001D  c_w.l(libinit2.o)
    0x080003b0   0x080003b0   0x00000000   Code   RO         2417    .ARM.Collect$$libinit$$0000001F  c_w.l(libinit2.o)
    0x080003b0   0x080003b0   0x00000000   Code   RO         2419    .ARM.Collect$$libinit$$00000021  c_w.l(libinit2.o)
    0x080003b0   0x080003b0   0x00000000   Code   RO         2421    .ARM.Collect$$libinit$$00000023  c_w.l(libinit2.o)
    0x080003b0   0x080003b0   0x00000000   Code   RO         2423    .ARM.Collect$$libinit$$00000025  c_w.l(libinit2.o)
    0x080003b0   0x080003b0   0x00000000   Code   RO         2425    .ARM.Collect$$libinit$$00000027  c_w.l(libinit2.o)
    0x080003b0   0x080003b0   0x00000000   Code   RO         2429    .ARM.Collect$$libinit$$0000002E  c_w.l(libinit2.o)
    0x080003b0   0x080003b0   0x00000000   Code   RO         2431    .ARM.Collect$$libinit$$00000030  c_w.l(libinit2.o)
    0x080003b0   0x080003b0   0x00000000   Code   RO         2433    .ARM.Collect$$libinit$$00000032  c_w.l(libinit2.o)
    0x080003b0   0x080003b0   0x00000004   Code   RO         2434    .ARM.Collect$$libinit$$00000033  c_w.l(libinit2.o)
    0x080003b4   0x080003b4   0x00000000   Code   RO         2435    .ARM.Collect$$libinit$$00000034  c_w.l(libinit2.o)
    0x080003b4   0x080003b4   0x00000002   Code   RO         2436    .ARM.Collect$$libinit$$00000035  c_w.l(libinit2.o)
    0x080003b6   0x080003b6   0x00000002   Code   RO         2625    .ARM.Collect$$libshutdown$$00000000  c_w.l(libshutdown.o)
    0x080003b8   0x080003b8   0x00000000   Code   RO         2641    .ARM.Collect$$libshutdown$$00000002  c_w.l(libshutdown2.o)
    0x080003b8   0x080003b8   0x00000000   Code   RO         2643    .ARM.Collect$$libshutdown$$00000004  c_w.l(libshutdown2.o)
    0x080003b8   0x080003b8   0x00000000   Code   RO         2646    .ARM.Collect$$libshutdown$$00000007  c_w.l(libshutdown2.o)
    0x080003b8   0x080003b8   0x00000000   Code   RO         2649    .ARM.Collect$$libshutdown$$0000000A  c_w.l(libshutdown2.o)
    0x080003b8   0x080003b8   0x00000000   Code   RO         2651    .ARM.Collect$$libshutdown$$0000000C  c_w.l(libshutdown2.o)
    0x080003b8   0x080003b8   0x00000000   Code   RO         2654    .ARM.Collect$$libshutdown$$0000000F  c_w.l(libshutdown2.o)
    0x080003b8   0x080003b8   0x00000002   Code   RO         2655    .ARM.Collect$$libshutdown$$00000010  c_w.l(libshutdown2.o)
    0x080003ba   0x080003ba   0x00000000   Code   RO         2340    .ARM.Collect$$rtentry$$00000000  c_w.l(__rtentry.o)
    0x080003ba   0x080003ba   0x00000000   Code   RO         2470    .ARM.Collect$$rtentry$$00000002  c_w.l(__rtentry2.o)
    0x080003ba   0x080003ba   0x00000006   Code   RO         2482    .ARM.Collect$$rtentry$$00000004  c_w.l(__rtentry4.o)
    0x080003c0   0x080003c0   0x00000000   Code   RO         2472    .ARM.Collect$$rtentry$$00000009  c_w.l(__rtentry2.o)
    0x080003c0   0x080003c0   0x00000004   Code   RO         2473    .ARM.Collect$$rtentry$$0000000A  c_w.l(__rtentry2.o)
    0x080003c4   0x080003c4   0x00000000   Code   RO         2475    .ARM.Collect$$rtentry$$0000000C  c_w.l(__rtentry2.o)
    0x080003c4   0x080003c4   0x00000008   Code   RO         2476    .ARM.Collect$$rtentry$$0000000D  c_w.l(__rtentry2.o)
    0x080003cc   0x080003cc   0x00000002   Code   RO         2578    .ARM.Collect$$rtexit$$00000000  c_w.l(rtexit.o)
    0x080003ce   0x080003ce   0x00000000   Code   RO         2603    .ARM.Collect$$rtexit$$00000002  c_w.l(rtexit2.o)
    0x080003ce   0x080003ce   0x00000004   Code   RO         2604    .ARM.Collect$$rtexit$$00000003  c_w.l(rtexit2.o)
    0x080003d2   0x080003d2   0x00000006   Code   RO         2605    .ARM.Collect$$rtexit$$00000004  c_w.l(rtexit2.o)
    0x080003d8   0x080003d8   0x00000048   Code   RO          373    .text               startup_stm32h743xx.o
    0x08000420   0x08000420   0x00000004   Code   RO         2245    .text               c_w.l(hrguard.o)
    0x08000424   0x08000424   0x000000f0   Code   RO         2247    .text               c_w.l(lludivv7m.o)
    0x08000514   0x08000514   0x0000004e   Code   RO         2257    .text               c_w.l(_printf_pad.o)
    0x08000562   0x08000562   0x00000052   Code   RO         2259    .text               c_w.l(_printf_str.o)
    0x080005b4   0x080005b4   0x00000078   Code   RO         2261    .text               c_w.l(_printf_dec.o)
    0x0800062c   0x0800062c   0x00000094   Code   RO         2281    .text               c_w.l(_printf_hex_int_ll_ptr.o)
    0x080006c0   0x080006c0   0x00000096   Code   RO         2308    .text               c_w.l(strncmp.o)
    0x08000756   0x08000756   0x0000008a   Code   RO         2310    .text               c_w.l(rt_memcpy_v6.o)
    0x080007e0   0x080007e0   0x00000064   Code   RO         2312    .text               c_w.l(rt_memcpy_w.o)
    0x08000844   0x08000844   0x0000004e   Code   RO         2314    .text               c_w.l(rt_memclr_w.o)
    0x08000892   0x08000892   0x00000006   PAD
    0x08000898   0x08000898   0x0000007c   Code   RO         2316    .text               c_w.l(strcmpv7m_pel.o)
    0x08000914   0x08000914   0x00000006   Code   RO         2318    .text               c_w.l(heapauxi.o)
    0x0800091a   0x0800091a   0x00000002   PAD
    0x0800091c   0x0800091c   0x0000002c   Code   RO         2325    .text               c_w.l(init_aeabi.o)
    0x08000948   0x08000948   0x00000016   Code   RO         2345    .text               c_w.l(_rserrno.o)
    0x0800095e   0x0800095e   0x000000b2   Code   RO         2349    .text               c_w.l(_printf_intcommon.o)
    0x08000a10   0x08000a10   0x0000002c   Code   RO         2357    .text               c_w.l(_printf_char.o)
    0x08000a3c   0x08000a3c   0x00000008   Code   RO         2489    .text               c_w.l(rt_errno_addr_intlibspace.o)
    0x08000a44   0x08000a44   0x00000008   Code   RO         2510    .text               c_w.l(libspace.o)
    0x08000a4c   0x08000a4c   0x0000004a   Code   RO         2513    .text               c_w.l(sys_stackheap_outer.o)
    0x08000a96   0x08000a96   0x00000012   Code   RO         2554    .text               c_w.l(exit.o)
    0x08000aa8   0x08000aa8   0x0000000c   Code   RO         2595    .text               c_w.l(sys_exit.o)
    0x08000ab4   0x08000ab4   0x00000002   Code   RO         2599    .text               c_w.l(use_no_semi.o)
    0x08000ab6   0x08000ab6   0x00000000   Code   RO         2601    .text               c_w.l(indicate_semi.o)
    0x08000ab6   0x08000ab6   0x00000002   PAD
    0x08000ab8   0x08000ab8   0x0000012c   Code   RO         1626    .text.ADC_ConfigureBoostMode  stm32h7xx_hal_adc.o
    0x08000be4   0x08000be4   0x00000004   PAD
    0x08000be8   0x08000be8   0x0000005e   Code   RO         1652    .text.ADC_DMAConvCplt  stm32h7xx_hal_adc.o
    0x08000c46   0x08000c46   0x00000002   PAD
    0x08000c48   0x08000c48   0x00000016   Code   RO         1656    .text.ADC_DMAError  stm32h7xx_hal_adc.o
    0x08000c5e   0x08000c5e   0x00000002   PAD
    0x08000c60   0x08000c60   0x00000006   Code   RO         1654    .text.ADC_DMAHalfConvCplt  stm32h7xx_hal_adc.o
    0x08000c66   0x08000c66   0x00000002   PAD
    0x08000c68   0x08000c68   0x00000078   Code   RO         1632    .text.ADC_Disable   stm32h7xx_hal_adc.o
    0x08000ce0   0x08000ce0   0x000000aa   Code   RO         1638    .text.ADC_Enable    stm32h7xx_hal_adc.o
    0x08000d8a   0x08000d8a   0x00000006   PAD
    0x08000d90   0x08000d90   0x00000002   Code   RO          350    .text.BusFault_Handler  stm32h7xx_it.o
    0x08000d92   0x08000d92   0x00000006   PAD
    0x08000d98   0x08000d98   0x0000000c   Code   RO          362    .text.DMA1_Stream0_IRQHandler  stm32h7xx_it.o
    0x08000da4   0x08000da4   0x00000004   PAD
    0x08000da8   0x08000da8   0x00000128   Code   RO          556    .text.DMA_CalcBaseAndBitshift  stm32h7xx_hal_dma.o
    0x08000ed0   0x08000ed0   0x00000308   Code   RO          562    .text.DMA_SetConfig  stm32h7xx_hal_dma.o
    0x080011d8   0x080011d8   0x00000002   Code   RO          356    .text.DebugMon_Handler  stm32h7xx_it.o
    0x080011da   0x080011da   0x00000006   PAD
    0x080011e0   0x080011e0   0x00000002   Code   RO          384    .text.ExitRun0Mode  system_stm32h7xx.o
    0x080011e2   0x080011e2   0x00000006   PAD
    0x080011e8   0x080011e8   0x000000d8   Code   RO         1688    .text.HAL_ADCEx_Calibration_Start  stm32h7xx_hal_adc_ex.o
    0x080012c0   0x080012c0   0x000000b8   Code   RO         1738    .text.HAL_ADCEx_MultiModeConfigChannel  stm32h7xx_hal_adc_ex.o
    0x08001378   0x08001378   0x000004f0   Code   RO         1672    .text.HAL_ADC_ConfigChannel  stm32h7xx_hal_adc.o
    0x08001868   0x08001868   0x00000040   Code   RO          155    .text.HAL_ADC_ConvCpltCallback  bsp_adc.o
    0x080018a8   0x080018a8   0x00000002   Code   RO         1670    .text.HAL_ADC_ConvHalfCpltCallback  stm32h7xx_hal_adc.o
    0x080018aa   0x080018aa   0x00000006   PAD
    0x080018b0   0x080018b0   0x00000002   Code   RO         1668    .text.HAL_ADC_ErrorCallback  stm32h7xx_hal_adc.o
    0x080018b2   0x080018b2   0x00000006   PAD
    0x080018b8   0x080018b8   0x00000256   Code   RO         1622    .text.HAL_ADC_Init  stm32h7xx_hal_adc.o
    0x08001b0e   0x08001b0e   0x00000002   PAD
    0x08001b10   0x08001b10   0x0000010a   Code   RO          153    .text.HAL_ADC_MspInit  bsp_adc.o
    0x08001c1a   0x08001c1a   0x00000006   PAD
    0x08001c20   0x08001c20   0x00000114   Code   RO         1650    .text.HAL_ADC_Start_DMA  stm32h7xx_hal_adc.o
    0x08001d34   0x08001d34   0x00000004   PAD
    0x08001d38   0x08001d38   0x00000526   Code   RO          566    .text.HAL_DMA_Abort  stm32h7xx_hal_dma.o
    0x0800225e   0x0800225e   0x00000002   PAD
    0x08002260   0x08002260   0x000002b6   Code   RO          568    .text.HAL_DMA_Abort_IT  stm32h7xx_hal_dma.o
    0x08002516   0x08002516   0x00000002   PAD
    0x08002518   0x08002518   0x00000818   Code   RO          572    .text.HAL_DMA_IRQHandler  stm32h7xx_hal_dma.o
    0x08002d30   0x08002d30   0x0000065e   Code   RO          554    .text.HAL_DMA_Init  stm32h7xx_hal_dma.o
    0x0800338e   0x0800338e   0x00000002   PAD
    0x08003390   0x08003390   0x000003aa   Code   RO          564    .text.HAL_DMA_Start_IT  stm32h7xx_hal_dma.o
    0x0800373a   0x0800373a   0x00000006   PAD
    0x08003740   0x08003740   0x0000011c   Code   RO          709    .text.HAL_GPIO_DeInit  stm32h7xx_hal_gpio.o
    0x0800385c   0x0800385c   0x00000004   PAD
    0x08003860   0x08003860   0x000001a6   Code   RO          707    .text.HAL_GPIO_Init  stm32h7xx_hal_gpio.o
    0x08003a06   0x08003a06   0x00000002   PAD
    0x08003a08   0x08003a08   0x0000000a   Code   RO          711    .text.HAL_GPIO_ReadPin  stm32h7xx_hal_gpio.o
    0x08003a12   0x08003a12   0x00000006   PAD
    0x08003a18   0x08003a18   0x00000010   Code   RO          715    .text.HAL_GPIO_TogglePin  stm32h7xx_hal_gpio.o
    0x08003a28   0x08003a28   0x0000000a   Code   RO          713    .text.HAL_GPIO_WritePin  stm32h7xx_hal_gpio.o
    0x08003a32   0x08003a32   0x00000006   PAD
    0x08003a38   0x08003a38   0x0000000e   Code   RO          424    .text.HAL_GetREVID  stm32h7xx_hal.o
    0x08003a46   0x08003a46   0x00000002   PAD
    0x08003a48   0x08003a48   0x0000000c   Code   RO          408    .text.HAL_GetTick   stm32h7xx_hal.o
    0x08003a54   0x08003a54   0x00000004   PAD
    0x08003a58   0x08003a58   0x0000001a   Code   RO          406    .text.HAL_IncTick   stm32h7xx_hal.o
    0x08003a72   0x08003a72   0x00000006   PAD
    0x08003a78   0x08003a78   0x00000066   Code   RO          396    .text.HAL_Init      stm32h7xx_hal.o
    0x08003ade   0x08003ade   0x00000002   PAD
    0x08003ae0   0x08003ae0   0x00000050   Code   RO          398    .text.HAL_InitTick  stm32h7xx_hal.o
    0x08003b30   0x08003b30   0x00000002   Code   RO          400    .text.HAL_MspInit   stm32h7xx_hal.o
    0x08003b32   0x08003b32   0x00000006   PAD
    0x08003b38   0x08003b38   0x0000002a   Code   RO          508    .text.HAL_NVIC_DisableIRQ  stm32h7xx_hal_cortex.o
    0x08003b62   0x08003b62   0x00000006   PAD
    0x08003b68   0x08003b68   0x00000022   Code   RO          506    .text.HAL_NVIC_EnableIRQ  stm32h7xx_hal_cortex.o
    0x08003b8a   0x08003b8a   0x00000006   PAD
    0x08003b90   0x08003b90   0x0000005a   Code   RO          504    .text.HAL_NVIC_SetPriority  stm32h7xx_hal_cortex.o
    0x08003bea   0x08003bea   0x00000006   PAD
    0x08003bf0   0x08003bf0   0x00000020   Code   RO          502    .text.HAL_NVIC_SetPriorityGrouping  stm32h7xx_hal_cortex.o
    0x08003c10   0x08003c10   0x0000004c   Code   RO          819    .text.HAL_PWREx_ConfigSupply  stm32h7xx_hal_pwr_ex.o
    0x08003c5c   0x08003c5c   0x00000004   PAD
    0x08003c60   0x08003c60   0x00000028   Code   RO          959    .text.HAL_RCCEx_GetD3PCLK1Freq  stm32h7xx_hal_rcc_ex.o
    0x08003c88   0x08003c88   0x0000012c   Code   RO          953    .text.HAL_RCCEx_GetPLL1ClockFreq  stm32h7xx_hal_rcc_ex.o
    0x08003db4   0x08003db4   0x00000004   PAD
    0x08003db8   0x08003db8   0x00000128   Code   RO          955    .text.HAL_RCCEx_GetPLL2ClockFreq  stm32h7xx_hal_rcc_ex.o
    0x08003ee0   0x08003ee0   0x0000004e   Code   RO          921    .text.HAL_RCC_GetHCLKFreq  stm32h7xx_hal_rcc.o
    0x08003f2e   0x08003f2e   0x00000002   PAD
    0x08003f30   0x08003f30   0x00000062   Code   RO          923    .text.HAL_RCC_GetPCLK1Freq  stm32h7xx_hal_rcc.o
    0x08003f92   0x08003f92   0x00000006   PAD
    0x08003f98   0x08003f98   0x00000062   Code   RO          925    .text.HAL_RCC_GetPCLK2Freq  stm32h7xx_hal_rcc.o
    0x08003ffa   0x08003ffa   0x00000006   Code   RO         2453    i.__mathlib_flt_infnan  m_wv.l(funder.o)
    0x08004000   0x08004000   0x00000025   Data   RO          334    .ARM.__at_0x08004000  cpu.o
    0x08004025   0x08004025   0x00000003   PAD
    0x08004028   0x08004028   0x00000128   Code   RO          957    .text.HAL_RCCEx_GetPLL3ClockFreq  stm32h7xx_hal_rcc_ex.o
    0x08004150   0x08004150   0x000003ac   Code   RO          951    .text.HAL_RCCEx_GetPeriphCLKFreq  stm32h7xx_hal_rcc_ex.o
    0x080044fc   0x080044fc   0x00000004   PAD
    0x08004500   0x08004500   0x00000b0c   Code   RO          943    .text.HAL_RCCEx_PeriphCLKConfig  stm32h7xx_hal_rcc_ex.o
    0x0800500c   0x0800500c   0x00000004   PAD
    0x08005010   0x08005010   0x00000254   Code   RO          911    .text.HAL_RCC_ClockConfig  stm32h7xx_hal_rcc.o
    0x08005264   0x08005264   0x00000004   PAD
    0x08005268   0x08005268   0x0000011c   Code   RO          913    .text.HAL_RCC_GetSysClockFreq  stm32h7xx_hal_rcc.o
    0x08005384   0x08005384   0x00000004   PAD
    0x08005388   0x08005388   0x0000056c   Code   RO          909    .text.HAL_RCC_OscConfig  stm32h7xx_hal_rcc.o
    0x080058f4   0x080058f4   0x00000004   PAD
    0x080058f8   0x080058f8   0x00000030   Code   RO         1524    .text.HAL_SPI_DeInit  stm32h7xx_hal_spi.o
    0x08005928   0x08005928   0x00000270   Code   RO         1520    .text.HAL_SPI_Init  stm32h7xx_hal_spi.o
    0x08005b98   0x08005b98   0x0000004e   Code   RO          259    .text.HAL_SPI_MspDeInit  bsp_spi.o
    0x08005be6   0x08005be6   0x00000002   PAD
    0x08005be8   0x08005be8   0x0000010c   Code   RO          257    .text.HAL_SPI_MspInit  bsp_spi.o
    0x08005cf4   0x08005cf4   0x00000004   PAD
    0x08005cf8   0x08005cf8   0x000002d4   Code   RO         1532    .text.HAL_SPI_Receive  stm32h7xx_hal_spi.o
    0x08005fcc   0x08005fcc   0x00000004   PAD
    0x08005fd0   0x08005fd0   0x00000298   Code   RO         1528    .text.HAL_SPI_Transmit  stm32h7xx_hal_spi.o
    0x08006268   0x08006268   0x00000014   Code   RO          446    .text.HAL_SYSCFG_AnalogSwitchConfig  stm32h7xx_hal.o
    0x0800627c   0x0800627c   0x00000004   PAD
    0x08006280   0x08006280   0x0000002e   Code   RO          514    .text.HAL_SYSTICK_Config  stm32h7xx_hal_cortex.o
    0x080062ae   0x080062ae   0x00000002   PAD
    0x080062b0   0x080062b0   0x00000098   Code   RO         1304    .text.HAL_TIMEx_ConfigBreakDeadTime  stm32h7xx_hal_tim_ex.o
    0x08006348   0x08006348   0x000000ce   Code   RO         1302    .text.HAL_TIMEx_MasterConfigSynchronization  stm32h7xx_hal_tim_ex.o
    0x08006416   0x08006416   0x00000002   PAD
    0x08006418   0x08006418   0x00000110   Code   RO         1272    .text.HAL_TIMEx_PWMN_Start  stm32h7xx_hal_tim_ex.o
    0x08006528   0x08006528   0x000000c0   Code   RO          183    .text.HAL_TIM_MspPostInit  bsp_pwm.o
    0x080065e8   0x080065e8   0x000004b2   Code   RO         1161    .text.HAL_TIM_PWM_ConfigChannel  stm32h7xx_hal_tim.o
    0x08006a9a   0x08006a9a   0x00000006   PAD
    0x08006aa0   0x08006aa0   0x00000060   Code   RO         1061    .text.HAL_TIM_PWM_Init  stm32h7xx_hal_tim.o
    0x08006b00   0x08006b00   0x0000002e   Code   RO          177    .text.HAL_TIM_PWM_MspInit  bsp_pwm.o
    0x08006b2e   0x08006b2e   0x00000002   PAD
    0x08006b30   0x08006b30   0x00000160   Code   RO         1069    .text.HAL_TIM_PWM_Start  stm32h7xx_hal_tim.o
    0x08006c90   0x08006c90   0x00000036   Code   RO         1497    .text.HAL_UARTEx_DisableFifoMode  stm32h7xx_hal_uart_ex.o
    0x08006cc6   0x08006cc6   0x00000002   PAD
    0x08006cc8   0x08006cc8   0x0000008c   Code   RO         1505    .text.HAL_UARTEx_ReceiveToIdle_IT  stm32h7xx_hal_uart_ex.o
    0x08006d54   0x08006d54   0x00000004   PAD
    0x08006d58   0x08006d58   0x00000022   Code   RO          228    .text.HAL_UARTEx_RxEventCallback  bsp_uart.o
    0x08006d7a   0x08006d7a   0x00000006   PAD
    0x08006d80   0x08006d80   0x00000002   Code   RO         1483    .text.HAL_UARTEx_RxFifoFullCallback  stm32h7xx_hal_uart_ex.o
    0x08006d82   0x08006d82   0x00000006   PAD
    0x08006d88   0x08006d88   0x00000002   Code   RO         1485    .text.HAL_UARTEx_TxFifoEmptyCallback  stm32h7xx_hal_uart_ex.o
    0x08006d8a   0x08006d8a   0x00000006   PAD
    0x08006d90   0x08006d90   0x00000002   Code   RO         1481    .text.HAL_UARTEx_WakeupCallback  stm32h7xx_hal_uart_ex.o
    0x08006d92   0x08006d92   0x00000006   PAD
    0x08006d98   0x08006d98   0x00000040   Code   RO         1350    .text.HAL_UART_DeInit  stm32h7xx_hal_uart.o
    0x08006dd8   0x08006dd8   0x00000030   Code   RO          230    .text.HAL_UART_ErrorCallback  bsp_uart.o
    0x08006e08   0x08006e08   0x0000068a   Code   RO         1418    .text.HAL_UART_IRQHandler  stm32h7xx_hal_uart.o
    0x08007492   0x08007492   0x00000006   PAD
    0x08007498   0x08007498   0x00000064   Code   RO         1334    .text.HAL_UART_Init  stm32h7xx_hal_uart.o
    0x080074fc   0x080074fc   0x00000004   PAD
    0x08007500   0x08007500   0x0000003c   Code   RO          222    .text.HAL_UART_MspDeInit  bsp_uart.o
    0x0800753c   0x0800753c   0x00000004   PAD
    0x08007540   0x08007540   0x000000a0   Code   RO          220    .text.HAL_UART_MspInit  bsp_uart.o
    0x080075e0   0x080075e0   0x00000002   Code   RO         1430    .text.HAL_UART_RxCpltCallback  stm32h7xx_hal_uart.o
    0x080075e2   0x080075e2   0x00000006   PAD
    0x080075e8   0x080075e8   0x00000134   Code   RO         1360    .text.HAL_UART_Transmit_IT  stm32h7xx_hal_uart.o
    0x0800771c   0x0800771c   0x00000004   PAD
    0x08007720   0x08007720   0x00000022   Code   RO          226    .text.HAL_UART_TxCpltCallback  bsp_uart.o
    0x08007742   0x08007742   0x00000006   PAD
    0x08007748   0x08007748   0x00000002   Code   RO          346    .text.HardFault_Handler  stm32h7xx_it.o
    0x0800774a   0x0800774a   0x00000006   PAD
    0x08007750   0x08007750   0x00000002   Code   RO          348    .text.MemManage_Handler  stm32h7xx_it.o
    0x08007752   0x08007752   0x00000006   PAD
    0x08007758   0x08007758   0x00000002   Code   RO          344    .text.NMI_Handler   stm32h7xx_it.o
    0x0800775a   0x0800775a   0x00000006   PAD
    0x08007760   0x08007760   0x00000002   Code   RO          358    .text.PendSV_Handler  stm32h7xx_it.o
    0x08007762   0x08007762   0x00000006   PAD
    0x08007768   0x08007768   0x00000122   Code   RO          945    .text.RCCEx_PLL2_Config  stm32h7xx_hal_rcc_ex.o
    0x0800788a   0x0800788a   0x00000006   PAD
    0x08007890   0x08007890   0x00000122   Code   RO          947    .text.RCCEx_PLL3_Config  stm32h7xx_hal_rcc_ex.o
    0x080079b2   0x080079b2   0x00000006   PAD
    0x080079b8   0x080079b8   0x000000f6   Code   RO         1530    .text.SPI_CloseTransfer  stm32h7xx_hal_spi.o
    0x08007aae   0x08007aae   0x00000002   PAD
    0x08007ab0   0x08007ab0   0x00000002   Code   RO          354    .text.SVC_Handler   stm32h7xx_it.o
    0x08007ab2   0x08007ab2   0x00000006   PAD
    0x08007ab8   0x08007ab8   0x00000014   Code   RO          360    .text.SysTick_Handler  stm32h7xx_it.o
    0x08007acc   0x08007acc   0x00000004   PAD
    0x08007ad0   0x08007ad0   0x000000ee   Code   RO          380    .text.SystemInit    system_stm32h7xx.o
    0x08007bbe   0x08007bbe   0x00000002   PAD
    0x08007bc0   0x08007bc0   0x0000014e   Code   RO         1011    .text.TIM_Base_SetConfig  stm32h7xx_hal_tim.o
    0x08007d0e   0x08007d0e   0x00000002   PAD
    0x08007d10   0x08007d10   0x000000e0   Code   RO         1338    .text.UART_AdvFeatureConfig  stm32h7xx_hal_uart.o
    0x08007df0   0x08007df0   0x0000016e   Code   RO         1342    .text.UART_CheckIdleState  stm32h7xx_hal_uart.o
    0x08007f5e   0x08007f5e   0x00000002   PAD
    0x08007f60   0x08007f60   0x0000000c   Code   RO         1420    .text.UART_DMAAbortOnError  stm32h7xx_hal_uart.o
    0x08007f6c   0x08007f6c   0x00000004   PAD
    0x08007f70   0x08007f70   0x000001c4   Code   RO         1460    .text.UART_RxISR_16BIT  stm32h7xx_hal_uart.o
    0x08008134   0x08008134   0x00000004   PAD
    0x08008138   0x08008138   0x0000033e   Code   RO         1456    .text.UART_RxISR_16BIT_FIFOEN  stm32h7xx_hal_uart.o
    0x08008476   0x08008476   0x00000002   PAD
    0x08008478   0x08008478   0x000001c8   Code   RO         1462    .text.UART_RxISR_8BIT  stm32h7xx_hal_uart.o
    0x08008640   0x08008640   0x00000342   Code   RO         1458    .text.UART_RxISR_8BIT_FIFOEN  stm32h7xx_hal_uart.o
    0x08008982   0x08008982   0x00000006   PAD
    0x08008988   0x08008988   0x00000490   Code   RO         1340    .text.UART_SetConfig  stm32h7xx_hal_uart.o
    0x08008e18   0x08008e18   0x0000027c   Code   RO         1372    .text.UART_Start_Receive_IT  stm32h7xx_hal_uart.o
    0x08009094   0x08009094   0x00000004   PAD
    0x08009098   0x08009098   0x000000d0   Code   RO         1366    .text.UART_TxISR_16BIT  stm32h7xx_hal_uart.o
    0x08009168   0x08009168   0x000000ec   Code   RO         1362    .text.UART_TxISR_16BIT_FIFOEN  stm32h7xx_hal_uart.o
    0x08009254   0x08009254   0x00000004   PAD
    0x08009258   0x08009258   0x000000cc   Code   RO         1368    .text.UART_TxISR_8BIT  stm32h7xx_hal_uart.o
    0x08009324   0x08009324   0x00000004   PAD
    0x08009328   0x08009328   0x000000e8   Code   RO         1364    .text.UART_TxISR_8BIT_FIFOEN  stm32h7xx_hal_uart.o
    0x08009410   0x08009410   0x00000358   Code   RO         1356    .text.UART_WaitOnFlagUntilTimeout  stm32h7xx_hal_uart.o
    0x08009768   0x08009768   0x0000000c   Code   RO          224    .text.USART1_IRQHandler  bsp_uart.o
    0x08009774   0x08009774   0x00000004   PAD
    0x08009778   0x08009778   0x00000002   Code   RO          352    .text.UsageFault_Handler  stm32h7xx_it.o
    0x0800977a   0x0800977a   0x00000006   PAD
    0x08009780   0x08009780   0x000000a0   Code   RO         1801    .text._GLOBAL__sub_I_analog.c  analog.o
    0x08009820   0x08009820   0x0000002e   Code   RO          161    .text._GLOBAL__sub_I_bsp_adc.c  bsp_adc.o
    0x0800984e   0x0800984e   0x00000002   PAD
    0x08009850   0x08009850   0x0000003a   Code   RO          138    .text._GLOBAL__sub_I_bsp_foc.c  bsp_foc.o
    0x0800988a   0x0800988a   0x00000006   PAD
    0x08009890   0x08009890   0x00000086   Code   RO          207    .text._GLOBAL__sub_I_bsp_key.c  bsp_key.o
    0x08009916   0x08009916   0x00000002   PAD
    0x08009918   0x08009918   0x0000004a   Code   RO          185    .text._GLOBAL__sub_I_bsp_pwm.c  bsp_pwm.o
    0x08009962   0x08009962   0x00000006   PAD
    0x08009968   0x08009968   0x00000054   Code   RO          273    .text._GLOBAL__sub_I_bsp_spi.c  bsp_spi.o
    0x080099bc   0x080099bc   0x00000004   PAD
    0x080099c0   0x080099c0   0x00000046   Code   RO          242    .text._GLOBAL__sub_I_bsp_uart.c  bsp_uart.o
    0x08009a06   0x08009a06   0x00000002   PAD
    0x08009a08   0x08009a08   0x000000c0   Code   RO         1881    .text._GLOBAL__sub_I_button.c  button.o
    0x08009ac8   0x08009ac8   0x000000c8   Code   RO         1917    .text._GLOBAL__sub_I_dev_uart.c  dev_uart.o
    0x08009b90   0x08009b90   0x0000012c   Code   RO         2100    .text._GLOBAL__sub_I_fplog.c  fplog.o
    0x08009cbc   0x08009cbc   0x00000004   PAD
    0x08009cc0   0x08009cc0   0x000000ec   Code   RO         1845    .text._GLOBAL__sub_I_pwmc.c  pwmc.o
    0x08009dac   0x08009dac   0x00000004   PAD
    0x08009db0   0x08009db0   0x00000066   Code   RO         1939    .text._GLOBAL__sub_I_spi_bus.c  spi_bus.o
    0x08009e16   0x08009e16   0x00000002   PAD
    0x08009e18   0x08009e18   0x000000b8   Code   RO         2068    .text.__heap_free   heap.o
    0x08009ed0   0x08009ed0   0x000001a6   Code   RO         2066    .text.__heap_malloc  heap.o
    0x0800a076   0x0800a076   0x00000002   PAD
    0x0800a078   0x0800a078   0x0000010a   Code   RO         1827    .text.__update_crr_by_duty  pwmc.o
    0x0800a182   0x0800a182   0x00000006   PAD
    0x0800a188   0x0800a188   0x00000050   Code   RO         1823    .text.__update_prescaler_arr_by_freq_auto  pwmc.o
    0x0800a1d8   0x0800a1d8   0x0000003c   Code   RO           21    .text._app_foc_current_loop_irq  app_foc.o
    0x0800a214   0x0800a214   0x00000004   PAD
    0x0800a218   0x0800a218   0x00000140   Code   RO           19    .text._app_foc_service_handler  app_foc.o
    0x0800a358   0x0800a358   0x00000092   Code   RO          199    .text._app_key_port_init  bsp_key.o
    0x0800a3ea   0x0800a3ea   0x00000006   PAD
    0x0800a3f0   0x0800a3f0   0x0000001a   Code   RO          201    .text._app_key_port_key1_active  bsp_key.o
    0x0800a40a   0x0800a40a   0x00000006   PAD
    0x0800a410   0x0800a410   0x0000001a   Code   RO          203    .text._app_key_port_key2_active  bsp_key.o
    0x0800a42a   0x0800a42a   0x00000006   PAD
    0x0800a430   0x0800a430   0x00000018   Code   RO          205    .text._app_key_port_key3_active  bsp_key.o
    0x0800a448   0x0800a448   0x00000034   Code   RO          265    .text._bsp_spi_cs_set  bsp_spi.o
    0x0800a47c   0x0800a47c   0x00000004   PAD
    0x0800a480   0x0800a480   0x00000034   Code   RO          263    .text._bsp_spi_deinit  bsp_spi.o
    0x0800a4b4   0x0800a4b4   0x00000004   PAD
    0x0800a4b8   0x0800a4b8   0x00000006   Code   RO          267    .text._bsp_spi_delay_us  bsp_spi.o
    0x0800a4be   0x0800a4be   0x00000002   PAD
    0x0800a4c0   0x0800a4c0   0x000000d0   Code   RO          261    .text._bsp_spi_init  bsp_spi.o
    0x0800a590   0x0800a590   0x000000de   Code   RO          271    .text._bsp_spi_tle5012b_read_fast_xfer  bsp_spi.o
    0x0800a66e   0x0800a66e   0x00000002   PAD
    0x0800a670   0x0800a670   0x00000174   Code   RO          269    .text._bsp_spi_xfer  bsp_spi.o
    0x0800a7e4   0x0800a7e4   0x00000004   PAD
    0x0800a7e8   0x0800a7e8   0x00000004   Code   RO          236    .text._bsp_uart_control  bsp_uart.o
    0x0800a7ec   0x0800a7ec   0x00000004   PAD
    0x0800a7f0   0x0800a7f0   0x00000012   Code   RO          234    .text._bsp_uart_deinit  bsp_uart.o
    0x0800a802   0x0800a802   0x00000006   PAD
    0x0800a808   0x0800a808   0x0000009c   Code   RO          232    .text._bsp_uart_init  bsp_uart.o
    0x0800a8a4   0x0800a8a4   0x00000004   PAD
    0x0800a8a8   0x0800a8a8   0x00000038   Code   RO          240    .text._bsp_uart_start_receive  bsp_uart.o
    0x0800a8e0   0x0800a8e0   0x0000001c   Code   RO          238    .text._bsp_uart_start_transmit  bsp_uart.o
    0x0800a8fc   0x0800a8fc   0x00000004   PAD
    0x0800a900   0x0800a900   0x00000016   Code   RO         1861    .text._button_close  button.o
    0x0800a916   0x0800a916   0x00000002   PAD
    0x0800a918   0x0800a918   0x00000066   Code   RO         1863    .text._button_ioctl  button.o
    0x0800a97e   0x0800a97e   0x00000002   PAD
    0x0800a980   0x0800a980   0x0000001a   Code   RO         1865    .text._button_irq_handler  button.o
    0x0800a99a   0x0800a99a   0x00000006   PAD
    0x0800a9a0   0x0800a9a0   0x0000017e   Code   RO         1859    .text._button_open  button.o
    0x0800ab1e   0x0800ab1e   0x00000002   PAD
    0x0800ab20   0x0800ab20   0x0000022a   Code   RO         1879    .text._button_scan_all  button.o
    0x0800ad4a   0x0800ad4a   0x00000006   PAD
    0x0800ad50   0x0800ad50   0x0000002c   Code   RO         1897    .text._dev_uart_close  dev_uart.o
    0x0800ad7c   0x0800ad7c   0x00000004   PAD
    0x0800ad80   0x0800ad80   0x00000056   Code   RO         1903    .text._dev_uart_ioctl  dev_uart.o
    0x0800add6   0x0800add6   0x00000002   PAD
    0x0800add8   0x0800add8   0x000000c6   Code   RO         1905    .text._dev_uart_irq_handler  dev_uart.o
    0x0800ae9e   0x0800ae9e   0x00000002   PAD
    0x0800aea0   0x0800aea0   0x000000e4   Code   RO         1895    .text._dev_uart_open  dev_uart.o
    0x0800af84   0x0800af84   0x00000004   PAD
    0x0800af88   0x0800af88   0x0000006c   Code   RO         1901    .text._dev_uart_read  dev_uart.o
    0x0800aff4   0x0800aff4   0x00000004   PAD
    0x0800aff8   0x0800aff8   0x000000cc   Code   RO         1899    .text._dev_uart_write  dev_uart.o
    0x0800b0c4   0x0800b0c4   0x00000004   PAD
    0x0800b0c8   0x0800b0c8   0x00000010   Code   RO          132    .text._foc_port_get_mechanical_angle  bsp_foc.o
    0x0800b0d8   0x0800b0d8   0x000000b4   Code   RO          130    .text._foc_port_read_current_loop_sample  bsp_foc.o
    0x0800b18c   0x0800b18c   0x00000004   PAD
    0x0800b190   0x0800b190   0x00000002   Code   RO          136    .text._foc_port_set_output_enable  bsp_foc.o
    0x0800b192   0x0800b192   0x00000006   PAD
    0x0800b198   0x0800b198   0x0000010c   Code   RO          134    .text._foc_port_write_pwm_duty  bsp_foc.o
    0x0800b2a4   0x0800b2a4   0x00000004   PAD
    0x0800b2a8   0x0800b2a8   0x0000000e   Code   RO         2132    .text._fp_timer_core_init  soft_timer.o
    0x0800b2b6   0x0800b2b6   0x00000002   PAD
    0x0800b2b8   0x0800b2b8   0x0000001a   Code   RO         1871    .text._ioctl_clear_event  button.o
    0x0800b2d2   0x0800b2d2   0x00000006   PAD
    0x0800b2d8   0x0800b2d8   0x00000016   Code   RO         1795    .text._ioctl_disable  analog.o
    0x0800b2ee   0x0800b2ee   0x00000002   PAD
    0x0800b2f0   0x0800b2f0   0x0000001e   Code   RO         1831    .text._ioctl_disable  pwmc.o
    0x0800b30e   0x0800b30e   0x00000002   PAD
    0x0800b310   0x0800b310   0x00000016   Code   RO         1793    .text._ioctl_enable  analog.o
    0x0800b326   0x0800b326   0x00000002   PAD
    0x0800b328   0x0800b328   0x00000026   Code   RO         1829    .text._ioctl_enable  pwmc.o
    0x0800b34e   0x0800b34e   0x00000002   PAD
    0x0800b350   0x0800b350   0x00000036   Code   RO         1797    .text._ioctl_get    analog.o
    0x0800b386   0x0800b386   0x00000002   PAD
    0x0800b388   0x0800b388   0x00000026   Code   RO         1837    .text._ioctl_get_duty  pwmc.o
    0x0800b3ae   0x0800b3ae   0x00000002   PAD
    0x0800b3b0   0x0800b3b0   0x00000026   Code   RO         1841    .text._ioctl_get_duty_raw  pwmc.o
    0x0800b3d6   0x0800b3d6   0x00000002   PAD
    0x0800b3d8   0x0800b3d8   0x00000042   Code   RO         1869    .text._ioctl_get_event  button.o
    0x0800b41a   0x0800b41a   0x00000006   PAD
    0x0800b420   0x0800b420   0x00000012   Code   RO         1833    .text._ioctl_get_freq  pwmc.o
    0x0800b432   0x0800b432   0x00000006   PAD
    0x0800b438   0x0800b438   0x0000002e   Code   RO         1873    .text._ioctl_get_state  button.o
    0x0800b466   0x0800b466   0x00000002   PAD
    0x0800b468   0x0800b468   0x0000000a   Code   RO         1867    .text._ioctl_scan   button.o
    0x0800b472   0x0800b472   0x00000006   PAD
    0x0800b478   0x0800b478   0x000000b4   Code   RO         1839    .text._ioctl_set_duty  pwmc.o
    0x0800b52c   0x0800b52c   0x00000004   PAD
    0x0800b530   0x0800b530   0x00000076   Code   RO         1843    .text._ioctl_set_duty_raw  pwmc.o
    0x0800b5a6   0x0800b5a6   0x00000002   PAD
    0x0800b5a8   0x0800b5a8   0x00000016   Code   RO         1877    .text._ioctl_set_event_cb  button.o
    0x0800b5be   0x0800b5be   0x00000002   PAD
    0x0800b5c0   0x0800b5c0   0x00000084   Code   RO         1835    .text._ioctl_set_freq  pwmc.o
    0x0800b644   0x0800b644   0x00000004   PAD
    0x0800b648   0x0800b648   0x0000006a   Code   RO         1825    .text._ioctl_set_freq_duty  pwmc.o
    0x0800b6b2   0x0800b6b2   0x00000006   PAD
    0x0800b6b8   0x0800b6b8   0x00000008   Code   RO         1799    .text._ioctl_set_irq_handler  analog.o
    0x0800b6c0   0x0800b6c0   0x0000002a   Code   RO         1875    .text._ioctl_set_param  button.o
    0x0800b6ea   0x0800b6ea   0x00000006   PAD
    0x0800b6f0   0x0800b6f0   0x00000002   Code   RO         2096    .text._log_lock_handler  fplog.o
    0x0800b6f2   0x0800b6f2   0x00000006   PAD
    0x0800b6f8   0x0800b6f8   0x00000002   Code   RO         2094    .text._log_output_handler  fplog.o
    0x0800b6fa   0x0800b6fa   0x00000006   PAD
    0x0800b700   0x0800b700   0x00000002   Code   RO         2098    .text._log_unlock_handler  fplog.o
    0x0800b702   0x0800b702   0x00000006   PAD
    0x0800b708   0x0800b708   0x0000005a   Code   RO           68    .text._logic_debug_timer_cb  logic_debug.o
    0x0800b762   0x0800b762   0x00000006   PAD
    0x0800b768   0x0800b768   0x0000001a   Code   RO           85    .text._logic_foc_calibration_enter_done  logic_foc_calibration.o
    0x0800b782   0x0800b782   0x00000006   PAD
    0x0800b788   0x0800b788   0x00000022   Code   RO           83    .text._logic_foc_calibration_enter_failed  logic_foc_calibration.o
    0x0800b7aa   0x0800b7aa   0x00000006   PAD
    0x0800b7b0   0x0800b7b0   0x000000bc   Code   RO           55    .text._logic_key_on_key_event  logic_key.o
    0x0800b86c   0x0800b86c   0x00000004   PAD
    0x0800b870   0x0800b870   0x00000018   Code   RO          159    .text._motor_adc_get  bsp_adc.o
    0x0800b888   0x0800b888   0x0000012a   Code   RO          157    .text._motor_adc_init  bsp_adc.o
    0x0800b9b2   0x0800b9b2   0x00000006   PAD
    0x0800b9b8   0x0800b9b8   0x0000027a   Code   RO          179    .text._motor_pwm_init  bsp_pwm.o
    0x0800bc32   0x0800bc32   0x00000006   PAD
    0x0800bc38   0x0800bc38   0x00000022   Code   RO          181    .text._motor_pwm_update_crr  bsp_pwm.o
    0x0800bc5a   0x0800bc5a   0x00000006   PAD
    0x0800bc60   0x0800bc60   0x00000198   Code   RO         1971    .text._pmsm_foc_update_current_feedback_runtime  pmsm_foc.o
    0x0800bdf8   0x0800bdf8   0x0000005a   Code   RO         1933    .text._spi_bus_close  spi_bus.o
    0x0800be52   0x0800be52   0x00000006   PAD
    0x0800be58   0x0800be58   0x000002ac   Code   RO         1937    .text._spi_bus_device_xfer  spi_bus.o
    0x0800c104   0x0800c104   0x00000004   PAD
    0x0800c108   0x0800c108   0x0000002a   Code   RO         1935    .text._spi_bus_ioctl  spi_bus.o
    0x0800c132   0x0800c132   0x00000006   PAD
    0x0800c138   0x0800c138   0x0000006a   Code   RO         1931    .text._spi_bus_open  spi_bus.o
    0x0800c1a2   0x0800c1a2   0x00000006   PAD
    0x0800c1a8   0x0800c1a8   0x000000fc   Code   RO         2231    .text._tle5012b_sensor_read_reg16  tle5012b_sensor.o
    0x0800c2a4   0x0800c2a4   0x00000004   PAD
    0x0800c2a8   0x0800c2a8   0x00000016   Code   RO         1787    .text.analog_close  analog.o
    0x0800c2be   0x0800c2be   0x00000002   PAD
    0x0800c2c0   0x0800c2c0   0x00000052   Code   RO         1789    .text.analog_ioctl  analog.o
    0x0800c312   0x0800c312   0x00000006   PAD
    0x0800c318   0x0800c318   0x00000020   Code   RO         1791    .text.analog_irq_handler  analog.o
    0x0800c338   0x0800c338   0x00000024   Code   RO         1785    .text.analog_open   analog.o
    0x0800c35c   0x0800c35c   0x00000004   PAD
    0x0800c360   0x0800c360   0x00000040   Code   RO            2    .text.app_comm_init  app_comm.o
    0x0800c3a0   0x0800c3a0   0x00000002   Code   RO            6    .text.app_comm_process  app_comm.o
    0x0800c3a2   0x0800c3a2   0x00000006   PAD
    0x0800c3a8   0x0800c3a8   0x0000005c   Code   RO            4    .text.app_comm_send_foc_realtime  app_comm.o
    0x0800c404   0x0800c404   0x00000004   PAD
    0x0800c408   0x0800c408   0x0000000a   Code   RO           29    .text.app_foc_get_foc  app_foc.o
    0x0800c412   0x0800c412   0x00000006   PAD
    0x0800c418   0x0800c418   0x00000128   Code   RO           17    .text.app_foc_init  app_foc.o
    0x0800c540   0x0800c540   0x0000009c   Code   RO           40    .text.app_key_init  app_key.o
    0x0800c5dc   0x0800c5dc   0x00000004   PAD
    0x0800c5e0   0x0800c5e0   0x000000ae   Code   RO           42    .text.app_key_process  app_key.o
    0x0800c68e   0x0800c68e   0x00000002   PAD
    0x0800c690   0x0800c690   0x00000012   Code   RO          102    .text.app_msgbus_get_bus  app_msgbus.o
    0x0800c6a2   0x0800c6a2   0x00000006   PAD
    0x0800c6a8   0x0800c6a8   0x00000038   Code   RO          100    .text.app_msgbus_init  app_msgbus.o
    0x0800c6e0   0x0800c6e0   0x000000ec   Code   RO          292    .text.bsp_encoder_get_mechanical_angle_sample  bsp_encoder.o
    0x0800c7cc   0x0800c7cc   0x00000004   PAD
    0x0800c7d0   0x0800c7d0   0x00000050   Code   RO          288    .text.bsp_encoder_init  bsp_encoder.o
    0x0800c820   0x0800c820   0x0000013e   Code   RO          312    .text.cpu_config    cpu.o
    0x0800c95e   0x0800c95e   0x00000002   PAD
    0x0800c960   0x0800c960   0x00000040   Code   RO         1758    .text.device_close  device.o
    0x0800c9a0   0x0800c9a0   0x00000016   Code   RO         1764    .text.device_ioctl  device.o
    0x0800c9b6   0x0800c9b6   0x00000002   PAD
    0x0800c9b8   0x0800c9b8   0x0000001e   Code   RO         1766    .text.device_irq_process  device.o
    0x0800c9d6   0x0800c9d6   0x00000002   PAD
    0x0800c9d8   0x0800c9d8   0x00000092   Code   RO         1756    .text.device_open   device.o
    0x0800ca6a   0x0800ca6a   0x00000006   PAD
    0x0800ca70   0x0800ca70   0x0000001e   Code   RO         1760    .text.device_write  device.o
    0x0800ca8e   0x0800ca8e   0x00000002   PAD
    0x0800ca90   0x0800ca90   0x0000006c   Code   RO         1776    .text.driver_search_device  driver.o
    0x0800cafc   0x0800cafc   0x00000004   PAD
    0x0800cb00   0x0800cb00   0x00000038   Code   RO         1999    .text.foc_clarke    foc_transform.o
    0x0800cb38   0x0800cb38   0x00000014   Code   RO         2056    .text.foc_ctrl_cfg_is_valid  foc_profile.o
    0x0800cb4c   0x0800cb4c   0x00000004   PAD
    0x0800cb50   0x0800cb50   0x00000068   Code   RO         2005    .text.foc_inv_park  foc_transform.o
    0x0800cbb8   0x0800cbb8   0x00000068   Code   RO         2003    .text.foc_park      foc_transform.o
    0x0800cc20   0x0800cc20   0x0000002a   Code   RO         2024    .text.foc_pi_init   foc_pi.o
    0x0800cc4a   0x0800cc4a   0x00000006   PAD
    0x0800cc50   0x0800cc50   0x0000000e   Code   RO         2026    .text.foc_pi_reset  foc_pi.o
    0x0800cc5e   0x0800cc5e   0x00000002   PAD
    0x0800cc60   0x0800cc60   0x0000006c   Code   RO         2032    .text.foc_pi_run    foc_pi.o
    0x0800cccc   0x0800cccc   0x00000004   PAD
    0x0800ccd0   0x0800ccd0   0x00000016   Code   RO         2028    .text.foc_pi_set_output_limit  foc_pi.o
    0x0800cce6   0x0800cce6   0x00000002   PAD
    0x0800cce8   0x0800cce8   0x0000000a   Code   RO          120    .text.foc_port_get_ctrl_cfg  bsp_foc.o
    0x0800ccf2   0x0800ccf2   0x00000006   PAD
    0x0800ccf8   0x0800ccf8   0x0000000a   Code   RO          122    .text.foc_port_get_hal_ops  bsp_foc.o
    0x0800cd02   0x0800cd02   0x00000006   PAD
    0x0800cd08   0x0800cd08   0x0000000a   Code   RO          124    .text.foc_port_get_hal_user_data  bsp_foc.o
    0x0800cd12   0x0800cd12   0x00000006   PAD
    0x0800cd18   0x0800cd18   0x0000000a   Code   RO          114    .text.foc_port_get_motor_profile  bsp_foc.o
    0x0800cd22   0x0800cd22   0x00000006   PAD
    0x0800cd28   0x0800cd28   0x0000000c   Code   RO          116    .text.foc_port_get_power_stage_profile  bsp_foc.o
    0x0800cd34   0x0800cd34   0x00000004   PAD
    0x0800cd38   0x0800cd38   0x0000000c   Code   RO          118    .text.foc_port_get_sensor_profile  bsp_foc.o
    0x0800cd44   0x0800cd44   0x00000004   PAD
    0x0800cd48   0x0800cd48   0x000000b0   Code   RO          112    .text.foc_port_init  bsp_foc.o
    0x0800cdf8   0x0800cdf8   0x00000034   Code   RO          126    .text.foc_port_register_current_loop_irq  bsp_foc.o
    0x0800ce2c   0x0800ce2c   0x00000004   PAD
    0x0800ce30   0x0800ce30   0x00000084   Code   RO          128    .text.foc_port_update_current_zero_drift_sample  bsp_foc.o
    0x0800ceb4   0x0800ceb4   0x00000004   PAD
    0x0800ceb8   0x0800ceb8   0x000001dc   Code   RO         2015    .text.foc_svpwm_run  foc_svpwm.o
    0x0800d094   0x0800d094   0x00000004   PAD
    0x0800d098   0x0800d098   0x00000024   Code   RO         1985    .text.foc_zero_calibration_apply_alignment_vector  foc_zero_calibration.o
    0x0800d0bc   0x0800d0bc   0x00000004   PAD
    0x0800d0c0   0x0800d0c0   0x000000d4   Code   RO         1989    .text.foc_zero_calibration_calc_electrical_zero_offset  foc_zero_calibration.o
    0x0800d194   0x0800d194   0x00000004   PAD
    0x0800d198   0x0800d198   0x00000022   Code   RO         1987    .text.foc_zero_calibration_update_average  foc_zero_calibration.o
    0x0800d1ba   0x0800d1ba   0x00000006   PAD
    0x0800d1c0   0x0800d1c0   0x00000014   Code   RO         2136    .text.fp_sftm_tick_inc  soft_timer.o
    0x0800d1d4   0x0800d1d4   0x00000004   PAD
    0x0800d1d8   0x0800d1d8   0x00000070   Code   RO         2146    .text.fp_timer_create  soft_timer.o
    0x0800d248   0x0800d248   0x00000218   Code   RO         2144    .text.fp_timer_handler  soft_timer.o
    0x0800d460   0x0800d460   0x000000b6   Code   RO         1915    .text.ioctl_get_byte  dev_uart.o
    0x0800d516   0x0800d516   0x00000002   PAD
    0x0800d518   0x0800d518   0x0000006c   Code   RO         1907    .text.ioctl_get_rx_buf  dev_uart.o
    0x0800d584   0x0800d584   0x00000004   PAD
    0x0800d588   0x0800d588   0x00000054   Code   RO         1909    .text.ioctl_get_tx_buf  dev_uart.o
    0x0800d5dc   0x0800d5dc   0x00000004   PAD
    0x0800d5e0   0x0800d5e0   0x0000001c   Code   RO         1911    .text.ioctl_rx_done  dev_uart.o
    0x0800d5fc   0x0800d5fc   0x00000004   PAD
    0x0800d600   0x0800d600   0x0000006c   Code   RO         1913    .text.ioctl_tx_done  dev_uart.o
    0x0800d66c   0x0800d66c   0x00000004   PAD
    0x0800d670   0x0800d670   0x00000054   Code   RO           66    .text.logic_debug_init  logic_debug.o
    0x0800d6c4   0x0800d6c4   0x00000004   PAD
    0x0800d6c8   0x0800d6c8   0x00000022   Code   RO           79    .text.logic_foc_calibration_init  logic_foc_calibration.o
    0x0800d6ea   0x0800d6ea   0x00000006   PAD
    0x0800d6f0   0x0800d6f0   0x00000012   Code   RO           89    .text.logic_foc_calibration_is_active  logic_foc_calibration.o
    0x0800d702   0x0800d702   0x00000006   PAD
    0x0800d708   0x0800d708   0x00000124   Code   RO           81    .text.logic_foc_calibration_process  logic_foc_calibration.o
    0x0800d82c   0x0800d82c   0x00000004   PAD
    0x0800d830   0x0800d830   0x00000034   Code   RO           87    .text.logic_foc_calibration_request_start  logic_foc_calibration.o
    0x0800d864   0x0800d864   0x00000004   PAD
    0x0800d868   0x0800d868   0x000000bc   Code   RO           53    .text.logic_key_init  logic_key.o
    0x0800d924   0x0800d924   0x00000004   PAD
    0x0800d928   0x0800d928   0x0000002e   Code   RO         2174    .text.low_pass_filter_f  butter.o
    0x0800d956   0x0800d956   0x00000002   PAD
    0x0800d958   0x0800d958   0x00000072   Code   RO          303    .text.main          main.o
    0x0800d9ca   0x0800d9ca   0x00000006   PAD
    0x0800d9d0   0x0800d9d0   0x00000010   Code   RO         2050    .text.motor_profile_is_valid  foc_profile.o
    0x0800d9e0   0x0800d9e0   0x00000026   Code   RO         2184    .text.msgbus_init   message_bus.o
    0x0800da06   0x0800da06   0x00000002   PAD
    0x0800da08   0x0800da08   0x000000a0   Code   RO         2188    .text.msgbus_node_deinit  message_bus.o
    0x0800daa8   0x0800daa8   0x0000007a   Code   RO         2190    .text.msgbus_node_init  message_bus.o
    0x0800db22   0x0800db22   0x00000006   PAD
    0x0800db28   0x0800db28   0x000000a8   Code   RO         2202    .text.msgbus_service_advertise  message_bus.o
    0x0800dbd0   0x0800dbd0   0x00000042   Code   RO         2206    .text.msgbus_service_call  message_bus.o
    0x0800dc12   0x0800dc12   0x00000006   PAD
    0x0800dc18   0x0800dc18   0x0000003a   Code   RO         2204    .text.msgbus_service_find  message_bus.o
    0x0800dc52   0x0800dc52   0x00000006   PAD
    0x0800dc58   0x0800dc58   0x0000003a   Code   RO         2194    .text.msgbus_topic_find  message_bus.o
    0x0800dc92   0x0800dc92   0x00000006   PAD
    0x0800dc98   0x0800dc98   0x0000004a   Code   RO         2200    .text.msgbus_topic_publish  message_bus.o
    0x0800dce2   0x0800dce2   0x00000006   PAD
    0x0800dce8   0x0800dce8   0x0000008c   Code   RO         2196    .text.msgbus_topic_register  message_bus.o
    0x0800dd74   0x0800dd74   0x00000004   PAD
    0x0800dd78   0x0800dd78   0x000000d4   Code   RO         2198    .text.msgbus_topic_subscribe  message_bus.o
    0x0800de4c   0x0800de4c   0x00000004   PAD
    0x0800de50   0x0800de50   0x00000028   Code   RO         2116    .text.pingpong_buffer_get_read_buf  pingpong.o
    0x0800de78   0x0800de78   0x00000064   Code   RO         2120    .text.pingpong_buffer_get_write_buf  pingpong.o
    0x0800dedc   0x0800dedc   0x00000004   PAD
    0x0800dee0   0x0800dee0   0x0000000c   Code   RO         2114    .text.pingpong_buffer_init  pingpong.o
    0x0800deec   0x0800deec   0x00000004   PAD
    0x0800def0   0x0800def0   0x00000010   Code   RO         2118    .text.pingpong_buffer_set_read_done  pingpong.o
    0x0800df00   0x0800df00   0x00000014   Code   RO         2122    .text.pingpong_buffer_set_write_done  pingpong.o
    0x0800df14   0x0800df14   0x00000004   PAD
    0x0800df18   0x0800df18   0x00000066   Code   RO         1967    .text.pmsm_foc_apply_voltage_vector  pmsm_foc.o
    0x0800df7e   0x0800df7e   0x00000002   PAD
    0x0800df80   0x0800df80   0x00000012   Code   RO         1965    .text.pmsm_foc_clear_electrical_zero_offset  pmsm_foc.o
    0x0800df92   0x0800df92   0x00000006   PAD
    0x0800df98   0x0800df98   0x00000078   Code   RO         1973    .text.pmsm_foc_current_loop  pmsm_foc.o
    0x0800e010   0x0800e010   0x000000e4   Code   RO         1953    .text.pmsm_foc_init  pmsm_foc.o
    0x0800e0f4   0x0800e0f4   0x00000004   PAD
    0x0800e0f8   0x0800e0f8   0x0000000e   Code   RO         1959    .text.pmsm_foc_set_current_ref  pmsm_foc.o
    0x0800e106   0x0800e106   0x00000002   PAD
    0x0800e108   0x0800e108   0x000000a0   Code   RO         1963    .text.pmsm_foc_set_electrical_zero_offset  pmsm_foc.o
    0x0800e1a8   0x0800e1a8   0x0000000a   Code   RO         1961    .text.pmsm_foc_set_speed_ref  pmsm_foc.o
    0x0800e1b2   0x0800e1b2   0x00000006   PAD
    0x0800e1b8   0x0800e1b8   0x0000002c   Code   RO         1975    .text.pmsm_foc_speed_loop  pmsm_foc.o
    0x0800e1e4   0x0800e1e4   0x00000004   PAD
    0x0800e1e8   0x0800e1e8   0x000000c4   Code   RO         1955    .text.pmsm_foc_start  pmsm_foc.o
    0x0800e2ac   0x0800e2ac   0x00000004   PAD
    0x0800e2b0   0x0800e2b0   0x00000052   Code   RO         1957    .text.pmsm_foc_stop  pmsm_foc.o
    0x0800e302   0x0800e302   0x00000006   PAD
    0x0800e308   0x0800e308   0x00000004   Code   RO         1969    .text.pmsm_foc_update_current_feedback  pmsm_foc.o
    0x0800e30c   0x0800e30c   0x00000004   PAD
    0x0800e310   0x0800e310   0x00000010   Code   RO         2052    .text.power_stage_profile_is_valid  foc_profile.o
    0x0800e320   0x0800e320   0x00000016   Code   RO         1817    .text.pwmc_close    pwmc.o
    0x0800e336   0x0800e336   0x00000002   PAD
    0x0800e338   0x0800e338   0x00000082   Code   RO         1819    .text.pwmc_ioctl    pwmc.o
    0x0800e3ba   0x0800e3ba   0x00000006   PAD
    0x0800e3c0   0x0800e3c0   0x00000020   Code   RO         1821    .text.pwmc_irq_handler  pwmc.o
    0x0800e3e0   0x0800e3e0   0x00000770   Code   RO         1815    .text.pwmc_open     pwmc.o
    0x0800eb50   0x0800eb50   0x00000020   Code   RO         2054    .text.sensor_profile_is_valid  foc_profile.o
    0x0800eb70   0x0800eb70   0x0000000e   Code   RO          330    .text.tick_get      cpu.o
    0x0800eb7e   0x0800eb7e   0x00000002   PAD
    0x0800eb80   0x0800eb80   0x0000000e   Code   RO          332    .text.tick_get_from_isr  cpu.o
    0x0800eb8e   0x0800eb8e   0x00000002   PAD
    0x0800eb90   0x0800eb90   0x0000002a   Code   RO          328    .text.tick_inc      cpu.o
    0x0800ebba   0x0800ebba   0x00000006   PAD
    0x0800ebc0   0x0800ebc0   0x0000002e   Code   RO         2229    .text.tle5012b_sensor_init  tle5012b_sensor.o
    0x0800ebee   0x0800ebee   0x00000002   PAD
    0x0800ebf0   0x0800ebf0   0x00000068   Code   RO         2233    .text.tle5012b_sensor_read_angle  tle5012b_sensor.o
    0x0800ec58   0x0800ec58   0x0000006a   Code   RO          322    .text.udelay        cpu.o
    0x0800ecc2   0x0800ecc2   0x00000006   PAD
    0x0800ecc8   0x0800ecc8   0x00000016   Code   RO         2216    .text.vofa_init     vofa.o
    0x0800ecde   0x0800ecde   0x00000002   PAD
    0x0800ece0   0x0800ece0   0x00000046   Code   RO         2218    .text.vofa_send     vofa.o
    0x0800ed26   0x0800ed26   0x00000026   Code   RO         2450    i.__ARM_fpclassifyf  m_wv.l(fpclassifyf.o)
    0x0800ed4c   0x0800ed4c   0x00000150   Code   RO         2328    i.__hardfp_cosf     m_wv.l(cosf.o)
    0x0800ee9c   0x0800ee9c   0x00000190   Code   RO         2334    i.__hardfp_sinf     m_wv.l(sinf.o)
    0x0800f02c   0x0800f02c   0x00000010   Code   RO         2455    i.__mathlib_flt_invalid  m_wv.l(funder.o)
    0x0800f03c   0x0800f03c   0x00000010   Code   RO         2458    i.__mathlib_flt_underflow  m_wv.l(funder.o)
    0x0800f04c   0x0800f04c   0x00000154   Code   RO         2466    i.__mathlib_rredf2  m_wv.l(rredf.o)
    0x0800f1a0   0x0800f1a0   0x0000001a   Code   RO         2508    x$fpl$fpinit        fz_wv.l(fpinit.o)
    0x0800f1ba   0x0800f1ba   0x00000000   Code   RO         2449    x$fpl$usenofp       fz_wv.l(usenofp.o)
    0x0800f1ba   0x0800f1ba   0x00000028   Data   RO         2282    .constdata          c_w.l(_printf_hex_int_ll_ptr.o)
    0x0800f1e2   0x0800f1e2   0x00000002   PAD
    0x0800f1e4   0x0800f1e4   0x00000020   Data   RO         2467    .constdata          m_wv.l(rredf.o)
    0x0800f204   0x0800f204   0x00000006   Data   RO         1469    .rodata..Lswitch.table.UART_SetConfig.5  stm32h7xx_hal_uart.o
    0x0800f20a   0x0800f20a   0x00000006   Data   RO         1470    .rodata..Lswitch.table.UART_SetConfig.7  stm32h7xx_hal_uart.o
    0x0800f210   0x0800f210   0x00000010   Data   RO          386    .rodata.D1CorePrescTable  system_stm32h7xx.o
    0x0800f220   0x0800f220   0x00000018   Data   RO         1468    .rodata.UARTPrescTable  stm32h7xx_hal_uart.o
    0x0800f238   0x0800f238   0x00000100   Data   RO         2235    .rodata.s_tle5012b_crc8_table  tle5012b_sensor.o
    0x0800f338   0x0800f338   0x00000060   Data   RO         2657    Region$$Table       anon$$obj.o
    0x0800f398   0x0800f398   0x00000004   Data   RO          143    .init_array         bsp_foc.o
    0x0800f39c   0x0800f398   0x00000004   Data   RO          168    .init_array         bsp_adc.o
    0x0800f3a0   0x0800f398   0x00000004   Data   RO          190    .init_array         bsp_pwm.o
    0x0800f3a4   0x0800f398   0x00000004   Data   RO          211    .init_array         bsp_key.o
    0x0800f3a8   0x0800f398   0x00000004   Data   RO          248    .init_array         bsp_uart.o
    0x0800f3ac   0x0800f398   0x00000004   Data   RO          279    .init_array         bsp_spi.o
    0x0800f3b0   0x0800f398   0x00000004   Data   RO         1806    .init_array         analog.o
    0x0800f3b4   0x0800f398   0x00000004   Data   RO         1850    .init_array         pwmc.o
    0x0800f3b8   0x0800f398   0x00000004   Data   RO         1886    .init_array         button.o
    0x0800f3bc   0x0800f398   0x00000004   Data   RO         1922    .init_array         dev_uart.o
    0x0800f3c0   0x0800f398   0x00000004   Data   RO         1943    .init_array         spi_bus.o
    0x0800f3c4   0x0800f398   0x00000004   Data   RO         2104    .init_array         fplog.o
    0x0800f3c8   0x0800f398   0x00000000   Data   RO         2323    .init_array         c_w.l(init_aeabi.o)


    Execution Region DEV_REGION (Exec base: 0x20000000, Load base: 0x0800f3c8, Size: 0x000000f0, Max: 0x00000200, ABSOLUTE)

    Exec Addr    Load Addr    Size         Type   Attr      Idx    E Section Name        Object

    0x20000000   0x0800f3c8   0x00000030   Data   RW          165    .dev_defined        bsp_adc.o
    0x20000030   0x0800f3f8   0x00000030   Data   RW          188    .dev_defined        bsp_pwm.o
    0x20000060   0x0800f428   0x00000030   Data   RW          209    .dev_defined        bsp_key.o
    0x20000090   0x0800f458   0x00000030   Data   RW          245    .dev_defined        bsp_uart.o
    0x200000c0   0x0800f488   0x00000030   Data   RW          276    .dev_defined        bsp_spi.o


    Execution Region DRV_REGION (Exec base: 0x20000200, Load base: 0x0800f4b8, Size: 0x000000b4, Max: 0x00000200, ABSOLUTE)

    Exec Addr    Load Addr    Size         Type   Attr      Idx    E Section Name        Object

    0x20000200   0x0800f4b8   0x00000024   Data   RW         1803    .drv_defined        analog.o
    0x20000224   0x0800f4dc   0x00000024   Data   RW         1847    .drv_defined        pwmc.o
    0x20000248   0x0800f500   0x00000024   Data   RW         1883    .drv_defined        button.o
    0x2000026c   0x0800f524   0x00000024   Data   RW         1919    .drv_defined        dev_uart.o
    0x20000290   0x0800f548   0x00000024   Data   RW         1941    .drv_defined        spi_bus.o


    Execution Region RW_DTCM (Exec base: 0x20000400, Load base: 0x0800f56c, Size: 0x00000134, Max: 0x0001fc00, ABSOLUTE, COMPRESSED[0x00000004])

    Exec Addr    Load Addr    Size         Type   Attr      Idx    E Section Name        Object

    0x20000400   COMPRESSED   0x00000134   Data   RW           31    .dtcm_data          app_foc.o


    Execution Region RW_AXI_SRAM (Exec base: 0x24000000, Load base: 0x0800f578, Size: 0x00001ee8, Max: 0x00080000, ABSOLUTE)

    Exec Addr    Load Addr    Size         Type   Attr      Idx    E Section Name        Object

    0x24000000   0x0800f578   0x0000005c   Data   RW          144    .data..L_MergedGlobals  bsp_foc.o
    0x2400005c   0x0800f5d4   0x00000008   Data   RW          387    .data..L_MergedGlobals  system_stm32h7xx.o
    0x24000064   0x0800f5dc   0x00000008   Data   RW          493    .data..L_MergedGlobals  stm32h7xx_hal.o
    0x2400006c   0x0800f5e4   0x00000008   Data   RW         2162    .data._fp_timer_ll  soft_timer.o
    0x24000074   0x0800f5ec   0x00000024   Data   RW          140    .data.g_ctrl_cfg    bsp_foc.o
    0x24000098   0x0800f610   0x00000010   Data   RW          275    .data.s_bsp_spi_tle5012b_desc  bsp_spi.o
    0x240000a8   0x0800f620   0x00000058   Data   RW          244    .data.s_bsp_usart1_desc  bsp_uart.o
    0x24000100        -       0x00000060   Zero   RW         2511    .bss                c_w.l(libspace.o)
    0x24000160        -       0x00000078   Zero   RW          212    .bss..L_MergedGlobals  bsp_key.o
    0x240001d8        -       0x00000018   Zero   RW          335    .bss..L_MergedGlobals  cpu.o
    0x240001f0        -       0x00000008   Zero   RW         1944    .bss..L_MergedGlobals  spi_bus.o
    0x240001f8        -       0x00000018   Zero   RW         2075    .bss..L_MergedGlobals  heap.o
    0x24000210        -       0x00000048   Zero   RW         2105    .bss..L_MergedGlobals  fplog.o
    0x24000258        -       0x00000014   Zero   RW         2163    .bss..L_MergedGlobals  soft_timer.o
    0x2400026c        -       0x00000028   Zero   RW         2220    .bss..L_MergedGlobals  vofa.o
    0x24000294   0x0800f678   0x00000004   PAD
    0x24000298        -       0x00000008   Zero   RW            8    .bss.g_app_comm     app_comm.o
    0x240002a0        -       0x00000038   Zero   RW           44    .bss.g_app_key      app_key.o
    0x240002d8        -       0x00000020   Zero   RW          104    .bss.g_app_msgbus   app_msgbus.o
    0x240002f8        -       0x0000000c   Zero   RW          294    .bss.g_bsp_encoder_ctx  bsp_encoder.o
    0x24000304        -       0x00000008   Zero   RW          141    .bss.g_foc_port_ctx  bsp_foc.o
    0x2400030c        -       0x00000010   Zero   RW          142    .bss.g_foc_port_hal_ops  bsp_foc.o
    0x2400031c        -       0x0000000c   Zero   RW           70    .bss.g_logic_debug  logic_debug.o
    0x24000328        -       0x00000028   Zero   RW           91    .bss.g_logic_foc_calibration  logic_foc_calibration.o
    0x24000350        -       0x0000002c   Zero   RW           57    .bss.g_logic_key    logic_key.o
    0x2400037c        -       0x00000064   Zero   RW          167    .bss.hadc1          bsp_adc.o
    0x240003e0        -       0x00000078   Zero   RW          166    .bss.hdma_adc1      bsp_adc.o
    0x24000458        -       0x00001000   Zero   RW         2074    .bss.heap           heap.o
    0x24001458        -       0x0000004c   Zero   RW          189    .bss.htim1          bsp_pwm.o
    0x240014a4        -       0x00000094   Zero   RW          246    .bss.huart1         bsp_uart.o
    0x24001538        -       0x00000020   Zero   RW         1805    .bss.ioctl_cbs      analog.o
    0x24001558        -       0x00000048   Zero   RW         1849    .bss.ioctl_cbs      pwmc.o
    0x240015a0        -       0x00000030   Zero   RW         1885    .bss.ioctl_cbs      button.o
    0x240015d0        -       0x00000028   Zero   RW         1921    .bss.ioctl_cbs      dev_uart.o
    0x240015f8        -       0x00000040   Zero   RW          210    .bss.s_app_key_port_event_fifo  bsp_key.o
    0x24001638        -       0x0000002c   Zero   RW          277    .bss.s_bsp_spi_ops  bsp_spi.o
    0x24001664        -       0x0000008c   Zero   RW          278    .bss.s_bsp_spi_tle5012b_ctx  bsp_spi.o
    0x240016f0        -       0x00000014   Zero   RW          247    .bss.s_bsp_uart_ops  bsp_uart.o
    0x24001704        -       0x00000150   Zero   RW         2102    .bss.s_log_info     fplog.o
    0x24001854        -       0x00000018   Zero   RW          164    .bss.s_motor_adc_desc  bsp_adc.o
    0x2400186c        -       0x00000078   Zero   RW          187    .bss.s_motor_pwm_desc  bsp_pwm.o
    0x240018e4        -       0x00000004   Zero   RW          492    .bss.uwTick         stm32h7xx_hal.o
    0x240018e8        -       0x00000200   Zero   RW          371    HEAP                startup_stm32h743xx.o
    0x24001ae8        -       0x00000400   Zero   RW          370    STACK               startup_stm32h743xx.o


    Execution Region RW_D2_DMA (Exec base: 0x30000000, Load base: 0x0800f570, Size: 0x00000008, Max: 0x00048000, ABSOLUTE)

    Exec Addr    Load Addr    Size         Type   Attr      Idx    E Section Name        Object

    0x30000000   0x0800f570   0x00000006   Data   RW          163    .dma_buffer         bsp_adc.o


==============================================================================

Image component sizes


      Code (inc. data)   RO Data    RW Data    ZI Data      Debug   Object Name

       438          0          4         36         32       5727   analog.o
       158          8          0          0          8       1976   app_comm.o
       686         36          0        308          0       8199   app_foc.o
       330         24          0          0         56       3505   app_key.o
        74          8          0          0         32       1257   app_msgbus.o
       698          0          4         54        244      10791   bsp_adc.o
       316         24          0          0         12       3016   bsp_encoder.o
       948         32          4        128         24       8242   bsp_foc.o
       356          0          4         48        184       5192   bsp_key.o
       980          0          4         48        196      13132   bsp_pwm.o
      1342          0          4         64        184      14949   bsp_spi.o
       680          0          4        136        168      15883   bsp_uart.o
        46          0          0          0          0       1545   butter.o
      1490          0          4         36         48      10455   button.o
       494          0         37          0         24      10406   cpu.o
      1578          0          4         36         40      10718   dev_uart.o
       292          0          0          0          0       3041   device.o
       108          0          0          0          0       1723   driver.o
       186          4          0          0          0       2009   foc_pi.o
        84          0          0          0          0       2863   foc_profile.o
       476         24          0          0          0       2699   foc_svpwm.o
       264         20          0          0          0       2462   foc_transform.o
       282         12          0          0          0       5537   foc_zero_calibration.o
       306        160          4          0        408       9222   fplog.o
       606          0          0          0       4120       4129   heap.o
       174         12          0          0         12       3211   logic_debug.o
       456         10          0          0         40       6156   logic_foc_calibration.o
       376         46          0          0         44       3845   logic_key.o
       114          0          0          0          0        553   main.o
      1096          0          0          0          0      11284   message_bus.o
       188          0          0          0          0       2155   pingpong.o
      1386         20          0          0          0       9015   pmsm_foc.o
      3368          0          4         36         72      16268   pwmc.o
       682          0          0          8         20       8119   soft_timer.o
      1024          0          4         36          8       8438   spi_bus.o
        72         30        664          0       1536        900   startup_stm32h743xx.o
       256          0          0          8          4      15167   stm32h7xx_hal.o
      2854         14          0          0          0      28761   stm32h7xx_hal_adc.o
       400          0          0          0          0      30347   stm32h7xx_hal_adc_ex.o
       244          0          0          0          0      12583   stm32h7xx_hal_cortex.o
      7724         12          0          0          0      18593   stm32h7xx_hal_dma.o
       742          0          0          0          0       7123   stm32h7xx_hal_gpio.o
        76          0          0          0          0      10890   stm32h7xx_hal_pwr_ex.o
      2542         24          0          0          0      12197   stm32h7xx_hal_rcc.o
      5280        264          0          0          0      20536   stm32h7xx_hal_rcc_ex.o
      2306          0          0          0          0      24335   stm32h7xx_hal_spi.o
      1984         20          0          0          0      67139   stm32h7xx_hal_tim.o
       630          0          0          0          0      26000   stm32h7xx_hal_tim_ex.o
      8862        330         36          0          0      43882   stm32h7xx_hal_uart.o
       200          0          0          0          0      11530   stm32h7xx_hal_uart_ex.o
        48          0          0          0          0       3319   stm32h7xx_it.o
       240          0         16          8          0       6134   system_stm32h7xx.o
       402          8        256          0          0       4313   tle5012b_sensor.o
        92          0          0          0         40       1701   vofa.o

    ----------------------------------------------------------------------
     57992       1194       1156        992       7560     573172   Object Totals
         0          0         96          0          0          0   (incl. Generated)
       956         52          3          2          4          0   (incl. Padding)

    ----------------------------------------------------------------------

      Code (inc. data)   RO Data    RW Data    ZI Data      Debug   Library Member Name

        90          0          0          0          0          0   __dczerorl2.o
         8          0          0          0          0         68   __main.o
         0          0          0          0          0          0   __rtentry.o
        12          0          0          0          0          0   __rtentry2.o
         6          0          0          0          0          0   __rtentry4.o
        94          8          0          0          0          0   __scatter.o
        26          0          0          0          0          0   __scatter_copy.o
        28          0          0          0          0          0   __scatter_zi.o
        44          0          0          0          0        108   _printf_char.o
         6          0          0          0          0          0   _printf_d.o
       120         16          0          0          0         92   _printf_dec.o
       148          4         40          0          0        160   _printf_hex_int_ll_ptr.o
       178          0          0          0          0         88   _printf_intcommon.o
        78          0          0          0          0        108   _printf_pad.o
         0          0          0          0          0          0   _printf_percent.o
         4          0          0          0          0          0   _printf_percent_end.o
         6          0          0          0          0          0   _printf_s.o
        82          0          0          0          0         80   _printf_str.o
         6          0          0          0          0          0   _printf_x.o
        22          0          0          0          0        100   _rserrno.o
        18          0          0          0          0         80   exit.o
         6          0          0          0          0        152   heapauxi.o
         4          0          0          0          0        136   hrguard.o
         0          0          0          0          0          0   indicate_semi.o
        44          8          0          0          0         80   init_aeabi.o
         2          0          0          0          0          0   libinit.o
        10          0          0          0          0          0   libinit2.o
         2          0          0          0          0          0   libshutdown.o
         2          0          0          0          0          0   libshutdown2.o
         8          4          0          0         96         68   libspace.o
       240          0          0          0          0        100   lludivv7m.o
         8          4          0          0          0         68   rt_errno_addr_intlibspace.o
        78          0          0          0          0         80   rt_memclr_w.o
       138          0          0          0          0         68   rt_memcpy_v6.o
       100          0          0          0          0         80   rt_memcpy_w.o
         2          0          0          0          0          0   rtexit.o
        10          0          0          0          0          0   rtexit2.o
       124          0          0          0          0         88   strcmpv7m_pel.o
       150          0          0          0          0         80   strncmp.o
        12          4          0          0          0         68   sys_exit.o
        74          0          0          0          0         80   sys_stackheap_outer.o
         2          0          0          0          0         68   use_no_semi.o
        26          0          0          0          0        116   fpinit.o
         0          0          0          0          0          0   usenofp.o
       336         56          0          0          0        136   cosf.o
        38          0          0          0          0        116   fpclassifyf.o
        38         12          0          0          0        348   funder.o
       340         24         32          0          0        160   rredf.o
       400         56          0          0          0        212   sinf.o

    ----------------------------------------------------------------------
      3186        196         74          0         96       3188   Library Totals
        16          0          2          0          0          0   (incl. Padding)

    ----------------------------------------------------------------------

      Code (inc. data)   RO Data    RW Data    ZI Data      Debug   Library Name

      1992         48         40          0         96       2100   c_w.l
        26          0          0          0          0        116   fz_wv.l
      1152        148         32          0          0        972   m_wv.l

    ----------------------------------------------------------------------
      3186        196         74          0         96       3188   Library Totals

    ----------------------------------------------------------------------

==============================================================================


      Code (inc. data)   RO Data    RW Data    ZI Data      Debug   

     61178       1390       1230        992       7656     573816   Grand Totals
     61178       1390       1230        688       7656     573816   ELF Image Totals (compressed)
     61178       1390       1230        688          0          0   ROM Totals

==============================================================================

    Total RO  Size (Code + RO Data)                62408 (  60.95kB)
    Total RW  Size (RW Data + ZI Data)              8648 (   8.45kB)
    Total ROM Size (Code + RO Data + RW Data)      63096 (  61.62kB)

==============================================================================

