
=================================================== keil-build-viewer v1.2 ==================================================

[Search keil project] 1 item(s)
	C:\Users\w1545\Desktop\Project\foc_pmsm_demo\armfly_foc_demo\board\armfly-v7\.mdk\mdk.uvprojx

[User input] 
[Current folder] C:\Users\w1545\Desktop\Project\foc_pmsm_demo\armfly_foc_demo\board\armfly-v7\.mdk
[Keil project path] C:\Users\w1545\Desktop\Project\foc_pmsm_demo\armfly_foc_demo\board\armfly-v7\.mdk\mdk.uvprojx
[Keil project name] mdk.uvprojx
[Is keil v4] 0
[target name] mdk
[final target name] mdk

[Device] STM32H743XIHx
[Target name] 
[Output name] armfly-v7
[Output path] .\Objects\
[Listing path] .\Listings\

[mdk.uvprojx]  [mdk]  [STM32H743XIHx]
 
[memory info]
[name] IRAM [base addr] 0x20000000 [size] 0x00020000 [type] 1 [ID] 2
[name] IRAM2 [base addr] 0x24000000 [size] 0x00080000 [type] 1 [ID] 3
[name] IROM [base addr] 0x08000000 [size] 0x00200000 [type] 2 [ID] 4


[map file path] C:\Users\w1545\Desktop\Project\foc_pmsm_demo\armfly_foc_demo\board\armfly-v7\.mdk\Listings\armfly-v7.map
[Is enbale LTO] 0

[region info]
[load region] LR_IROM1
	[execution region] ER_IROM1, 0x08000000, 0x00200000, 0x0000CFD0 [type] 2 [ID] 4

	[execution region] DEV_REGION, 0x20000000, 0x00000200, 0x00000060 [type] 1 [ID] 2

	[execution region] DRV_REGION, 0x20000200, 0x00000200, 0x00000048 [type] 1 [ID] 2

	[execution region] RW_DTCM, 0x20000400, 0x0001FC00, 0x000000F4 [type] 1 [ID] 2

	[execution region] RW_AXI_SRAM, 0x24000000, 0x00080000, 0x00000940 [type] 1 [ID] 3
		[ZI block] addr: 0x24000090, size: 0x000008B0 (2224)

	[execution region] RW_D2_DMA, 0x30000000, 0x00048000, 0x00000008 [type] 3 [ID] 1


[object name max length] 24
[object path max length] 77

[object in map file]
[object name] analog.o                  [path] ..\..\..\components\fp-sdk\drivers\device\analog.c
[object name] app_foc.o                 [path] ..\..\..\app\app_foc.c
[object name] cpu.o                     [path] ..\cpu\cpu.c
[object name] device.o                  [path] ..\..\..\components\fp-sdk\drivers\core\device.c
[object name] driver.o                  [path] ..\..\..\components\fp-sdk\drivers\core\driver.c
[object name] foc_pi.o                  [path] ..\..\..\components\fp-sdk\motion\foc\control\foc_pi.c
[object name] foc_port.o                [path] ..\bsp\motor\foc_port.c
[object name] foc_profile.o             [path] ..\..\..\components\fp-sdk\motion\foc\profile\foc_profile.c
[object name] foc_svpwm.o               [path] ..\..\..\components\fp-sdk\motion\foc\math\foc_svpwm.c
[object name] foc_transform.o           [path] ..\..\..\components\fp-sdk\motion\foc\math\foc_transform.c
[object name] main.o                    [path] ..\src\main.c
[object name] motor_adc.o               [path] ..\bsp\motor\motor_adc.c
[object name] motor_pwm.o               [path] ..\bsp\motor\motor_pwm.c
[object name] pmsm_foc.o                [path] ..\..\..\components\fp-sdk\motion\foc\pmsm_foc.c
[object name] pwmc.o                    [path] ..\..\..\components\fp-sdk\drivers\device\pwmc.c
[object name] startup_stm32h743xx.o     [path] ..\cpu\arm\startup_stm32h743xx.s
[object name] stm32h7xx_hal.o           [path] ..\..\..\lib\STMicroelectronics\stm32h7xx\peripheral\stm32h7xx_hal.c
[object name] stm32h7xx_hal_adc.o       [path] ..\..\..\lib\STMicroelectronics\stm32h7xx\peripheral\stm32h7xx_hal_adc.c
[object name] stm32h7xx_hal_adc_ex.o    [path] ..\..\..\lib\STMicroelectronics\stm32h7xx\peripheral\stm32h7xx_hal_adc_ex.c
[object name] stm32h7xx_hal_cortex.o    [path] ..\..\..\lib\STMicroelectronics\stm32h7xx\peripheral\stm32h7xx_hal_cortex.c
[object name] stm32h7xx_hal_dma.o       [path] ..\..\..\lib\STMicroelectronics\stm32h7xx\peripheral\stm32h7xx_hal_dma.c
[object name] stm32h7xx_hal_gpio.o      [path] ..\..\..\lib\STMicroelectronics\stm32h7xx\peripheral\stm32h7xx_hal_gpio.c
[object name] stm32h7xx_hal_pwr_ex.o    [path] ..\..\..\lib\STMicroelectronics\stm32h7xx\peripheral\stm32h7xx_hal_pwr_ex.c
[object name] stm32h7xx_hal_rcc.o       [path] ..\..\..\lib\STMicroelectronics\stm32h7xx\peripheral\stm32h7xx_hal_rcc.c
[object name] stm32h7xx_hal_rcc_ex.o    [path] ..\..\..\lib\STMicroelectronics\stm32h7xx\peripheral\stm32h7xx_hal_rcc_ex.c
[object name] stm32h7xx_hal_tim.o       [path] ..\..\..\lib\STMicroelectronics\stm32h7xx\peripheral\stm32h7xx_hal_tim.c
[object name] stm32h7xx_hal_tim_ex.o    [path] ..\..\..\lib\STMicroelectronics\stm32h7xx\peripheral\stm32h7xx_hal_tim_ex.c
[object name] stm32h7xx_it.o            [path] ..\cpu\stm32h7xx_it.c
[object name] system_stm32h7xx.o        [path] ..\..\..\lib\STMicroelectronics\stm32h7xx\arch\system_stm32h7xx.c

[file path in keil project]
[old name] main.o                    [type] 1   [path] ..\src\main.c
[old name] cpu.o                     [type] 1   [path] ..\cpu\cpu.c
[old name] stm32h7xx_it.o            [type] 1   [path] ..\cpu\stm32h7xx_it.c
[old name] startup_stm32h743xx.o     [type] 1   [path] ..\cpu\arm\startup_stm32h743xx.s
[old name] system_stm32h7xx.o        [type] 1   [path] ..\..\..\lib\STMicroelectronics\stm32h7xx\arch\system_stm32h7xx.c
[old name] stm32h7xx_hal.o           [type] 1   [path] ..\..\..\lib\STMicroelectronics\stm32h7xx\peripheral\stm32h7xx_hal.c
[old name] stm32h7xx_hal_cortex.o    [type] 1   [path] ..\..\..\lib\STMicroelectronics\stm32h7xx\peripheral\stm32h7xx_hal_cortex.c
[old name] stm32h7xx_hal_dma.o       [type] 1   [path] ..\..\..\lib\STMicroelectronics\stm32h7xx\peripheral\stm32h7xx_hal_dma.c
[old name] stm32h7xx_hal_dma_ex.o    [type] 1   [path] ..\..\..\lib\STMicroelectronics\stm32h7xx\peripheral\stm32h7xx_hal_dma_ex.c
[old name] stm32h7xx_hal_exti.o      [type] 1   [path] ..\..\..\lib\STMicroelectronics\stm32h7xx\peripheral\stm32h7xx_hal_exti.c
[old name] stm32h7xx_hal_flash.o     [type] 1   [path] ..\..\..\lib\STMicroelectronics\stm32h7xx\peripheral\stm32h7xx_hal_flash.c
[old name] stm32h7xx_hal_flash_ex.o  [type] 1   [path] ..\..\..\lib\STMicroelectronics\stm32h7xx\peripheral\stm32h7xx_hal_flash_ex.c
[old name] stm32h7xx_hal_gpio.o      [type] 1   [path] ..\..\..\lib\STMicroelectronics\stm32h7xx\peripheral\stm32h7xx_hal_gpio.c
[old name] stm32h7xx_hal_mdma.o      [type] 1   [path] ..\..\..\lib\STMicroelectronics\stm32h7xx\peripheral\stm32h7xx_hal_mdma.c
[old name] stm32h7xx_hal_pwr.o       [type] 1   [path] ..\..\..\lib\STMicroelectronics\stm32h7xx\peripheral\stm32h7xx_hal_pwr.c
[old name] stm32h7xx_hal_pwr_ex.o    [type] 1   [path] ..\..\..\lib\STMicroelectronics\stm32h7xx\peripheral\stm32h7xx_hal_pwr_ex.c
[old name] stm32h7xx_hal_rcc.o       [type] 1   [path] ..\..\..\lib\STMicroelectronics\stm32h7xx\peripheral\stm32h7xx_hal_rcc.c
[old name] stm32h7xx_hal_rcc_ex.o    [type] 1   [path] ..\..\..\lib\STMicroelectronics\stm32h7xx\peripheral\stm32h7xx_hal_rcc_ex.c
[old name] stm32h7xx_hal_tim.o       [type] 1   [path] ..\..\..\lib\STMicroelectronics\stm32h7xx\peripheral\stm32h7xx_hal_tim.c
[old name] stm32h7xx_hal_tim_ex.o    [type] 1   [path] ..\..\..\lib\STMicroelectronics\stm32h7xx\peripheral\stm32h7xx_hal_tim_ex.c
[old name] stm32h7xx_hal_uart.o      [type] 1   [path] ..\..\..\lib\STMicroelectronics\stm32h7xx\peripheral\stm32h7xx_hal_uart.c
[old name] stm32h7xx_hal_uart_ex.o   [type] 1   [path] ..\..\..\lib\STMicroelectronics\stm32h7xx\peripheral\stm32h7xx_hal_uart_ex.c
[old name] stm32h7xx_hal_adc.o       [type] 1   [path] ..\..\..\lib\STMicroelectronics\stm32h7xx\peripheral\stm32h7xx_hal_adc.c
[old name] stm32h7xx_hal_adc_ex.o    [type] 1   [path] ..\..\..\lib\STMicroelectronics\stm32h7xx\peripheral\stm32h7xx_hal_adc_ex.c
[old name] foc_port.o                [type] 1   [path] ..\bsp\motor\foc_port.c
[old name] motor_adc.o               [type] 1   [path] ..\bsp\motor\motor_adc.c
[old name] motor_pwm.o               [type] 1   [path] ..\bsp\motor\motor_pwm.c
[old name] app_foc.o                 [type] 1   [path] ..\..\..\app\app_foc.c
[old name] device.o                  [type] 1   [path] ..\..\..\components\fp-sdk\drivers\core\device.c
[old name] driver.o                  [type] 1   [path] ..\..\..\components\fp-sdk\drivers\core\driver.c
[old name] analog.o                  [type] 1   [path] ..\..\..\components\fp-sdk\drivers\device\analog.c
[old name] pwmc.o                    [type] 1   [path] ..\..\..\components\fp-sdk\drivers\device\pwmc.c
[old name] pmsm_foc.o                [type] 1   [path] ..\..\..\components\fp-sdk\motion\foc\pmsm_foc.c
[old name] foc_transform.o           [type] 1   [path] ..\..\..\components\fp-sdk\motion\foc\math\foc_transform.c
[old name] foc_svpwm.o               [type] 1   [path] ..\..\..\components\fp-sdk\motion\foc\math\foc_svpwm.c
[old name] foc_pi.o                  [type] 1   [path] ..\..\..\components\fp-sdk\motion\foc\control\foc_pi.c
[old name] foc_profile.o             [type] 1   [path] ..\..\..\components\fp-sdk\motion\foc\profile\foc_profile.c

[record region info]
[load region] LR_IROM1
	[execution region] ER_IROM1, 0x08000000, 0x00200000, 0x0000CFD0 [type] 2 [ID] 4
	[execution region] DEV_REGION, 0x20000000, 0x00000200, 0x00000060 [type] 1 [ID] 2
	[execution region] DRV_REGION, 0x20000200, 0x00000200, 0x00000048 [type] 1 [ID] 2
	[execution region] RW_DTCM, 0x20000400, 0x0001FC00, 0x000000F4 [type] 1 [ID] 2
	[execution region] RW_AXI_SRAM, 0x24000000, 0x00080000, 0x00000940 [type] 1 [ID] 3
	[execution region] RW_D2_DMA, 0x30000000, 0x00048000, 0x00000008 [type] 3 [ID] 1
-----------------------------------------------------------------------------------------------------------------------------------------
                                      FILE(s)                                     |         RAM (byte)       |       FLASH (byte)       |
-----------------------------------------------------------------------------------------------------------------------------------------
..\..\..\components\fp-sdk\drivers\device\analog.c():                             |          68              |         798              |
..\..\..\app\app_foc.c():                                                         |         244              |         676              |
..\cpu\cpu.c():                                                                   |          24              |         619              |
..\..\..\components\fp-sdk\drivers\core\device.c():                               |           0              |         434              |
..\..\..\components\fp-sdk\drivers\core\driver.c():                               |           0              |         132              |
..\..\..\components\fp-sdk\motion\foc\control\foc_pi.c():                         |           0              |         382              |
..\bsp\motor\foc_port.c():                                                        |         144              |         516              |
..\..\..\components\fp-sdk\motion\foc\profile\foc_profile.c():                    |           0              |         290              |
..\..\..\components\fp-sdk\motion\foc\math\foc_svpwm.c():                         |           0              |         622              |
..\..\..\components\fp-sdk\motion\foc\math\foc_transform.c():                     |           0              |         416              |
..\src\main.c():                                                                  |           0              |          40              |
..\bsp\motor\motor_adc.c():                                                       |         298              |         900              |
..\bsp\motor\motor_pwm.c():                                                       |         244              |        1246              |
..\..\..\components\fp-sdk\motion\foc\pmsm_foc.c():                               |           0              |         730              |
..\..\..\components\fp-sdk\drivers\device\pwmc.c():                               |         108              |        2168              |
..\cpu\arm\startup_stm32h743xx.s():                                               |        1536              |         736              |
..\..\..\lib\STMicroelectronics\stm32h7xx\peripheral\stm32h7xx_hal.c():           |           9              |         347              |
..\..\..\lib\STMicroelectronics\stm32h7xx\peripheral\stm32h7xx_hal_adc.c():       |           0              |        5708              |
..\..\..\lib\STMicroelectronics\stm32h7xx\peripheral\stm32h7xx_hal_adc_ex.c():    |           0              |         982              |
..\..\..\lib\STMicroelectronics\stm32h7xx\peripheral\stm32h7xx_hal_cortex.c():    |           0              |         478              |
..\..\..\lib\STMicroelectronics\stm32h7xx\peripheral\stm32h7xx_hal_dma.c():       |           0              |       11422              |
..\..\..\lib\STMicroelectronics\stm32h7xx\peripheral\stm32h7xx_hal_gpio.c():      |           0              |        1048              |
..\..\..\lib\STMicroelectronics\stm32h7xx\peripheral\stm32h7xx_hal_pwr_ex.c():    |           0              |         162              |
..\..\..\lib\STMicroelectronics\stm32h7xx\peripheral\stm32h7xx_hal_rcc.c():       |           0              |        4974              |
..\..\..\lib\STMicroelectronics\stm32h7xx\peripheral\stm32h7xx_hal_rcc_ex.c():    |           0              |       10350              |
..\..\..\lib\STMicroelectronics\stm32h7xx\peripheral\stm32h7xx_hal_tim.c():       |           0              |        3410              |
..\..\..\lib\STMicroelectronics\stm32h7xx\peripheral\stm32h7xx_hal_tim_ex.c():    |           0              |        1088              |
..\cpu\stm32h7xx_it.c():                                                          |           0              |          52              |
..\..\..\lib\STMicroelectronics\stm32h7xx\arch\system_stm32h7xx.c():              |           8              |         422              |
-----------------------------------------------------------------------------------------------------------------------------------------
LR_IROM1
        SRAM 1               [0x20000000 | 0x00020000 (131072)]
                DEV_REGION   [0x20000000]|¡ö¡ö¡ö¡ö¡ö¡ö¡ö¡ö¡ö_________________________________________| (       96 /      512 )  18.8%  
                DRV_REGION   [0x20000200]|¡ö¡ö¡ö¡ö¡ö¡ö¡ö___________________________________________| (       72 /      512 )  14.1%  
                RW_DTCM      [0x20000400]|¡ö__________________________________________________| (      244 / 127.0 KB )   0.2%  
 
        SRAM 2               [0x24000000 | 0x00080000 (524288)]
                [zi start] 1   [zi end] 0
                RW_AXI_SRAM  [0x24000000]|¡ö__________________________________________________| (   2.3 KB / 512.0 KB )   0.5%  
 
        FLASH 1              [0x08000000 | 0x00200000 (2097152)]
                ER_IROM1     [0x08000000]|¡ö_________________________________________________| (  52.0 KB /  2.00 MB )   2.5%  
 
        UNKNOWN
                RW_D2_DMA    [0x30000000]|¡ö__________________________________________________| (        8 / 288.0 KB )   0.0%  
 
[htm file path] C:\Users\w1545\Desktop\Project\foc_pmsm_demo\armfly_foc_demo\board\armfly-v7\.mdk\Objects\armfly-v7.htm
Maximum Stack Usage =        512 bytes + Unknown(Functions without stacksize, Cycles, Untraceable Function Pointers)
 
=============================================================================================================================

run time: 0.214 s
